<?xml version="1.0" encoding="ISO-8859-1" ?>
<link_info>
   <banner>TI ARM Clang Linker PC v4.0.2.LTS</banner>
   <copyright>Copyright (c) 1996-2018 Texas Instruments Incorporated</copyright>
   <command_line>C:\ti\ccs2010\ccs\tools\compiler\ti-cgt-armllvm_4.0.2.LTS\bin\tiarmlnk -IC:\ti\ccs2010\ccs\tools\compiler\ti-cgt-armllvm_4.0.2.LTS\lib -o LCD.out -mLCD.map -iC:/ti/mspm0_sdk_2_04_00_06/source -iC:/Users/liyue/workspace_ccstheia/LCD -iC:/Users/liyue/workspace_ccstheia/LCD/Debug/syscfg -iC:/ti/ccs2010/ccs/tools/compiler/ti-cgt-armllvm_4.0.2.LTS/lib --diag_wrap=off --display_error_number --warn_sections --xml_link_info=LCD_linkInfo.xml --rom_model ./empty.o ./ti_msp_dl_config.o ./startup_mspm0g350x_ticlang.o ./BSP/LCD/lcd.o ./BSP/LCD/lcd_init.o ./BSP/MPU6050/mpu6050.o ./Board/board.o -l./device_linker.cmd -ldevice.cmd.genlibs -llibc.a --start-group -llibc++.a -llibc++abi.a -llibc.a -llibsys.a -llibsysbm.a -llibclang_rt.builtins.a -llibclang_rt.profile.a --end-group --cg_opt_level=2</command_line>
   <link_time>0x6880ef9a</link_time>
   <link_errors>0x0</link_errors>
   <output_file>C:\Users\liyue\workspace_ccstheia\LCD\Debug\LCD.out</output_file>
   <entry_point>
      <name>_c_int00_noargs</name>
      <address>0x3619</address>
   </entry_point>
   <input_file_list>
      <input_file id="fl-1">
         <path>C:\Users\liyue\workspace_ccstheia\LCD\Debug\.\</path>
         <kind>object</kind>
         <file>empty.o</file>
         <name>empty.o</name>
      </input_file>
      <input_file id="fl-2">
         <path>C:\Users\liyue\workspace_ccstheia\LCD\Debug\.\</path>
         <kind>object</kind>
         <file>ti_msp_dl_config.o</file>
         <name>ti_msp_dl_config.o</name>
      </input_file>
      <input_file id="fl-3">
         <path>C:\Users\liyue\workspace_ccstheia\LCD\Debug\.\</path>
         <kind>object</kind>
         <file>startup_mspm0g350x_ticlang.o</file>
         <name>startup_mspm0g350x_ticlang.o</name>
      </input_file>
      <input_file id="fl-4">
         <path>C:\Users\liyue\workspace_ccstheia\LCD\Debug\.\BSP\LCD\</path>
         <kind>object</kind>
         <file>lcd.o</file>
         <name>lcd.o</name>
      </input_file>
      <input_file id="fl-5">
         <path>C:\Users\liyue\workspace_ccstheia\LCD\Debug\.\BSP\LCD\</path>
         <kind>object</kind>
         <file>lcd_init.o</file>
         <name>lcd_init.o</name>
      </input_file>
      <input_file id="fl-6">
         <path>C:\Users\liyue\workspace_ccstheia\LCD\Debug\.\BSP\MPU6050\</path>
         <kind>object</kind>
         <file>mpu6050.o</file>
         <name>mpu6050.o</name>
      </input_file>
      <input_file id="fl-7">
         <path>C:\Users\liyue\workspace_ccstheia\LCD\Debug\.\Board\</path>
         <kind>object</kind>
         <file>board.o</file>
         <name>board.o</name>
      </input_file>
      <input_file id="fl-14">
         <path>C:\Users\liyue\workspace_ccstheia\LCD\Debug\</path>
         <kind>object</kind>
         <file>&lt;internal&gt;</file>
         <name>&lt;internal&gt;</name>
      </input_file>
      <input_file id="fl-15">
         <path>C:\ti\mspm0_sdk_2_04_00_06\source\ti\driverlib\lib\ticlang\m0p\mspm0g1x0x_g3x0x\</path>
         <kind>archive</kind>
         <file>driverlib.a</file>
         <name>dl_common.o</name>
      </input_file>
      <input_file id="fl-16">
         <path>C:\ti\mspm0_sdk_2_04_00_06\source\ti\driverlib\lib\ticlang\m0p\mspm0g1x0x_g3x0x\</path>
         <kind>archive</kind>
         <file>driverlib.a</file>
         <name>dl_i2c.o</name>
      </input_file>
      <input_file id="fl-17">
         <path>C:\ti\mspm0_sdk_2_04_00_06\source\ti\driverlib\lib\ticlang\m0p\mspm0g1x0x_g3x0x\</path>
         <kind>archive</kind>
         <file>driverlib.a</file>
         <name>dl_spi.o</name>
      </input_file>
      <input_file id="fl-18">
         <path>C:\ti\mspm0_sdk_2_04_00_06\source\ti\driverlib\lib\ticlang\m0p\mspm0g1x0x_g3x0x\</path>
         <kind>archive</kind>
         <file>driverlib.a</file>
         <name>dl_timer.o</name>
      </input_file>
      <input_file id="fl-19">
         <path>C:\ti\mspm0_sdk_2_04_00_06\source\ti\driverlib\lib\ticlang\m0p\mspm0g1x0x_g3x0x\</path>
         <kind>archive</kind>
         <file>driverlib.a</file>
         <name>dl_uart.o</name>
      </input_file>
      <input_file id="fl-1a">
         <path>C:\ti\mspm0_sdk_2_04_00_06\source\ti\driverlib\lib\ticlang\m0p\mspm0g1x0x_g3x0x\</path>
         <kind>archive</kind>
         <file>driverlib.a</file>
         <name>dl_sysctl_mspm0g1x0x_g3x0x.o</name>
      </input_file>
      <input_file id="fl-31">
         <path>C:\ti\ccs2010\ccs\tools\compiler\ti-cgt-armllvm_4.0.2.LTS\lib\armv6m-ti-none-eabi\c\</path>
         <kind>archive</kind>
         <file>libc.a</file>
         <name>s_atan.c.obj</name>
      </input_file>
      <input_file id="fl-32">
         <path>C:\ti\ccs2010\ccs\tools\compiler\ti-cgt-armllvm_4.0.2.LTS\lib\armv6m-ti-none-eabi\c\</path>
         <kind>archive</kind>
         <file>libc.a</file>
         <name>sprintf.c.obj</name>
      </input_file>
      <input_file id="fl-33">
         <path>C:\ti\ccs2010\ccs\tools\compiler\ti-cgt-armllvm_4.0.2.LTS\lib\armv6m-ti-none-eabi\c\</path>
         <kind>archive</kind>
         <file>libc.a</file>
         <name>vsnprintf.c.obj</name>
      </input_file>
      <input_file id="fl-34">
         <path>C:\ti\ccs2010\ccs\tools\compiler\ti-cgt-armllvm_4.0.2.LTS\lib\armv6m-ti-none-eabi\c\</path>
         <kind>archive</kind>
         <file>libc.a</file>
         <name>e_sqrtf.c.obj</name>
      </input_file>
      <input_file id="fl-35">
         <path>C:\ti\ccs2010\ccs\tools\compiler\ti-cgt-armllvm_4.0.2.LTS\lib\armv6m-ti-none-eabi\c\</path>
         <kind>archive</kind>
         <file>libc.a</file>
         <name>aeabi_portable.c.obj</name>
      </input_file>
      <input_file id="fl-36">
         <path>C:\ti\ccs2010\ccs\tools\compiler\ti-cgt-armllvm_4.0.2.LTS\lib\armv6m-ti-none-eabi\c\</path>
         <kind>archive</kind>
         <file>libc.a</file>
         <name>assert.c.obj</name>
      </input_file>
      <input_file id="fl-37">
         <path>C:\ti\ccs2010\ccs\tools\compiler\ti-cgt-armllvm_4.0.2.LTS\lib\armv6m-ti-none-eabi\c\</path>
         <kind>archive</kind>
         <file>libc.a</file>
         <name>defs.c.obj</name>
      </input_file>
      <input_file id="fl-38">
         <path>C:\ti\ccs2010\ccs\tools\compiler\ti-cgt-armllvm_4.0.2.LTS\lib\armv6m-ti-none-eabi\c\</path>
         <kind>archive</kind>
         <file>libc.a</file>
         <name>memory.c.obj</name>
      </input_file>
      <input_file id="fl-39">
         <path>C:\ti\ccs2010\ccs\tools\compiler\ti-cgt-armllvm_4.0.2.LTS\lib\armv6m-ti-none-eabi\c\</path>
         <kind>archive</kind>
         <file>libc.a</file>
         <name>boot_cortex_m.c.obj</name>
      </input_file>
      <input_file id="fl-3a">
         <path>C:\ti\ccs2010\ccs\tools\compiler\ti-cgt-armllvm_4.0.2.LTS\lib\armv6m-ti-none-eabi\c\</path>
         <kind>archive</kind>
         <file>libc.a</file>
         <name>mathacl_init.c.obj</name>
      </input_file>
      <input_file id="fl-3b">
         <path>C:\ti\ccs2010\ccs\tools\compiler\ti-cgt-armllvm_4.0.2.LTS\lib\armv6m-ti-none-eabi\c\</path>
         <kind>archive</kind>
         <file>libc.a</file>
         <name>autoinit.c.obj</name>
      </input_file>
      <input_file id="fl-3c">
         <path>C:\ti\ccs2010\ccs\tools\compiler\ti-cgt-armllvm_4.0.2.LTS\lib\armv6m-ti-none-eabi\c\</path>
         <kind>archive</kind>
         <file>libc.a</file>
         <name>pre_init.c.obj</name>
      </input_file>
      <input_file id="fl-3d">
         <path>C:\ti\ccs2010\ccs\tools\compiler\ti-cgt-armllvm_4.0.2.LTS\lib\armv6m-ti-none-eabi\c\</path>
         <kind>archive</kind>
         <file>libc.a</file>
         <name>cpy_tbl.c.obj</name>
      </input_file>
      <input_file id="fl-3e">
         <path>C:\ti\ccs2010\ccs\tools\compiler\ti-cgt-armllvm_4.0.2.LTS\lib\armv6m-ti-none-eabi\c\</path>
         <kind>archive</kind>
         <file>libc.a</file>
         <name>copy_zero_init.c.obj</name>
      </input_file>
      <input_file id="fl-3f">
         <path>C:\ti\ccs2010\ccs\tools\compiler\ti-cgt-armllvm_4.0.2.LTS\lib\armv6m-ti-none-eabi\c\</path>
         <kind>archive</kind>
         <file>libc.a</file>
         <name>copy_decompress_none.c.obj</name>
      </input_file>
      <input_file id="fl-40">
         <path>C:\ti\ccs2010\ccs\tools\compiler\ti-cgt-armllvm_4.0.2.LTS\lib\armv6m-ti-none-eabi\c\</path>
         <kind>archive</kind>
         <file>libc.a</file>
         <name>copy_decompress_lzss.c.obj</name>
      </input_file>
      <input_file id="fl-41">
         <path>C:\ti\ccs2010\ccs\tools\compiler\ti-cgt-armllvm_4.0.2.LTS\lib\armv6m-ti-none-eabi\c\</path>
         <kind>archive</kind>
         <file>libc.a</file>
         <name>_printfi.c.obj</name>
      </input_file>
      <input_file id="fl-42">
         <path>C:\ti\ccs2010\ccs\tools\compiler\ti-cgt-armllvm_4.0.2.LTS\lib\armv6m-ti-none-eabi\c\</path>
         <kind>archive</kind>
         <file>libc.a</file>
         <name>fflush.c.obj</name>
      </input_file>
      <input_file id="fl-43">
         <path>C:\ti\ccs2010\ccs\tools\compiler\ti-cgt-armllvm_4.0.2.LTS\lib\armv6m-ti-none-eabi\c\</path>
         <kind>archive</kind>
         <file>libc.a</file>
         <name>fputs.c.obj</name>
      </input_file>
      <input_file id="fl-44">
         <path>C:\ti\ccs2010\ccs\tools\compiler\ti-cgt-armllvm_4.0.2.LTS\lib\armv6m-ti-none-eabi\c\</path>
         <kind>archive</kind>
         <file>libc.a</file>
         <name>_io_perm.c.obj</name>
      </input_file>
      <input_file id="fl-45">
         <path>C:\ti\ccs2010\ccs\tools\compiler\ti-cgt-armllvm_4.0.2.LTS\lib\armv6m-ti-none-eabi\c\</path>
         <kind>archive</kind>
         <file>libc.a</file>
         <name>setvbuf.c.obj</name>
      </input_file>
      <input_file id="fl-46">
         <path>C:\ti\ccs2010\ccs\tools\compiler\ti-cgt-armllvm_4.0.2.LTS\lib\armv6m-ti-none-eabi\c\</path>
         <kind>archive</kind>
         <file>libc.a</file>
         <name>exit.c.obj</name>
      </input_file>
      <input_file id="fl-47">
         <path>C:\ti\ccs2010\ccs\tools\compiler\ti-cgt-armllvm_4.0.2.LTS\lib\armv6m-ti-none-eabi\c\</path>
         <kind>archive</kind>
         <file>libc.a</file>
         <name>_lock.c.obj</name>
      </input_file>
      <input_file id="fl-48">
         <path>C:\ti\ccs2010\ccs\tools\compiler\ti-cgt-armllvm_4.0.2.LTS\lib\armv6m-ti-none-eabi\c\</path>
         <kind>archive</kind>
         <file>libc.a</file>
         <name>_ltoa.c.obj</name>
      </input_file>
      <input_file id="fl-49">
         <path>C:\ti\ccs2010\ccs\tools\compiler\ti-cgt-armllvm_4.0.2.LTS\lib\armv6m-ti-none-eabi\c\</path>
         <kind>archive</kind>
         <file>libc.a</file>
         <name>args_main.c.obj</name>
      </input_file>
      <input_file id="fl-4a">
         <path>C:\ti\ccs2010\ccs\tools\compiler\ti-cgt-armllvm_4.0.2.LTS\lib\armv6m-ti-none-eabi\c\</path>
         <kind>archive</kind>
         <file>libc.a</file>
         <name>atoi.c.obj</name>
      </input_file>
      <input_file id="fl-4b">
         <path>C:\ti\ccs2010\ccs\tools\compiler\ti-cgt-armllvm_4.0.2.LTS\lib\armv6m-ti-none-eabi\c\</path>
         <kind>archive</kind>
         <file>libc.a</file>
         <name>memccpy.c.obj</name>
      </input_file>
      <input_file id="fl-4c">
         <path>C:\ti\ccs2010\ccs\tools\compiler\ti-cgt-armllvm_4.0.2.LTS\lib\armv6m-ti-none-eabi\c\</path>
         <kind>archive</kind>
         <file>libc.a</file>
         <name>s_frexp.c.obj</name>
      </input_file>
      <input_file id="fl-4d">
         <path>C:\ti\ccs2010\ccs\tools\compiler\ti-cgt-armllvm_4.0.2.LTS\lib\armv6m-ti-none-eabi\c\</path>
         <kind>archive</kind>
         <file>libc.a</file>
         <name>s_scalbn.c.obj</name>
      </input_file>
      <input_file id="fl-4e">
         <path>C:\ti\ccs2010\ccs\tools\compiler\ti-cgt-armllvm_4.0.2.LTS\lib\armv6m-ti-none-eabi\c\</path>
         <kind>archive</kind>
         <file>libc.a</file>
         <name>wcslen.c.obj</name>
      </input_file>
      <input_file id="fl-4f">
         <path>C:\ti\ccs2010\ccs\tools\compiler\ti-cgt-armllvm_4.0.2.LTS\lib\armv6m-ti-none-eabi\c\</path>
         <kind>archive</kind>
         <file>libc.a</file>
         <name>fopen.c.obj</name>
      </input_file>
      <input_file id="fl-50">
         <path>C:\ti\ccs2010\ccs\tools\compiler\ti-cgt-armllvm_4.0.2.LTS\lib\armv6m-ti-none-eabi\c\</path>
         <kind>archive</kind>
         <file>libc.a</file>
         <name>fseek.c.obj</name>
      </input_file>
      <input_file id="fl-51">
         <path>C:\ti\ccs2010\ccs\tools\compiler\ti-cgt-armllvm_4.0.2.LTS\lib\armv6m-ti-none-eabi\c\</path>
         <kind>archive</kind>
         <file>libc.a</file>
         <name>aeabi_ctype.S.obj</name>
      </input_file>
      <input_file id="fl-52">
         <path>C:\ti\ccs2010\ccs\tools\compiler\ti-cgt-armllvm_4.0.2.LTS\lib\armv6m-ti-none-eabi\c\</path>
         <kind>archive</kind>
         <file>libc.a</file>
         <name>fclose.c.obj</name>
      </input_file>
      <input_file id="fl-f2">
         <path>C:\ti\ccs2010\ccs\tools\compiler\ti-cgt-armllvm_4.0.2.LTS\lib\armv6m-ti-none-eabi\c\</path>
         <kind>archive</kind>
         <file>libsysbm.a</file>
         <name>hostexit.c.obj</name>
      </input_file>
      <input_file id="fl-f3">
         <path>C:\ti\ccs2010\ccs\tools\compiler\ti-cgt-armllvm_4.0.2.LTS\lib\armv6m-ti-none-eabi\c\</path>
         <kind>archive</kind>
         <file>libsysbm.a</file>
         <name>write.c.obj</name>
      </input_file>
      <input_file id="fl-f4">
         <path>C:\ti\ccs2010\ccs\tools\compiler\ti-cgt-armllvm_4.0.2.LTS\lib\armv6m-ti-none-eabi\c\</path>
         <kind>archive</kind>
         <file>libsysbm.a</file>
         <name>host_device.c.obj</name>
      </input_file>
      <input_file id="fl-f5">
         <path>C:\ti\ccs2010\ccs\tools\compiler\ti-cgt-armllvm_4.0.2.LTS\lib\armv6m-ti-none-eabi\c\</path>
         <kind>archive</kind>
         <file>libsysbm.a</file>
         <name>remove.c.obj</name>
      </input_file>
      <input_file id="fl-f6">
         <path>C:\ti\ccs2010\ccs\tools\compiler\ti-cgt-armllvm_4.0.2.LTS\lib\armv6m-ti-none-eabi\c\</path>
         <kind>archive</kind>
         <file>libsysbm.a</file>
         <name>open.c.obj</name>
      </input_file>
      <input_file id="fl-f7">
         <path>C:\ti\ccs2010\ccs\tools\compiler\ti-cgt-armllvm_4.0.2.LTS\lib\armv6m-ti-none-eabi\c\</path>
         <kind>archive</kind>
         <file>libsysbm.a</file>
         <name>lseek.c.obj</name>
      </input_file>
      <input_file id="fl-f8">
         <path>C:\ti\ccs2010\ccs\tools\compiler\ti-cgt-armllvm_4.0.2.LTS\lib\armv6m-ti-none-eabi\c\</path>
         <kind>archive</kind>
         <file>libsysbm.a</file>
         <name>close.c.obj</name>
      </input_file>
      <input_file id="fl-f9">
         <path>C:\ti\ccs2010\ccs\tools\compiler\ti-cgt-armllvm_4.0.2.LTS\lib\armv6m-ti-none-eabi\c\</path>
         <kind>archive</kind>
         <file>libsysbm.a</file>
         <name>unlink.c.obj</name>
      </input_file>
      <input_file id="fl-fa">
         <path>C:\ti\ccs2010\ccs\tools\compiler\ti-cgt-armllvm_4.0.2.LTS\lib\armv6m-ti-none-eabi\c\</path>
         <kind>archive</kind>
         <file>libsysbm.a</file>
         <name>hostclose.c.obj</name>
      </input_file>
      <input_file id="fl-fb">
         <path>C:\ti\ccs2010\ccs\tools\compiler\ti-cgt-armllvm_4.0.2.LTS\lib\armv6m-ti-none-eabi\c\</path>
         <kind>archive</kind>
         <file>libsysbm.a</file>
         <name>hostlseek.c.obj</name>
      </input_file>
      <input_file id="fl-fc">
         <path>C:\ti\ccs2010\ccs\tools\compiler\ti-cgt-armllvm_4.0.2.LTS\lib\armv6m-ti-none-eabi\c\</path>
         <kind>archive</kind>
         <file>libsysbm.a</file>
         <name>hostopen.c.obj</name>
      </input_file>
      <input_file id="fl-fd">
         <path>C:\ti\ccs2010\ccs\tools\compiler\ti-cgt-armllvm_4.0.2.LTS\lib\armv6m-ti-none-eabi\c\</path>
         <kind>archive</kind>
         <file>libsysbm.a</file>
         <name>hostread.c.obj</name>
      </input_file>
      <input_file id="fl-fe">
         <path>C:\ti\ccs2010\ccs\tools\compiler\ti-cgt-armllvm_4.0.2.LTS\lib\armv6m-ti-none-eabi\c\</path>
         <kind>archive</kind>
         <file>libsysbm.a</file>
         <name>hostrename.c.obj</name>
      </input_file>
      <input_file id="fl-ff">
         <path>C:\ti\ccs2010\ccs\tools\compiler\ti-cgt-armllvm_4.0.2.LTS\lib\armv6m-ti-none-eabi\c\</path>
         <kind>archive</kind>
         <file>libsysbm.a</file>
         <name>hostunlink.c.obj</name>
      </input_file>
      <input_file id="fl-100">
         <path>C:\ti\ccs2010\ccs\tools\compiler\ti-cgt-armllvm_4.0.2.LTS\lib\armv6m-ti-none-eabi\c\</path>
         <kind>archive</kind>
         <file>libsysbm.a</file>
         <name>hostwrite.c.obj</name>
      </input_file>
      <input_file id="fl-101">
         <path>C:\ti\ccs2010\ccs\tools\compiler\ti-cgt-armllvm_4.0.2.LTS\lib\armv6m-ti-none-eabi\c\</path>
         <kind>archive</kind>
         <file>libsysbm.a</file>
         <name>trgmsg.c.obj</name>
      </input_file>
      <input_file id="fl-102">
         <path>C:\ti\ccs2010\ccs\tools\compiler\ti-cgt-armllvm_4.0.2.LTS\lib\armv6m-ti-none-eabi\</path>
         <kind>archive</kind>
         <file>libclang_rt.builtins.a</file>
         <name>addsf3.S.obj</name>
      </input_file>
      <input_file id="fl-103">
         <path>C:\ti\ccs2010\ccs\tools\compiler\ti-cgt-armllvm_4.0.2.LTS\lib\armv6m-ti-none-eabi\</path>
         <kind>archive</kind>
         <file>libclang_rt.builtins.a</file>
         <name>adddf3.S.obj</name>
      </input_file>
      <input_file id="fl-104">
         <path>C:\ti\ccs2010\ccs\tools\compiler\ti-cgt-armllvm_4.0.2.LTS\lib\armv6m-ti-none-eabi\</path>
         <kind>archive</kind>
         <file>libclang_rt.builtins.a</file>
         <name>muldf3.S.obj</name>
      </input_file>
      <input_file id="fl-105">
         <path>C:\ti\ccs2010\ccs\tools\compiler\ti-cgt-armllvm_4.0.2.LTS\lib\armv6m-ti-none-eabi\</path>
         <kind>archive</kind>
         <file>libclang_rt.builtins.a</file>
         <name>muldsi3.S.obj</name>
      </input_file>
      <input_file id="fl-106">
         <path>C:\ti\ccs2010\ccs\tools\compiler\ti-cgt-armllvm_4.0.2.LTS\lib\armv6m-ti-none-eabi\</path>
         <kind>archive</kind>
         <file>libclang_rt.builtins.a</file>
         <name>mulsf3.S.obj</name>
      </input_file>
      <input_file id="fl-107">
         <path>C:\ti\ccs2010\ccs\tools\compiler\ti-cgt-armllvm_4.0.2.LTS\lib\armv6m-ti-none-eabi\</path>
         <kind>archive</kind>
         <file>libclang_rt.builtins.a</file>
         <name>divsf3.S.obj</name>
      </input_file>
      <input_file id="fl-108">
         <path>C:\ti\ccs2010\ccs\tools\compiler\ti-cgt-armllvm_4.0.2.LTS\lib\armv6m-ti-none-eabi\</path>
         <kind>archive</kind>
         <file>libclang_rt.builtins.a</file>
         <name>divdf3.S.obj</name>
      </input_file>
      <input_file id="fl-109">
         <path>C:\ti\ccs2010\ccs\tools\compiler\ti-cgt-armllvm_4.0.2.LTS\lib\armv6m-ti-none-eabi\</path>
         <kind>archive</kind>
         <file>libclang_rt.builtins.a</file>
         <name>extendsfdf2.S.obj</name>
      </input_file>
      <input_file id="fl-10a">
         <path>C:\ti\ccs2010\ccs\tools\compiler\ti-cgt-armllvm_4.0.2.LTS\lib\armv6m-ti-none-eabi\</path>
         <kind>archive</kind>
         <file>libclang_rt.builtins.a</file>
         <name>fixdfsi.S.obj</name>
      </input_file>
      <input_file id="fl-10b">
         <path>C:\ti\ccs2010\ccs\tools\compiler\ti-cgt-armllvm_4.0.2.LTS\lib\armv6m-ti-none-eabi\</path>
         <kind>archive</kind>
         <file>libclang_rt.builtins.a</file>
         <name>fixsfsi.S.obj</name>
      </input_file>
      <input_file id="fl-10c">
         <path>C:\ti\ccs2010\ccs\tools\compiler\ti-cgt-armllvm_4.0.2.LTS\lib\armv6m-ti-none-eabi\</path>
         <kind>archive</kind>
         <file>libclang_rt.builtins.a</file>
         <name>floatsidf.S.obj</name>
      </input_file>
      <input_file id="fl-10d">
         <path>C:\ti\ccs2010\ccs\tools\compiler\ti-cgt-armllvm_4.0.2.LTS\lib\armv6m-ti-none-eabi\</path>
         <kind>archive</kind>
         <file>libclang_rt.builtins.a</file>
         <name>floatsisf.S.obj</name>
      </input_file>
      <input_file id="fl-10e">
         <path>C:\ti\ccs2010\ccs\tools\compiler\ti-cgt-armllvm_4.0.2.LTS\lib\armv6m-ti-none-eabi\</path>
         <kind>archive</kind>
         <file>libclang_rt.builtins.a</file>
         <name>muldi3.S.obj</name>
      </input_file>
      <input_file id="fl-10f">
         <path>C:\ti\ccs2010\ccs\tools\compiler\ti-cgt-armllvm_4.0.2.LTS\lib\armv6m-ti-none-eabi\</path>
         <kind>archive</kind>
         <file>libclang_rt.builtins.a</file>
         <name>truncdfsf2.S.obj</name>
      </input_file>
      <input_file id="fl-110">
         <path>C:\ti\ccs2010\ccs\tools\compiler\ti-cgt-armllvm_4.0.2.LTS\lib\armv6m-ti-none-eabi\</path>
         <kind>archive</kind>
         <file>libclang_rt.builtins.a</file>
         <name>aeabi_dcmp.S.obj</name>
      </input_file>
      <input_file id="fl-111">
         <path>C:\ti\ccs2010\ccs\tools\compiler\ti-cgt-armllvm_4.0.2.LTS\lib\armv6m-ti-none-eabi\</path>
         <kind>archive</kind>
         <file>libclang_rt.builtins.a</file>
         <name>aeabi_idivmod.S.obj</name>
      </input_file>
      <input_file id="fl-112">
         <path>C:\ti\ccs2010\ccs\tools\compiler\ti-cgt-armllvm_4.0.2.LTS\lib\armv6m-ti-none-eabi\</path>
         <kind>archive</kind>
         <file>libclang_rt.builtins.a</file>
         <name>aeabi_memcpy.S.obj</name>
      </input_file>
      <input_file id="fl-113">
         <path>C:\ti\ccs2010\ccs\tools\compiler\ti-cgt-armllvm_4.0.2.LTS\lib\armv6m-ti-none-eabi\</path>
         <kind>archive</kind>
         <file>libclang_rt.builtins.a</file>
         <name>aeabi_memset.S.obj</name>
      </input_file>
      <input_file id="fl-114">
         <path>C:\ti\ccs2010\ccs\tools\compiler\ti-cgt-armllvm_4.0.2.LTS\lib\armv6m-ti-none-eabi\</path>
         <kind>archive</kind>
         <file>libclang_rt.builtins.a</file>
         <name>aeabi_uidivmod.S.obj</name>
      </input_file>
      <input_file id="fl-115">
         <path>C:\ti\ccs2010\ccs\tools\compiler\ti-cgt-armllvm_4.0.2.LTS\lib\armv6m-ti-none-eabi\</path>
         <kind>archive</kind>
         <file>libclang_rt.builtins.a</file>
         <name>aeabi_uldivmod.S.obj</name>
      </input_file>
      <input_file id="fl-116">
         <path>C:\ti\ccs2010\ccs\tools\compiler\ti-cgt-armllvm_4.0.2.LTS\lib\armv6m-ti-none-eabi\</path>
         <kind>archive</kind>
         <file>libclang_rt.builtins.a</file>
         <name>udivmoddi4.S.obj</name>
      </input_file>
      <input_file id="fl-117">
         <path>C:\ti\ccs2010\ccs\tools\compiler\ti-cgt-armllvm_4.0.2.LTS\lib\armv6m-ti-none-eabi\</path>
         <kind>archive</kind>
         <file>libclang_rt.builtins.a</file>
         <name>ashldi3.S.obj</name>
      </input_file>
      <input_file id="fl-118">
         <path>C:\ti\ccs2010\ccs\tools\compiler\ti-cgt-armllvm_4.0.2.LTS\lib\armv6m-ti-none-eabi\</path>
         <kind>archive</kind>
         <file>libclang_rt.builtins.a</file>
         <name>comparedf2.c.obj</name>
      </input_file>
      <input_file id="fl-119">
         <path>C:\ti\ccs2010\ccs\tools\compiler\ti-cgt-armllvm_4.0.2.LTS\lib\armv6m-ti-none-eabi\</path>
         <kind>archive</kind>
         <file>libclang_rt.builtins.a</file>
         <name>aeabi_div0.c.obj</name>
      </input_file>
      <input_file id="fl-11a">
         <path>C:\ti\ccs2010\ccs\tools\compiler\ti-cgt-armllvm_4.0.2.LTS\lib\armv6m-ti-none-eabi\c\</path>
         <kind>archive</kind>
         <file>libc.a</file>
         <name>getdevice.c.obj</name>
      </input_file>
      <input_file id="fl-11b">
         <path>C:\ti\ccs2010\ccs\tools\compiler\ti-cgt-armllvm_4.0.2.LTS\lib\armv6m-ti-none-eabi\c\</path>
         <kind>archive</kind>
         <file>libc.a</file>
         <name>memcpy16.S.obj</name>
      </input_file>
      <input_file id="fl-11c">
         <path>C:\ti\ccs2010\ccs\tools\compiler\ti-cgt-armllvm_4.0.2.LTS\lib\armv6m-ti-none-eabi\c\</path>
         <kind>archive</kind>
         <file>libc.a</file>
         <name>memset16.S.obj</name>
      </input_file>
      <input_file id="fl-11d">
         <path>C:\ti\ccs2010\ccs\tools\compiler\ti-cgt-armllvm_4.0.2.LTS\lib\armv6m-ti-none-eabi\c\</path>
         <kind>archive</kind>
         <file>libc.a</file>
         <name>strcmp-armv6m.S.obj</name>
      </input_file>
   </input_file_list>
   <object_component_list>
      <object_component id="oc-18">
         <name>.intvecs</name>
         <load_address>0x0</load_address>
         <readonly>true</readonly>
         <run_address>0x0</run_address>
         <size>0xc0</size>
         <alignment>0x4</alignment>
         <input_file_ref idref="fl-3"/>
      </object_component>
      <object_component id="oc-80">
         <name>.text.LCD_Init</name>
         <load_address>0xc0</load_address>
         <readonly>true</readonly>
         <executable>true</executable>
         <run_address>0xc0</run_address>
         <size>0xbda</size>
         <alignment>0x4</alignment>
         <input_file_ref idref="fl-5"/>
      </object_component>
      <object_component id="oc-33">
         <name>.text.Default_Handler</name>
         <load_address>0xc9a</load_address>
         <readonly>true</readonly>
         <executable>true</executable>
         <run_address>0xc9a</run_address>
         <size>0x2</size>
         <alignment>0x2</alignment>
         <input_file_ref idref="fl-3"/>
      </object_component>
      <object_component id="oc-10b">
         <name>.text.LCD_ShowChar</name>
         <load_address>0xc9c</load_address>
         <readonly>true</readonly>
         <executable>true</executable>
         <run_address>0xc9c</run_address>
         <size>0x400</size>
         <alignment>0x4</alignment>
         <input_file_ref idref="fl-4"/>
      </object_component>
      <object_component id="oc-dc">
         <name>.text.MPU6050_ReadDatas_Proc</name>
         <load_address>0x109c</load_address>
         <readonly>true</readonly>
         <executable>true</executable>
         <run_address>0x109c</run_address>
         <size>0x3ac</size>
         <alignment>0x4</alignment>
         <input_file_ref idref="fl-6"/>
      </object_component>
      <object_component id="oc-f1">
         <name>.text.atan</name>
         <load_address>0x1448</load_address>
         <readonly>true</readonly>
         <executable>true</executable>
         <run_address>0x1448</run_address>
         <size>0x2f8</size>
         <alignment>0x4</alignment>
         <input_file_ref idref="fl-31"/>
      </object_component>
      <object_component id="oc-8d">
         <name>.text.LCD_Fill</name>
         <load_address>0x1740</load_address>
         <readonly>true</readonly>
         <executable>true</executable>
         <run_address>0x1740</run_address>
         <size>0x2c0</size>
         <alignment>0x4</alignment>
         <input_file_ref idref="fl-4"/>
      </object_component>
      <object_component id="oc-86">
         <name>.text.mpu6050_init</name>
         <load_address>0x1a00</load_address>
         <readonly>true</readonly>
         <executable>true</executable>
         <run_address>0x1a00</run_address>
         <size>0x2a0</size>
         <alignment>0x4</alignment>
         <input_file_ref idref="fl-6"/>
      </object_component>
      <object_component id="oc-107">
         <name>.text.LCD_Address_Set</name>
         <load_address>0x1ca0</load_address>
         <readonly>true</readonly>
         <executable>true</executable>
         <run_address>0x1ca0</run_address>
         <size>0x22c</size>
         <alignment>0x4</alignment>
         <input_file_ref idref="fl-5"/>
      </object_component>
      <object_component id="oc-8c">
         <name>.text.AHRS_Geteuler</name>
         <load_address>0x1ecc</load_address>
         <readonly>true</readonly>
         <executable>true</executable>
         <run_address>0x1ecc</run_address>
         <size>0x21c</size>
         <alignment>0x4</alignment>
         <input_file_ref idref="fl-6"/>
      </object_component>
      <object_component id="oc-ff">
         <name>.text.adddf3_subdf3</name>
         <load_address>0x20e8</load_address>
         <readonly>true</readonly>
         <executable>true</executable>
         <run_address>0x20e8</run_address>
         <size>0x192</size>
         <alignment>0x4</alignment>
         <input_file_ref idref="fl-103"/>
      </object_component>
      <object_component id="oc-18a">
         <name>.text.__aeabi_idiv0</name>
         <load_address>0x227a</load_address>
         <readonly>true</readonly>
         <executable>true</executable>
         <run_address>0x227a</run_address>
         <size>0x2</size>
         <alignment>0x2</alignment>
         <input_file_ref idref="fl-119"/>
      </object_component>
      <object_component id="oc-d8">
         <name>.text.I2C_ReadReg</name>
         <load_address>0x227c</load_address>
         <readonly>true</readonly>
         <executable>true</executable>
         <run_address>0x227c</run_address>
         <size>0x18c</size>
         <alignment>0x4</alignment>
         <input_file_ref idref="fl-6"/>
      </object_component>
      <object_component id="oc-15b">
         <name>.text.__divdf3</name>
         <load_address>0x2408</load_address>
         <readonly>true</readonly>
         <executable>true</executable>
         <run_address>0x2408</run_address>
         <size>0x10c</size>
         <alignment>0x4</alignment>
         <input_file_ref idref="fl-108"/>
      </object_component>
      <object_component id="oc-98">
         <name>.text.LCD_ShowIntNum</name>
         <load_address>0x2514</load_address>
         <readonly>true</readonly>
         <executable>true</executable>
         <run_address>0x2514</run_address>
         <size>0x10a</size>
         <alignment>0x2</alignment>
         <input_file_ref idref="fl-4"/>
      </object_component>
      <object_component id="oc-135">
         <name>.text.DL_Timer_initFourCCPWMMode</name>
         <load_address>0x2620</load_address>
         <readonly>true</readonly>
         <executable>true</executable>
         <run_address>0x2620</run_address>
         <size>0x104</size>
         <alignment>0x4</alignment>
         <input_file_ref idref="fl-18"/>
      </object_component>
      <object_component id="oc-f7">
         <name>.text.__muldf3</name>
         <load_address>0x2724</load_address>
         <readonly>true</readonly>
         <executable>true</executable>
         <run_address>0x2724</run_address>
         <size>0xe4</size>
         <alignment>0x4</alignment>
         <input_file_ref idref="fl-104"/>
      </object_component>
      <object_component id="oc-12c">
         <name>.text.DL_SYSCTL_configSYSPLL</name>
         <load_address>0x2808</load_address>
         <readonly>true</readonly>
         <executable>true</executable>
         <run_address>0x2808</run_address>
         <size>0xdc</size>
         <alignment>0x4</alignment>
         <input_file_ref idref="fl-1a"/>
      </object_component>
      <object_component id="oc-e1">
         <name>.text</name>
         <load_address>0x28e4</load_address>
         <readonly>true</readonly>
         <executable>true</executable>
         <run_address>0x28e4</run_address>
         <size>0xd8</size>
         <alignment>0x4</alignment>
         <input_file_ref idref="fl-102"/>
      </object_component>
      <object_component id="oc-be">
         <name>.text.SYSCFG_DL_GPIO_init</name>
         <load_address>0x29bc</load_address>
         <readonly>true</readonly>
         <executable>true</executable>
         <run_address>0x29bc</run_address>
         <size>0xac</size>
         <alignment>0x4</alignment>
         <input_file_ref idref="fl-2"/>
      </object_component>
      <object_component id="oc-e5">
         <name>.text.sqrtf</name>
         <load_address>0x2a68</load_address>
         <readonly>true</readonly>
         <executable>true</executable>
         <run_address>0x2a68</run_address>
         <size>0xa0</size>
         <alignment>0x4</alignment>
         <input_file_ref idref="fl-34"/>
      </object_component>
      <object_component id="oc-76">
         <name>.text:memcpy</name>
         <load_address>0x2b08</load_address>
         <readonly>true</readonly>
         <executable>true</executable>
         <run_address>0x2b08</run_address>
         <size>0x9a</size>
         <alignment>0x1</alignment>
         <input_file_ref idref="fl-11b"/>
      </object_component>
      <object_component id="oc-c1">
         <name>.text.SYSCFG_DL_PWM_0_init</name>
         <load_address>0x2ba4</load_address>
         <readonly>true</readonly>
         <executable>true</executable>
         <run_address>0x2ba4</run_address>
         <size>0x90</size>
         <alignment>0x4</alignment>
         <input_file_ref idref="fl-2"/>
      </object_component>
      <object_component id="oc-dd">
         <name>.text.__mulsf3</name>
         <load_address>0x2c34</load_address>
         <readonly>true</readonly>
         <executable>true</executable>
         <run_address>0x2c34</run_address>
         <size>0x8c</size>
         <alignment>0x4</alignment>
         <input_file_ref idref="fl-106"/>
      </object_component>
      <object_component id="oc-e9">
         <name>.text.__divsf3</name>
         <load_address>0x2cc0</load_address>
         <readonly>true</readonly>
         <executable>true</executable>
         <run_address>0x2cc0</run_address>
         <size>0x82</size>
         <alignment>0x4</alignment>
         <input_file_ref idref="fl-107"/>
      </object_component>
      <object_component id="oc-1c">
         <name>.text:decompress:lzss</name>
         <load_address>0x2d44</load_address>
         <readonly>true</readonly>
         <executable>true</executable>
         <run_address>0x2d44</run_address>
         <size>0x7c</size>
         <alignment>0x4</alignment>
         <input_file_ref idref="fl-40"/>
      </object_component>
      <object_component id="oc-1b4">
         <name>.text.__gedf2</name>
         <load_address>0x2dc0</load_address>
         <readonly>true</readonly>
         <executable>true</executable>
         <run_address>0x2dc0</run_address>
         <size>0x74</size>
         <alignment>0x4</alignment>
         <input_file_ref idref="fl-118"/>
      </object_component>
      <object_component id="oc-122">
         <name>.text.DL_Common_delayCycles</name>
         <load_address>0x2e34</load_address>
         <readonly>true</readonly>
         <executable>true</executable>
         <run_address>0x2e34</run_address>
         <size>0xa</size>
         <alignment>0x2</alignment>
         <input_file_ref idref="fl-15"/>
      </object_component>
      <object_component id="oc-fb">
         <name>.text.__truncdfsf2</name>
         <load_address>0x2e40</load_address>
         <readonly>true</readonly>
         <executable>true</executable>
         <run_address>0x2e40</run_address>
         <size>0x74</size>
         <alignment>0x10</alignment>
         <input_file_ref idref="fl-10f"/>
      </object_component>
      <object_component id="oc-108">
         <name>.text.LCD_WR_DATA</name>
         <load_address>0x2eb4</load_address>
         <readonly>true</readonly>
         <executable>true</executable>
         <run_address>0x2eb4</run_address>
         <size>0x70</size>
         <alignment>0x4</alignment>
         <input_file_ref idref="fl-5"/>
      </object_component>
      <object_component id="oc-1ae">
         <name>.text.__ledf2</name>
         <load_address>0x2f24</load_address>
         <readonly>true</readonly>
         <executable>true</executable>
         <run_address>0x2f24</run_address>
         <size>0x68</size>
         <alignment>0x4</alignment>
         <input_file_ref idref="fl-118"/>
      </object_component>
      <object_component id="oc-126">
         <name>.text.DL_SYSCTL_setHFCLKSourceHFXTParams</name>
         <load_address>0x2f8c</load_address>
         <readonly>true</readonly>
         <executable>true</executable>
         <run_address>0x2f8c</run_address>
         <size>0x64</size>
         <alignment>0x4</alignment>
         <input_file_ref idref="fl-1a"/>
      </object_component>
      <object_component id="oc-bf">
         <name>.text.SYSCFG_DL_SYSCTL_init</name>
         <load_address>0x2ff0</load_address>
         <readonly>true</readonly>
         <executable>true</executable>
         <run_address>0x2ff0</run_address>
         <size>0x64</size>
         <alignment>0x4</alignment>
         <input_file_ref idref="fl-2"/>
      </object_component>
      <object_component id="oc-63">
         <name>.text.main</name>
         <load_address>0x3054</load_address>
         <readonly>true</readonly>
         <executable>true</executable>
         <run_address>0x3054</run_address>
         <size>0x64</size>
         <alignment>0x4</alignment>
         <input_file_ref idref="fl-1"/>
      </object_component>
      <object_component id="oc-179">
         <name>.text.__aeabi_dcmp</name>
         <load_address>0x30b8</load_address>
         <readonly>true</readonly>
         <executable>true</executable>
         <run_address>0x30b8</run_address>
         <size>0x62</size>
         <alignment>0x4</alignment>
         <input_file_ref idref="fl-110"/>
      </object_component>
      <object_component id="oc-c3">
         <name>.text.SYSCFG_DL_UART_0_init</name>
         <load_address>0x311c</load_address>
         <readonly>true</readonly>
         <executable>true</executable>
         <run_address>0x311c</run_address>
         <size>0x60</size>
         <alignment>0x4</alignment>
         <input_file_ref idref="fl-2"/>
      </object_component>
      <object_component id="oc-d1">
         <name>.text.DL_I2C_fillControllerTXFIFO</name>
         <load_address>0x317c</load_address>
         <readonly>true</readonly>
         <executable>true</executable>
         <run_address>0x317c</run_address>
         <size>0x5e</size>
         <alignment>0x2</alignment>
         <input_file_ref idref="fl-16"/>
      </object_component>
      <object_component id="oc-c2">
         <name>.text.SYSCFG_DL_I2C_0_init</name>
         <load_address>0x31dc</load_address>
         <readonly>true</readonly>
         <executable>true</executable>
         <run_address>0x31dc</run_address>
         <size>0x54</size>
         <alignment>0x4</alignment>
         <input_file_ref idref="fl-2"/>
      </object_component>
      <object_component id="oc-bd">
         <name>.text.SYSCFG_DL_initPower</name>
         <load_address>0x3230</load_address>
         <readonly>true</readonly>
         <executable>true</executable>
         <run_address>0x3230</run_address>
         <size>0x54</size>
         <alignment>0x4</alignment>
         <input_file_ref idref="fl-2"/>
      </object_component>
      <object_component id="oc-c4">
         <name>.text.SYSCFG_DL_SPI_LCD_init</name>
         <load_address>0x3284</load_address>
         <readonly>true</readonly>
         <executable>true</executable>
         <run_address>0x3284</run_address>
         <size>0x4c</size>
         <alignment>0x4</alignment>
         <input_file_ref idref="fl-2"/>
      </object_component>
      <object_component id="oc-93">
         <name>.text.LCD_ShowString</name>
         <load_address>0x32d0</load_address>
         <readonly>true</readonly>
         <executable>true</executable>
         <run_address>0x32d0</run_address>
         <size>0x4a</size>
         <alignment>0x2</alignment>
         <input_file_ref idref="fl-4"/>
      </object_component>
      <object_component id="oc-143">
         <name>.text.DL_UART_init</name>
         <load_address>0x331c</load_address>
         <readonly>true</readonly>
         <executable>true</executable>
         <run_address>0x331c</run_address>
         <size>0x48</size>
         <alignment>0x4</alignment>
         <input_file_ref idref="fl-19"/>
      </object_component>
      <object_component id="oc-14c">
         <name>.text.DL_SPI_init</name>
         <load_address>0x3364</load_address>
         <readonly>true</readonly>
         <executable>true</executable>
         <run_address>0x3364</run_address>
         <size>0x44</size>
         <alignment>0x4</alignment>
         <input_file_ref idref="fl-17"/>
      </object_component>
      <object_component id="oc-12d">
         <name>.text.DL_SYSCTL_switchMCLKfromSYSOSCtoHSCLK</name>
         <load_address>0x33a8</load_address>
         <readonly>true</readonly>
         <executable>true</executable>
         <run_address>0x33a8</run_address>
         <size>0x44</size>
         <alignment>0x4</alignment>
         <input_file_ref idref="fl-1a"/>
      </object_component>
      <object_component id="oc-10d">
         <name>.text.__aeabi_uidivmod</name>
         <load_address>0x33ec</load_address>
         <readonly>true</readonly>
         <executable>true</executable>
         <run_address>0x33ec</run_address>
         <size>0x40</size>
         <alignment>0x4</alignment>
         <input_file_ref idref="fl-114"/>
      </object_component>
      <object_component id="oc-ed">
         <name>.text.__extendsfdf2</name>
         <load_address>0x342c</load_address>
         <readonly>true</readonly>
         <executable>true</executable>
         <run_address>0x342c</run_address>
         <size>0x40</size>
         <alignment>0x4</alignment>
         <input_file_ref idref="fl-109"/>
      </object_component>
      <object_component id="oc-d7">
         <name>.text.DL_I2C_flushControllerTXFIFO</name>
         <load_address>0x346c</load_address>
         <readonly>true</readonly>
         <executable>true</executable>
         <run_address>0x346c</run_address>
         <size>0x3c</size>
         <alignment>0x4</alignment>
         <input_file_ref idref="fl-16"/>
      </object_component>
      <object_component id="oc-153">
         <name>.text.__floatsisf</name>
         <load_address>0x34a8</load_address>
         <readonly>true</readonly>
         <executable>true</executable>
         <run_address>0x34a8</run_address>
         <size>0x3c</size>
         <alignment>0x4</alignment>
         <input_file_ref idref="fl-10d"/>
      </object_component>
      <object_component id="oc-a4">
         <name>.text:__TI_auto_init_nobinit_nopinit</name>
         <load_address>0x34e4</load_address>
         <readonly>true</readonly>
         <executable>true</executable>
         <run_address>0x34e4</run_address>
         <size>0x3c</size>
         <alignment>0x4</alignment>
         <input_file_ref idref="fl-3b"/>
      </object_component>
      <object_component id="oc-169">
         <name>.text.__muldsi3</name>
         <load_address>0x3520</load_address>
         <readonly>true</readonly>
         <executable>true</executable>
         <run_address>0x3520</run_address>
         <size>0x3a</size>
         <alignment>0x4</alignment>
         <input_file_ref idref="fl-105"/>
      </object_component>
      <object_component id="oc-94">
         <name>.text.__fixsfsi</name>
         <load_address>0x355c</load_address>
         <readonly>true</readonly>
         <executable>true</executable>
         <run_address>0x355c</run_address>
         <size>0x38</size>
         <alignment>0x4</alignment>
         <input_file_ref idref="fl-10b"/>
      </object_component>
      <object_component id="oc-7b">
         <name>.text.SYSCFG_DL_init</name>
         <load_address>0x3594</load_address>
         <readonly>true</readonly>
         <executable>true</executable>
         <run_address>0x3594</run_address>
         <size>0x30</size>
         <alignment>0x4</alignment>
         <input_file_ref idref="fl-2"/>
      </object_component>
      <object_component id="oc-157">
         <name>.text.__floatsidf</name>
         <load_address>0x35c4</load_address>
         <readonly>true</readonly>
         <executable>true</executable>
         <run_address>0x35c4</run_address>
         <size>0x2c</size>
         <alignment>0x4</alignment>
         <input_file_ref idref="fl-10c"/>
      </object_component>
      <object_component id="oc-c5">
         <name>.text.SYSCFG_DL_SYSCTL_CLK_init</name>
         <load_address>0x35f0</load_address>
         <readonly>true</readonly>
         <executable>true</executable>
         <run_address>0x35f0</run_address>
         <size>0x28</size>
         <alignment>0x4</alignment>
         <input_file_ref idref="fl-2"/>
      </object_component>
      <object_component id="oc-4f">
         <name>.text:_c_int00_noargs</name>
         <load_address>0x3618</load_address>
         <readonly>true</readonly>
         <executable>true</executable>
         <run_address>0x3618</run_address>
         <size>0x28</size>
         <alignment>0x4</alignment>
         <input_file_ref idref="fl-39"/>
      </object_component>
      <object_component id="oc-13b">
         <name>.text.DL_I2C_setClockConfig</name>
         <load_address>0x3640</load_address>
         <readonly>true</readonly>
         <executable>true</executable>
         <run_address>0x3640</run_address>
         <size>0x26</size>
         <alignment>0x2</alignment>
         <input_file_ref idref="fl-16"/>
      </object_component>
      <object_component id="oc-137">
         <name>.text.DL_Timer_setCaptCompUpdateMethod</name>
         <load_address>0x3668</load_address>
         <readonly>true</readonly>
         <executable>true</executable>
         <run_address>0x3668</run_address>
         <size>0x1c</size>
         <alignment>0x4</alignment>
         <input_file_ref idref="fl-18"/>
      </object_component>
      <object_component id="oc-12f">
         <name>.text.DL_Timer_setClockConfig</name>
         <load_address>0x3684</load_address>
         <readonly>true</readonly>
         <executable>true</executable>
         <run_address>0x3684</run_address>
         <size>0x1c</size>
         <alignment>0x4</alignment>
         <input_file_ref idref="fl-18"/>
      </object_component>
      <object_component id="oc-136">
         <name>.text.DL_Timer_setCaptureCompareOutCtl</name>
         <load_address>0x36a0</load_address>
         <readonly>true</readonly>
         <executable>true</executable>
         <run_address>0x36a0</run_address>
         <size>0x18</size>
         <alignment>0x4</alignment>
         <input_file_ref idref="fl-18"/>
      </object_component>
      <object_component id="oc-46">
         <name>.text:decompress:ZI:__TI_zero_init_nomemset</name>
         <load_address>0x36b8</load_address>
         <readonly>true</readonly>
         <executable>true</executable>
         <run_address>0x36b8</run_address>
         <size>0x16</size>
         <alignment>0x2</alignment>
         <input_file_ref idref="fl-3e"/>
      </object_component>
      <object_component id="oc-146">
         <name>.text.DL_SPI_setClockConfig</name>
         <load_address>0x36ce</load_address>
         <readonly>true</readonly>
         <executable>true</executable>
         <run_address>0x36ce</run_address>
         <size>0x12</size>
         <alignment>0x2</alignment>
         <input_file_ref idref="fl-17"/>
      </object_component>
      <object_component id="oc-13d">
         <name>.text.DL_UART_setClockConfig</name>
         <load_address>0x36e0</load_address>
         <readonly>true</readonly>
         <executable>true</executable>
         <run_address>0x36e0</run_address>
         <size>0x12</size>
         <alignment>0x2</alignment>
         <input_file_ref idref="fl-19"/>
      </object_component>
      <object_component id="oc-20">
         <name>.text:decompress:none</name>
         <load_address>0x36f2</load_address>
         <readonly>true</readonly>
         <executable>true</executable>
         <run_address>0x36f2</run_address>
         <size>0x12</size>
         <alignment>0x2</alignment>
         <input_file_ref idref="fl-3f"/>
      </object_component>
      <object_component id="oc-138">
         <name>.text.DL_Timer_setCaptureCompareValue</name>
         <load_address>0x3704</load_address>
         <readonly>true</readonly>
         <executable>true</executable>
         <run_address>0x3704</run_address>
         <size>0x10</size>
         <alignment>0x4</alignment>
         <input_file_ref idref="fl-18"/>
      </object_component>
      <object_component id="oc-c9">
         <name>.text.delay_ms</name>
         <load_address>0x3714</load_address>
         <readonly>true</readonly>
         <executable>true</executable>
         <run_address>0x3714</run_address>
         <size>0x10</size>
         <alignment>0x4</alignment>
         <input_file_ref idref="fl-7"/>
      </object_component>
      <object_component id="oc-17e">
         <name>.text.OUTLINED_FUNCTION_0</name>
         <load_address>0x3724</load_address>
         <readonly>true</readonly>
         <executable>true</executable>
         <run_address>0x3724</run_address>
         <size>0xa</size>
         <alignment>0x2</alignment>
         <input_file_ref idref="fl-31"/>
      </object_component>
      <object_component id="oc-200">
         <name>.tramp.__aeabi_dmul.1</name>
         <load_address>0x3730</load_address>
         <readonly>true</readonly>
         <executable>true</executable>
         <run_address>0x3730</run_address>
         <size>0x10</size>
         <alignment>0x4</alignment>
         <input_file_ref idref="fl-104"/>
      </object_component>
      <object_component id="oc-17f">
         <name>.text.OUTLINED_FUNCTION_2</name>
         <load_address>0x3740</load_address>
         <readonly>true</readonly>
         <executable>true</executable>
         <run_address>0x3740</run_address>
         <size>0x8</size>
         <alignment>0x2</alignment>
         <input_file_ref idref="fl-31"/>
      </object_component>
      <object_component id="oc-16f">
         <name>.text.__aeabi_errno_addr</name>
         <load_address>0x3748</load_address>
         <readonly>true</readonly>
         <executable>true</executable>
         <run_address>0x3748</run_address>
         <size>0x8</size>
         <alignment>0x4</alignment>
         <input_file_ref idref="fl-35"/>
      </object_component>
      <object_component id="oc-3f">
         <name>.text.__aeabi_memcpy</name>
         <load_address>0x3750</load_address>
         <readonly>true</readonly>
         <executable>true</executable>
         <run_address>0x3750</run_address>
         <size>0x8</size>
         <alignment>0x4</alignment>
         <input_file_ref idref="fl-112"/>
      </object_component>
      <object_component id="oc-17d">
         <name>.text.OUTLINED_FUNCTION_1</name>
         <load_address>0x3758</load_address>
         <readonly>true</readonly>
         <executable>true</executable>
         <run_address>0x3758</run_address>
         <size>0x6</size>
         <alignment>0x2</alignment>
         <input_file_ref idref="fl-31"/>
      </object_component>
      <object_component id="oc-201">
         <name>.tramp.__aeabi_dadd.1</name>
         <load_address>0x3760</load_address>
         <readonly>true</readonly>
         <executable>true</executable>
         <run_address>0x3760</run_address>
         <size>0x10</size>
         <alignment>0x4</alignment>
         <input_file_ref idref="fl-103"/>
      </object_component>
      <object_component id="oc-9d">
         <name>.text:abort</name>
         <load_address>0x3770</load_address>
         <readonly>true</readonly>
         <executable>true</executable>
         <run_address>0x3770</run_address>
         <size>0x6</size>
         <alignment>0x2</alignment>
         <input_file_ref idref="fl-46"/>
      </object_component>
      <object_component id="oc-111">
         <name>.text.HOSTexit</name>
         <load_address>0x3776</load_address>
         <readonly>true</readonly>
         <executable>true</executable>
         <run_address>0x3776</run_address>
         <size>0x4</size>
         <alignment>0x2</alignment>
         <input_file_ref idref="fl-f2"/>
      </object_component>
      <object_component id="oc-2f">
         <name>.text.Reset_Handler</name>
         <load_address>0x377a</load_address>
         <readonly>true</readonly>
         <executable>true</executable>
         <run_address>0x377a</run_address>
         <size>0x4</size>
         <alignment>0x2</alignment>
         <input_file_ref idref="fl-3"/>
      </object_component>
      <object_component id="oc-5f">
         <name>.text._system_pre_init</name>
         <load_address>0x377e</load_address>
         <readonly>true</readonly>
         <executable>true</executable>
         <run_address>0x377e</run_address>
         <size>0x4</size>
         <alignment>0x2</alignment>
         <input_file_ref idref="fl-3c"/>
      </object_component>
      <object_component id="oc-1fc">
         <name>.cinit..data.load</name>
         <load_address>0x6c20</load_address>
         <readonly>true</readonly>
         <run_address>0x6c20</run_address>
         <size>0x16</size>
         <alignment>0x1</alignment>
      </object_component>
      <object_component id="oc-1fa">
         <name>__TI_handler_table</name>
         <load_address>0x6c38</load_address>
         <readonly>true</readonly>
         <run_address>0x6c38</run_address>
         <size>0xc</size>
         <alignment>0x4</alignment>
      </object_component>
      <object_component id="oc-1fd">
         <name>.cinit..bss.load</name>
         <load_address>0x6c44</load_address>
         <readonly>true</readonly>
         <run_address>0x6c44</run_address>
         <size>0x8</size>
         <alignment>0x4</alignment>
      </object_component>
      <object_component id="oc-1fb">
         <name>__TI_cinit_table</name>
         <load_address>0x6c4c</load_address>
         <readonly>true</readonly>
         <run_address>0x6c4c</run_address>
         <size>0x10</size>
         <alignment>0x4</alignment>
      </object_component>
      <object_component id="oc-189">
         <name>.rodata.ascii_3216</name>
         <load_address>0x3790</load_address>
         <readonly>true</readonly>
         <run_address>0x3790</run_address>
         <size>0x17c0</size>
         <alignment>0x1</alignment>
         <input_file_ref idref="fl-4"/>
      </object_component>
      <object_component id="oc-186">
         <name>.rodata.ascii_2412</name>
         <load_address>0x4f50</load_address>
         <readonly>true</readonly>
         <run_address>0x4f50</run_address>
         <size>0x11d0</size>
         <alignment>0x1</alignment>
         <input_file_ref idref="fl-4"/>
      </object_component>
      <object_component id="oc-187">
         <name>.rodata.ascii_1608</name>
         <load_address>0x6120</load_address>
         <readonly>true</readonly>
         <run_address>0x6120</run_address>
         <size>0x5f0</size>
         <alignment>0x1</alignment>
         <input_file_ref idref="fl-4"/>
      </object_component>
      <object_component id="oc-188">
         <name>.rodata.ascii_1206</name>
         <load_address>0x6710</load_address>
         <readonly>true</readonly>
         <run_address>0x6710</run_address>
         <size>0x474</size>
         <alignment>0x1</alignment>
         <input_file_ref idref="fl-4"/>
      </object_component>
      <object_component id="oc-139">
         <name>.rodata.gPWM_0ClockConfig</name>
         <load_address>0x6b84</load_address>
         <readonly>true</readonly>
         <run_address>0x6b84</run_address>
         <size>0x3</size>
         <alignment>0x1</alignment>
         <input_file_ref idref="fl-2"/>
      </object_component>
      <object_component id="oc-180">
         <name>.rodata.cst32</name>
         <load_address>0x6b88</load_address>
         <readonly>true</readonly>
         <run_address>0x6b88</run_address>
         <size>0x40</size>
         <alignment>0x8</alignment>
         <input_file_ref idref="fl-31"/>
      </object_component>
      <object_component id="oc-12e">
         <name>.rodata.gSYSPLLConfig</name>
         <load_address>0x6bc8</load_address>
         <readonly>true</readonly>
         <run_address>0x6bc8</run_address>
         <size>0x28</size>
         <alignment>0x4</alignment>
         <input_file_ref idref="fl-2"/>
      </object_component>
      <object_component id="oc-14e">
         <name>.rodata.gSPI_LCD_config</name>
         <load_address>0x6bf0</load_address>
         <readonly>true</readonly>
         <run_address>0x6bf0</run_address>
         <size>0xa</size>
         <alignment>0x2</alignment>
         <input_file_ref idref="fl-2"/>
      </object_component>
      <object_component id="oc-145">
         <name>.rodata.gUART_0Config</name>
         <load_address>0x6bfa</load_address>
         <readonly>true</readonly>
         <run_address>0x6bfa</run_address>
         <size>0xa</size>
         <alignment>0x2</alignment>
         <input_file_ref idref="fl-2"/>
      </object_component>
      <object_component id="oc-13a">
         <name>.rodata.gPWM_0Config</name>
         <load_address>0x6c04</load_address>
         <readonly>true</readonly>
         <run_address>0x6c04</run_address>
         <size>0x8</size>
         <alignment>0x4</alignment>
         <input_file_ref idref="fl-2"/>
      </object_component>
      <object_component id="oc-99">
         <name>.rodata.str1.9517790425240694019.1</name>
         <load_address>0x6c0c</load_address>
         <readonly>true</readonly>
         <run_address>0x6c0c</run_address>
         <size>0x7</size>
         <alignment>0x1</alignment>
         <input_file_ref idref="fl-1"/>
      </object_component>
      <object_component id="oc-13c">
         <name>.rodata.gI2C_0ClockConfig</name>
         <load_address>0x6c13</load_address>
         <readonly>true</readonly>
         <run_address>0x6c13</run_address>
         <size>0x2</size>
         <alignment>0x1</alignment>
         <input_file_ref idref="fl-2"/>
      </object_component>
      <object_component id="oc-14d">
         <name>.rodata.gSPI_LCD_clockConfig</name>
         <load_address>0x6c15</load_address>
         <readonly>true</readonly>
         <run_address>0x6c15</run_address>
         <size>0x2</size>
         <alignment>0x1</alignment>
         <input_file_ref idref="fl-2"/>
      </object_component>
      <object_component id="oc-144">
         <name>.rodata.gUART_0ClockConfig</name>
         <load_address>0x6c17</load_address>
         <readonly>true</readonly>
         <run_address>0x6c17</run_address>
         <size>0x2</size>
         <alignment>0x1</alignment>
         <input_file_ref idref="fl-2"/>
      </object_component>
      <object_component id="oc-1c4">
         <name>.binit</name>
         <load_address>0x0</load_address>
         <readonly>true</readonly>
         <run_address>0x0</run_address>
         <size>0x0</size>
         <alignment>0x4</alignment>
      </object_component>
      <object_component id="oc-15f">
         <name>.data.MPU6050_ReadDatas_Proc.time</name>
         <load_address>0x202000cc</load_address>
         <readwrite>true</readwrite>
         <run_address>0x202000cc</run_address>
         <size>0x2</size>
         <alignment>0x2</alignment>
         <input_file_ref idref="fl-6"/>
      </object_component>
      <object_component id="oc-160">
         <name>.data.MPU6050_ReadDatas_Proc.EKF.0</name>
         <load_address>0x202000b0</load_address>
         <readwrite>true</readwrite>
         <run_address>0x202000b0</run_address>
         <size>0x4</size>
         <alignment>0x4</alignment>
         <input_file_ref idref="fl-6"/>
      </object_component>
      <object_component id="oc-161">
         <name>.data.MPU6050_ReadDatas_Proc.EKF.2</name>
         <load_address>0x202000bc</load_address>
         <readwrite>true</readwrite>
         <run_address>0x202000bc</run_address>
         <size>0x4</size>
         <alignment>0x4</alignment>
         <input_file_ref idref="fl-6"/>
      </object_component>
      <object_component id="oc-162">
         <name>.data.MPU6050_ReadDatas_Proc.EKF.6</name>
         <load_address>0x202000c0</load_address>
         <readwrite>true</readwrite>
         <run_address>0x202000c0</run_address>
         <size>0x4</size>
         <alignment>0x4</alignment>
         <input_file_ref idref="fl-6"/>
      </object_component>
      <object_component id="oc-163">
         <name>.data.MPU6050_ReadDatas_Proc.EKF.8</name>
         <load_address>0x202000c4</load_address>
         <readwrite>true</readwrite>
         <run_address>0x202000c4</run_address>
         <size>0x4</size>
         <alignment>0x4</alignment>
         <input_file_ref idref="fl-6"/>
      </object_component>
      <object_component id="oc-164">
         <name>.data.MPU6050_ReadDatas_Proc.EKF.12</name>
         <load_address>0x202000b4</load_address>
         <readwrite>true</readwrite>
         <run_address>0x202000b4</run_address>
         <size>0x4</size>
         <alignment>0x4</alignment>
         <input_file_ref idref="fl-6"/>
      </object_component>
      <object_component id="oc-165">
         <name>.data.MPU6050_ReadDatas_Proc.EKF.14</name>
         <load_address>0x202000b8</load_address>
         <readwrite>true</readwrite>
         <run_address>0x202000b8</run_address>
         <size>0x4</size>
         <alignment>0x4</alignment>
         <input_file_ref idref="fl-6"/>
      </object_component>
      <object_component id="oc-105">
         <name>.data.Gyro_Z_Measeure</name>
         <load_address>0x202000ac</load_address>
         <readwrite>true</readwrite>
         <run_address>0x202000ac</run_address>
         <size>0x4</size>
         <alignment>0x4</alignment>
         <input_file_ref idref="fl-6"/>
      </object_component>
      <object_component id="oc-1aa">
         <name>.data.__aeabi_errno</name>
         <load_address>0x202000c8</load_address>
         <readwrite>true</readwrite>
         <run_address>0x202000c8</run_address>
         <size>0x4</size>
         <alignment>0x4</alignment>
         <input_file_ref idref="fl-35"/>
      </object_component>
      <object_component id="oc-166">
         <name>.bss.MPU6050_ReadDatas_Proc.x</name>
         <uninitialized>true</uninitialized>
         <readwrite>true</readwrite>
         <run_address>0x20200094</run_address>
         <size>0x4</size>
         <alignment>0x4</alignment>
         <input_file_ref idref="fl-6"/>
      </object_component>
      <object_component id="oc-167">
         <name>.bss.MPU6050_ReadDatas_Proc.y</name>
         <uninitialized>true</uninitialized>
         <readwrite>true</readwrite>
         <run_address>0x20200098</run_address>
         <size>0x4</size>
         <alignment>0x4</alignment>
         <input_file_ref idref="fl-6"/>
      </object_component>
      <object_component id="oc-168">
         <name>.bss.MPU6050_ReadDatas_Proc.z</name>
         <uninitialized>true</uninitialized>
         <readwrite>true</readwrite>
         <run_address>0x2020009c</run_address>
         <size>0x4</size>
         <alignment>0x4</alignment>
         <input_file_ref idref="fl-6"/>
      </object_component>
      <object_component id="oc-c6">
         <name>.common:gSPI_LCDBackup</name>
         <uninitialized>true</uninitialized>
         <readwrite>true</readwrite>
         <run_address>0x20200064</run_address>
         <size>0x28</size>
         <alignment>0x4</alignment>
      </object_component>
      <object_component id="oc-d9">
         <name>.common:read_imu</name>
         <uninitialized>true</uninitialized>
         <readwrite>true</readwrite>
         <run_address>0x2020008c</run_address>
         <size>0x5</size>
         <alignment>0x1</alignment>
      </object_component>
      <object_component id="oc-9a">
         <name>.common:mpu6050</name>
         <uninitialized>true</uninitialized>
         <readwrite>true</readwrite>
         <run_address>0x20200000</run_address>
         <size>0x64</size>
         <alignment>0x4</alignment>
      </object_component>
      <object_component id="oc-103">
         <name>.common:pitch2</name>
         <uninitialized>true</uninitialized>
         <readwrite>true</readwrite>
         <run_address>0x202000a4</run_address>
         <size>0x4</size>
         <alignment>0x4</alignment>
      </object_component>
      <object_component id="oc-104">
         <name>.common:roll2</name>
         <uninitialized>true</uninitialized>
         <readwrite>true</readwrite>
         <run_address>0x202000a8</run_address>
         <size>0x4</size>
         <alignment>0x4</alignment>
      </object_component>
      <object_component id="oc-106">
         <name>.common:Yaw</name>
         <uninitialized>true</uninitialized>
         <readwrite>true</readwrite>
         <run_address>0x202000a0</run_address>
         <size>0x4</size>
         <alignment>0x4</alignment>
      </object_component>
      <object_component id="oc-1a">
         <name>.stack</name>
         <uninitialized>true</uninitialized>
         <readwrite>true</readwrite>
         <run_address>0x20207e00</run_address>
         <size>0x4</size>
         <alignment>0x4</alignment>
         <input_file_ref idref="fl-39"/>
      </object_component>
      <object_component id="oc-1ff">
         <name>.stack</name>
         <uninitialized>true</uninitialized>
         <readwrite>true</readwrite>
         <run_address>0x20207e00</run_address>
         <size>0x0</size>
         <alignment>0x8</alignment>
      </object_component>
      <object_component id="oc-9b">
         <name>.debug_abbrev</name>
         <load_address>0x0</load_address>
         <run_address>0x0</run_address>
         <size>0x90</size>
         <alignment>0x1</alignment>
         <input_file_ref idref="fl-1"/>
      </object_component>
      <object_component id="oc-c7">
         <name>.debug_abbrev</name>
         <load_address>0x90</load_address>
         <run_address>0x90</run_address>
         <size>0x24f</size>
         <alignment>0x1</alignment>
         <input_file_ref idref="fl-2"/>
      </object_component>
      <object_component id="oc-34">
         <name>.debug_abbrev</name>
         <load_address>0x2df</load_address>
         <run_address>0x2df</run_address>
         <size>0x6d</size>
         <alignment>0x1</alignment>
         <input_file_ref idref="fl-3"/>
      </object_component>
      <object_component id="oc-109">
         <name>.debug_abbrev</name>
         <load_address>0x34c</load_address>
         <run_address>0x34c</run_address>
         <size>0x213</size>
         <alignment>0x1</alignment>
         <input_file_ref idref="fl-4"/>
      </object_component>
      <object_component id="oc-cf">
         <name>.debug_abbrev</name>
         <load_address>0x55f</load_address>
         <run_address>0x55f</run_address>
         <size>0x1a6</size>
         <alignment>0x1</alignment>
         <input_file_ref idref="fl-5"/>
      </object_component>
      <object_component id="oc-da">
         <name>.debug_abbrev</name>
         <load_address>0x705</load_address>
         <run_address>0x705</run_address>
         <size>0x30b</size>
         <alignment>0x1</alignment>
         <input_file_ref idref="fl-6"/>
      </object_component>
      <object_component id="oc-14f">
         <name>.debug_abbrev</name>
         <load_address>0xa10</load_address>
         <run_address>0xa10</run_address>
         <size>0x232</size>
         <alignment>0x1</alignment>
         <input_file_ref idref="fl-7"/>
      </object_component>
      <object_component id="oc-19b">
         <name>.debug_abbrev</name>
         <load_address>0xc42</load_address>
         <run_address>0xc42</run_address>
         <size>0x62</size>
         <alignment>0x1</alignment>
         <input_file_ref idref="fl-15"/>
      </object_component>
      <object_component id="oc-151">
         <name>.debug_abbrev</name>
         <load_address>0xca4</load_address>
         <run_address>0xca4</run_address>
         <size>0x1e7</size>
         <alignment>0x1</alignment>
         <input_file_ref idref="fl-16"/>
      </object_component>
      <object_component id="oc-1a4">
         <name>.debug_abbrev</name>
         <load_address>0xe8b</load_address>
         <run_address>0xe8b</run_address>
         <size>0x277</size>
         <alignment>0x1</alignment>
         <input_file_ref idref="fl-17"/>
      </object_component>
      <object_component id="oc-1a0">
         <name>.debug_abbrev</name>
         <load_address>0x1102</load_address>
         <run_address>0x1102</run_address>
         <size>0x286</size>
         <alignment>0x1</alignment>
         <input_file_ref idref="fl-18"/>
      </object_component>
      <object_component id="oc-1a2">
         <name>.debug_abbrev</name>
         <load_address>0x1388</load_address>
         <run_address>0x1388</run_address>
         <size>0x29b</size>
         <alignment>0x1</alignment>
         <input_file_ref idref="fl-19"/>
      </object_component>
      <object_component id="oc-19e">
         <name>.debug_abbrev</name>
         <load_address>0x1623</load_address>
         <run_address>0x1623</run_address>
         <size>0x218</size>
         <alignment>0x1</alignment>
         <input_file_ref idref="fl-1a"/>
      </object_component>
      <object_component id="oc-181">
         <name>.debug_abbrev</name>
         <load_address>0x183b</load_address>
         <run_address>0x183b</run_address>
         <size>0xe9</size>
         <alignment>0x1</alignment>
         <input_file_ref idref="fl-31"/>
      </object_component>
      <object_component id="oc-174">
         <name>.debug_abbrev</name>
         <load_address>0x1924</load_address>
         <run_address>0x1924</run_address>
         <size>0xa4</size>
         <alignment>0x1</alignment>
         <input_file_ref idref="fl-34"/>
      </object_component>
      <object_component id="oc-1ab">
         <name>.debug_abbrev</name>
         <load_address>0x19c8</load_address>
         <run_address>0x19c8</run_address>
         <size>0x148</size>
         <alignment>0x1</alignment>
         <input_file_ref idref="fl-35"/>
      </object_component>
      <object_component id="oc-36">
         <name>.debug_abbrev</name>
         <load_address>0x1b10</load_address>
         <run_address>0x1b10</run_address>
         <size>0xaf</size>
         <alignment>0x1</alignment>
         <input_file_ref idref="fl-39"/>
      </object_component>
      <object_component id="oc-11b">
         <name>.debug_abbrev</name>
         <load_address>0x1bbf</load_address>
         <run_address>0x1bbf</run_address>
         <size>0x170</size>
         <alignment>0x1</alignment>
         <input_file_ref idref="fl-3b"/>
      </object_component>
      <object_component id="oc-79">
         <name>.debug_abbrev</name>
         <load_address>0x1d2f</load_address>
         <run_address>0x1d2f</run_address>
         <size>0x39</size>
         <alignment>0x1</alignment>
         <input_file_ref idref="fl-3c"/>
      </object_component>
      <object_component id="oc-58">
         <name>.debug_abbrev</name>
         <load_address>0x1d68</load_address>
         <run_address>0x1d68</run_address>
         <size>0xc2</size>
         <alignment>0x1</alignment>
         <input_file_ref idref="fl-3e"/>
      </object_component>
      <object_component id="oc-43">
         <name>.debug_abbrev</name>
         <load_address>0x1e2a</load_address>
         <run_address>0x1e2a</run_address>
         <size>0x70</size>
         <alignment>0x1</alignment>
         <input_file_ref idref="fl-3f"/>
      </object_component>
      <object_component id="oc-3b">
         <name>.debug_abbrev</name>
         <load_address>0x1e9a</load_address>
         <run_address>0x1e9a</run_address>
         <size>0x8d</size>
         <alignment>0x1</alignment>
         <input_file_ref idref="fl-40"/>
      </object_component>
      <object_component id="oc-115">
         <name>.debug_abbrev</name>
         <load_address>0x1f27</load_address>
         <run_address>0x1f27</run_address>
         <size>0x98</size>
         <alignment>0x1</alignment>
         <input_file_ref idref="fl-46"/>
      </object_component>
      <object_component id="oc-190">
         <name>.debug_abbrev</name>
         <load_address>0x1fbf</load_address>
         <run_address>0x1fbf</run_address>
         <size>0x2c</size>
         <alignment>0x1</alignment>
         <input_file_ref idref="fl-f2"/>
      </object_component>
      <object_component id="oc-16e">
         <name>.debug_abbrev</name>
         <load_address>0x1feb</load_address>
         <run_address>0x1feb</run_address>
         <size>0x27</size>
         <alignment>0x1</alignment>
         <input_file_ref idref="fl-102"/>
      </object_component>
      <object_component id="oc-185">
         <name>.debug_abbrev</name>
         <load_address>0x2012</load_address>
         <run_address>0x2012</run_address>
         <size>0x27</size>
         <alignment>0x1</alignment>
         <input_file_ref idref="fl-103"/>
      </object_component>
      <object_component id="oc-183">
         <name>.debug_abbrev</name>
         <load_address>0x2039</load_address>
         <run_address>0x2039</run_address>
         <size>0x27</size>
         <alignment>0x1</alignment>
         <input_file_ref idref="fl-104"/>
      </object_component>
      <object_component id="oc-1a9">
         <name>.debug_abbrev</name>
         <load_address>0x2060</load_address>
         <run_address>0x2060</run_address>
         <size>0x27</size>
         <alignment>0x1</alignment>
         <input_file_ref idref="fl-105"/>
      </object_component>
      <object_component id="oc-16d">
         <name>.debug_abbrev</name>
         <load_address>0x2087</load_address>
         <run_address>0x2087</run_address>
         <size>0x27</size>
         <alignment>0x1</alignment>
         <input_file_ref idref="fl-106"/>
      </object_component>
      <object_component id="oc-177">
         <name>.debug_abbrev</name>
         <load_address>0x20ae</load_address>
         <run_address>0x20ae</run_address>
         <size>0x27</size>
         <alignment>0x1</alignment>
         <input_file_ref idref="fl-107"/>
      </object_component>
      <object_component id="oc-1a8">
         <name>.debug_abbrev</name>
         <load_address>0x20d5</load_address>
         <run_address>0x20d5</run_address>
         <size>0x27</size>
         <alignment>0x1</alignment>
         <input_file_ref idref="fl-108"/>
      </object_component>
      <object_component id="oc-178">
         <name>.debug_abbrev</name>
         <load_address>0x20fc</load_address>
         <run_address>0x20fc</run_address>
         <size>0x27</size>
         <alignment>0x1</alignment>
         <input_file_ref idref="fl-109"/>
      </object_component>
      <object_component id="oc-10c">
         <name>.debug_abbrev</name>
         <load_address>0x2123</load_address>
         <run_address>0x2123</run_address>
         <size>0x27</size>
         <alignment>0x1</alignment>
         <input_file_ref idref="fl-10b"/>
      </object_component>
      <object_component id="oc-1a7">
         <name>.debug_abbrev</name>
         <load_address>0x214a</load_address>
         <run_address>0x214a</run_address>
         <size>0x27</size>
         <alignment>0x1</alignment>
         <input_file_ref idref="fl-10c"/>
      </object_component>
      <object_component id="oc-1a6">
         <name>.debug_abbrev</name>
         <load_address>0x2171</load_address>
         <run_address>0x2171</run_address>
         <size>0x27</size>
         <alignment>0x1</alignment>
         <input_file_ref idref="fl-10d"/>
      </object_component>
      <object_component id="oc-184">
         <name>.debug_abbrev</name>
         <load_address>0x2198</load_address>
         <run_address>0x2198</run_address>
         <size>0x27</size>
         <alignment>0x1</alignment>
         <input_file_ref idref="fl-10f"/>
      </object_component>
      <object_component id="oc-1b5">
         <name>.debug_abbrev</name>
         <load_address>0x21bf</load_address>
         <run_address>0x21bf</run_address>
         <size>0x27</size>
         <alignment>0x1</alignment>
         <input_file_ref idref="fl-110"/>
      </object_component>
      <object_component id="oc-57">
         <name>.debug_abbrev</name>
         <load_address>0x21e6</load_address>
         <run_address>0x21e6</run_address>
         <size>0x27</size>
         <alignment>0x1</alignment>
         <input_file_ref idref="fl-112"/>
      </object_component>
      <object_component id="oc-18f">
         <name>.debug_abbrev</name>
         <load_address>0x220d</load_address>
         <run_address>0x220d</run_address>
         <size>0x27</size>
         <alignment>0x1</alignment>
         <input_file_ref idref="fl-114"/>
      </object_component>
      <object_component id="oc-1b9">
         <name>.debug_abbrev</name>
         <load_address>0x2234</load_address>
         <run_address>0x2234</run_address>
         <size>0xc8</size>
         <alignment>0x1</alignment>
         <input_file_ref idref="fl-118"/>
      </object_component>
      <object_component id="oc-1b6">
         <name>.debug_abbrev</name>
         <load_address>0x22fc</load_address>
         <run_address>0x22fc</run_address>
         <size>0x59</size>
         <alignment>0x1</alignment>
         <input_file_ref idref="fl-119"/>
      </object_component>
      <object_component id="oc-b6">
         <name>.debug_abbrev</name>
         <load_address>0x2355</load_address>
         <run_address>0x2355</run_address>
         <size>0x25</size>
         <alignment>0x1</alignment>
         <input_file_ref idref="fl-11b"/>
      </object_component>
      <object_component id="oc-203">
         <name>.debug_abbrev</name>
         <load_address>0x237a</load_address>
         <run_address>0x237a</run_address>
         <size>0x23</size>
         <alignment>0x0</alignment>
      </object_component>
      <object_component id="oc-64">
         <name>.debug_info</name>
         <load_address>0x0</load_address>
         <run_address>0x0</run_address>
         <size>0xdf</size>
         <alignment>0x1</alignment>
         <input_file_ref idref="fl-1"/>
      </object_component>
      <object_component id="oc-7d">
         <name>.debug_info</name>
         <load_address>0xdf</load_address>
         <run_address>0xdf</run_address>
         <size>0x3e8a</size>
         <alignment>0x1</alignment>
         <input_file_ref idref="fl-2"/>
      </object_component>
      <object_component id="oc-19">
         <name>.debug_info</name>
         <load_address>0x3f69</load_address>
         <run_address>0x3f69</run_address>
         <size>0x80</size>
         <alignment>0x1</alignment>
         <input_file_ref idref="fl-3"/>
      </object_component>
      <object_component id="oc-91">
         <name>.debug_info</name>
         <load_address>0x3fe9</load_address>
         <run_address>0x3fe9</run_address>
         <size>0x177f</size>
         <alignment>0x1</alignment>
         <input_file_ref idref="fl-4"/>
      </object_component>
      <object_component id="oc-82">
         <name>.debug_info</name>
         <load_address>0x5768</load_address>
         <run_address>0x5768</run_address>
         <size>0x5b2c</size>
         <alignment>0x1</alignment>
         <input_file_ref idref="fl-5"/>
      </object_component>
      <object_component id="oc-87">
         <name>.debug_info</name>
         <load_address>0xb294</load_address>
         <run_address>0xb294</run_address>
         <size>0x1d57</size>
         <alignment>0x1</alignment>
         <input_file_ref idref="fl-6"/>
      </object_component>
[...]
      <symbol id="sm-8f">
         <name>ADC0_IRQHandler</name>
         <value>0xc9b</value>
         <object_component_ref idref="oc-33"/>
      </symbol>
      <symbol id="sm-90">
         <name>ADC1_IRQHandler</name>
         <value>0xc9b</value>
         <object_component_ref idref="oc-33"/>
      </symbol>
      <symbol id="sm-91">
         <name>CANFD0_IRQHandler</name>
         <value>0xc9b</value>
         <object_component_ref idref="oc-33"/>
      </symbol>
      <symbol id="sm-92">
         <name>DAC0_IRQHandler</name>
         <value>0xc9b</value>
         <object_component_ref idref="oc-33"/>
      </symbol>
      <symbol id="sm-93">
         <name>SPI0_IRQHandler</name>
         <value>0xc9b</value>
         <object_component_ref idref="oc-33"/>
      </symbol>
      <symbol id="sm-94">
         <name>SPI1_IRQHandler</name>
         <value>0xc9b</value>
         <object_component_ref idref="oc-33"/>
      </symbol>
      <symbol id="sm-95">
         <name>UART1_IRQHandler</name>
         <value>0xc9b</value>
         <object_component_ref idref="oc-33"/>
      </symbol>
      <symbol id="sm-96">
         <name>UART2_IRQHandler</name>
         <value>0xc9b</value>
         <object_component_ref idref="oc-33"/>
      </symbol>
      <symbol id="sm-97">
         <name>UART0_IRQHandler</name>
         <value>0xc9b</value>
         <object_component_ref idref="oc-33"/>
      </symbol>
      <symbol id="sm-98">
         <name>TIMG0_IRQHandler</name>
         <value>0xc9b</value>
         <object_component_ref idref="oc-33"/>
      </symbol>
      <symbol id="sm-99">
         <name>TIMG6_IRQHandler</name>
         <value>0xc9b</value>
         <object_component_ref idref="oc-33"/>
      </symbol>
      <symbol id="sm-9a">
         <name>TIMA0_IRQHandler</name>
         <value>0xc9b</value>
         <object_component_ref idref="oc-33"/>
      </symbol>
      <symbol id="sm-9b">
         <name>TIMA1_IRQHandler</name>
         <value>0xc9b</value>
         <object_component_ref idref="oc-33"/>
      </symbol>
      <symbol id="sm-9c">
         <name>TIMG7_IRQHandler</name>
         <value>0xc9b</value>
         <object_component_ref idref="oc-33"/>
      </symbol>
      <symbol id="sm-9d">
         <name>TIMG12_IRQHandler</name>
         <value>0xc9b</value>
         <object_component_ref idref="oc-33"/>
      </symbol>
      <symbol id="sm-9e">
         <name>I2C0_IRQHandler</name>
         <value>0xc9b</value>
         <object_component_ref idref="oc-33"/>
      </symbol>
      <symbol id="sm-9f">
         <name>I2C1_IRQHandler</name>
         <value>0xc9b</value>
         <object_component_ref idref="oc-33"/>
      </symbol>
      <symbol id="sm-a0">
         <name>AES_IRQHandler</name>
         <value>0xc9b</value>
         <object_component_ref idref="oc-33"/>
      </symbol>
      <symbol id="sm-a1">
         <name>RTC_IRQHandler</name>
         <value>0xc9b</value>
         <object_component_ref idref="oc-33"/>
      </symbol>
      <symbol id="sm-a2">
         <name>DMA_IRQHandler</name>
         <value>0xc9b</value>
         <object_component_ref idref="oc-33"/>
      </symbol>
      <symbol id="sm-b4">
         <name>LCD_Fill</name>
         <value>0x1741</value>
         <object_component_ref idref="oc-8d"/>
      </symbol>
      <symbol id="sm-b5">
         <name>LCD_ShowChar</name>
         <value>0xc9d</value>
         <object_component_ref idref="oc-10b"/>
      </symbol>
      <symbol id="sm-b6">
         <name>ascii_2412</name>
         <value>0x4f50</value>
         <object_component_ref idref="oc-186"/>
      </symbol>
      <symbol id="sm-b7">
         <name>ascii_1608</name>
         <value>0x6120</value>
         <object_component_ref idref="oc-187"/>
      </symbol>
      <symbol id="sm-b8">
         <name>ascii_1206</name>
         <value>0x6710</value>
         <object_component_ref idref="oc-188"/>
      </symbol>
      <symbol id="sm-b9">
         <name>ascii_3216</name>
         <value>0x3790</value>
         <object_component_ref idref="oc-189"/>
      </symbol>
      <symbol id="sm-ba">
         <name>LCD_ShowString</name>
         <value>0x32d1</value>
         <object_component_ref idref="oc-93"/>
      </symbol>
      <symbol id="sm-bb">
         <name>LCD_ShowIntNum</name>
         <value>0x2515</value>
         <object_component_ref idref="oc-98"/>
      </symbol>
      <symbol id="sm-cd">
         <name>LCD_WR_DATA</name>
         <value>0x2eb5</value>
         <object_component_ref idref="oc-108"/>
      </symbol>
      <symbol id="sm-ce">
         <name>LCD_Address_Set</name>
         <value>0x1ca1</value>
         <object_component_ref idref="oc-107"/>
      </symbol>
      <symbol id="sm-cf">
         <name>LCD_Init</name>
         <value>0xc1</value>
         <object_component_ref idref="oc-80"/>
      </symbol>
      <symbol id="sm-f7">
         <name>I2C_ReadReg</name>
         <value>0x227d</value>
         <object_component_ref idref="oc-d8"/>
      </symbol>
      <symbol id="sm-f8">
         <name>mpu6050_init</name>
         <value>0x1a01</value>
         <object_component_ref idref="oc-86"/>
      </symbol>
      <symbol id="sm-f9">
         <name>read_imu</name>
         <value>0x2020008c</value>
      </symbol>
      <symbol id="sm-fa">
         <name>MPU6050_ReadDatas_Proc</name>
         <value>0x109d</value>
         <object_component_ref idref="oc-dc"/>
      </symbol>
      <symbol id="sm-fb">
         <name>mpu6050</name>
         <value>0x20200000</value>
      </symbol>
      <symbol id="sm-fc">
         <name>AHRS_Geteuler</name>
         <value>0x1ecd</value>
         <object_component_ref idref="oc-8c"/>
      </symbol>
      <symbol id="sm-fd">
         <name>pitch2</name>
         <value>0x202000a4</value>
      </symbol>
      <symbol id="sm-fe">
         <name>roll2</name>
         <value>0x202000a8</value>
      </symbol>
      <symbol id="sm-ff">
         <name>Gyro_Z_Measeure</name>
         <value>0x202000ac</value>
         <object_component_ref idref="oc-105"/>
      </symbol>
      <symbol id="sm-100">
         <name>Yaw</name>
         <value>0x202000a0</value>
      </symbol>
      <symbol id="sm-10b">
         <name>delay_ms</name>
         <value>0x3715</value>
         <object_component_ref idref="oc-c9"/>
      </symbol>
      <symbol id="sm-10c">
         <name>__TI_ATRegion0_src_addr</name>
         <value>0x0</value>
      </symbol>
      <symbol id="sm-10d">
         <name>__TI_ATRegion0_trg_addr</name>
         <value>0x0</value>
      </symbol>
      <symbol id="sm-10e">
         <name>__TI_ATRegion0_region_sz</name>
         <value>0x0</value>
      </symbol>
      <symbol id="sm-10f">
         <name>__TI_ATRegion1_src_addr</name>
         <value>0x0</value>
      </symbol>
      <symbol id="sm-110">
         <name>__TI_ATRegion1_trg_addr</name>
         <value>0x0</value>
      </symbol>
      <symbol id="sm-111">
         <name>__TI_ATRegion1_region_sz</name>
         <value>0x0</value>
      </symbol>
      <symbol id="sm-112">
         <name>__TI_ATRegion2_src_addr</name>
         <value>0x0</value>
      </symbol>
      <symbol id="sm-113">
         <name>__TI_ATRegion2_trg_addr</name>
         <value>0x0</value>
      </symbol>
      <symbol id="sm-114">
         <name>__TI_ATRegion2_region_sz</name>
         <value>0x0</value>
      </symbol>
      <symbol id="sm-11d">
         <name>DL_Common_delayCycles</name>
         <value>0x2e35</value>
         <object_component_ref idref="oc-122"/>
      </symbol>
      <symbol id="sm-12c">
         <name>DL_I2C_setClockConfig</name>
         <value>0x3641</value>
         <object_component_ref idref="oc-13b"/>
      </symbol>
      <symbol id="sm-12d">
         <name>DL_I2C_fillControllerTXFIFO</name>
         <value>0x317d</value>
         <object_component_ref idref="oc-d1"/>
      </symbol>
      <symbol id="sm-12e">
         <name>DL_I2C_flushControllerTXFIFO</name>
         <value>0x346d</value>
         <object_component_ref idref="oc-d7"/>
      </symbol>
      <symbol id="sm-13b">
         <name>DL_SPI_init</name>
         <value>0x3365</value>
         <object_component_ref idref="oc-14c"/>
      </symbol>
      <symbol id="sm-13c">
         <name>DL_SPI_setClockConfig</name>
         <value>0x36cf</value>
         <object_component_ref idref="oc-146"/>
      </symbol>
      <symbol id="sm-153">
         <name>DL_Timer_setClockConfig</name>
         <value>0x3685</value>
         <object_component_ref idref="oc-12f"/>
      </symbol>
      <symbol id="sm-154">
         <name>DL_Timer_setCaptureCompareValue</name>
         <value>0x3705</value>
         <object_component_ref idref="oc-138"/>
      </symbol>
      <symbol id="sm-155">
         <name>DL_Timer_setCaptCompUpdateMethod</name>
         <value>0x3669</value>
         <object_component_ref idref="oc-137"/>
      </symbol>
      <symbol id="sm-156">
         <name>DL_Timer_setCaptureCompareOutCtl</name>
         <value>0x36a1</value>
         <object_component_ref idref="oc-136"/>
      </symbol>
      <symbol id="sm-157">
         <name>DL_Timer_initFourCCPWMMode</name>
         <value>0x2621</value>
         <object_component_ref idref="oc-135"/>
      </symbol>
      <symbol id="sm-164">
         <name>DL_UART_init</name>
         <value>0x331d</value>
         <object_component_ref idref="oc-143"/>
      </symbol>
      <symbol id="sm-165">
         <name>DL_UART_setClockConfig</name>
         <value>0x36e1</value>
         <object_component_ref idref="oc-13d"/>
      </symbol>
      <symbol id="sm-176">
         <name>DL_SYSCTL_configSYSPLL</name>
         <value>0x2809</value>
         <object_component_ref idref="oc-12c"/>
      </symbol>
      <symbol id="sm-177">
         <name>DL_SYSCTL_switchMCLKfromSYSOSCtoHSCLK</name>
         <value>0x33a9</value>
         <object_component_ref idref="oc-12d"/>
      </symbol>
      <symbol id="sm-178">
         <name>DL_SYSCTL_setHFCLKSourceHFXTParams</name>
         <value>0x2f8d</value>
         <object_component_ref idref="oc-126"/>
      </symbol>
      <symbol id="sm-18f">
         <name>atan</name>
         <value>0x1449</value>
         <object_component_ref idref="oc-f1"/>
      </symbol>
      <symbol id="sm-190">
         <name>atanl</name>
         <value>0x1449</value>
         <object_component_ref idref="oc-f1"/>
      </symbol>
      <symbol id="sm-19c">
         <name>sqrtf</name>
         <value>0x2a69</value>
         <object_component_ref idref="oc-e5"/>
      </symbol>
      <symbol id="sm-1a7">
         <name>__aeabi_errno_addr</name>
         <value>0x3749</value>
         <object_component_ref idref="oc-16f"/>
      </symbol>
      <symbol id="sm-1a8">
         <name>__aeabi_errno</name>
         <value>0x202000c8</value>
         <object_component_ref idref="oc-1aa"/>
      </symbol>
      <symbol id="sm-1b6">
         <name>_c_int00_noargs</name>
         <value>0x3619</value>
         <object_component_ref idref="oc-4f"/>
      </symbol>
      <symbol id="sm-1b7">
         <name>__stack</name>
         <value>0x20207e00</value>
         <object_component_ref idref="oc-1a"/>
      </symbol>
      <symbol id="sm-1c3">
         <name>__TI_auto_init_nobinit_nopinit</name>
         <value>0x34e5</value>
         <object_component_ref idref="oc-a4"/>
      </symbol>
      <symbol id="sm-1cb">
         <name>_system_pre_init</name>
         <value>0x377f</value>
         <object_component_ref idref="oc-5f"/>
      </symbol>
      <symbol id="sm-1d6">
         <name>__TI_zero_init_nomemset</name>
         <value>0x36b9</value>
         <object_component_ref idref="oc-46"/>
      </symbol>
      <symbol id="sm-1df">
         <name>__TI_decompress_none</name>
         <value>0x36f3</value>
         <object_component_ref idref="oc-20"/>
      </symbol>
      <symbol id="sm-1ea">
         <name>__TI_decompress_lzss</name>
         <value>0x2d45</value>
         <object_component_ref idref="oc-1c"/>
      </symbol>
      <symbol id="sm-1f9">
         <name>abort</name>
         <value>0x3771</value>
         <object_component_ref idref="oc-9d"/>
      </symbol>
      <symbol id="sm-20c">
         <name>HOSTexit</name>
         <value>0x3777</value>
         <object_component_ref idref="oc-111"/>
      </symbol>
      <symbol id="sm-20d">
         <name>C$$EXIT</name>
         <value>0x3776</value>
         <object_component_ref idref="oc-111"/>
      </symbol>
      <symbol id="sm-222">
         <name>__aeabi_fadd</name>
         <value>0x28ef</value>
         <object_component_ref idref="oc-e1"/>
      </symbol>
      <symbol id="sm-223">
         <name>__addsf3</name>
         <value>0x28ef</value>
         <object_component_ref idref="oc-e1"/>
      </symbol>
      <symbol id="sm-224">
         <name>__aeabi_fsub</name>
         <value>0x28e5</value>
         <object_component_ref idref="oc-e1"/>
      </symbol>
      <symbol id="sm-225">
         <name>__subsf3</name>
         <value>0x28e5</value>
         <object_component_ref idref="oc-e1"/>
      </symbol>
      <symbol id="sm-22b">
         <name>__aeabi_dadd</name>
         <value>0x20f3</value>
         <object_component_ref idref="oc-ff"/>
      </symbol>
      <symbol id="sm-22c">
         <name>__adddf3</name>
         <value>0x20f3</value>
         <object_component_ref idref="oc-ff"/>
      </symbol>
      <symbol id="sm-22d">
         <name>__aeabi_dsub</name>
         <value>0x20e9</value>
         <object_component_ref idref="oc-ff"/>
      </symbol>
      <symbol id="sm-22e">
         <name>__subdf3</name>
         <value>0x20e9</value>
         <object_component_ref idref="oc-ff"/>
      </symbol>
      <symbol id="sm-237">
         <name>__aeabi_dmul</name>
         <value>0x2725</value>
         <object_component_ref idref="oc-f7"/>
      </symbol>
      <symbol id="sm-238">
         <name>__muldf3</name>
         <value>0x2725</value>
         <object_component_ref idref="oc-f7"/>
      </symbol>
      <symbol id="sm-241">
         <name>__muldsi3</name>
         <value>0x3521</value>
         <object_component_ref idref="oc-169"/>
      </symbol>
      <symbol id="sm-247">
         <name>__aeabi_fmul</name>
         <value>0x2c35</value>
         <object_component_ref idref="oc-dd"/>
      </symbol>
      <symbol id="sm-248">
         <name>__mulsf3</name>
         <value>0x2c35</value>
         <object_component_ref idref="oc-dd"/>
      </symbol>
      <symbol id="sm-24e">
         <name>__aeabi_fdiv</name>
         <value>0x2cc1</value>
         <object_component_ref idref="oc-e9"/>
      </symbol>
      <symbol id="sm-24f">
         <name>__divsf3</name>
         <value>0x2cc1</value>
         <object_component_ref idref="oc-e9"/>
      </symbol>
      <symbol id="sm-255">
         <name>__aeabi_ddiv</name>
         <value>0x2409</value>
         <object_component_ref idref="oc-15b"/>
      </symbol>
      <symbol id="sm-256">
         <name>__divdf3</name>
         <value>0x2409</value>
         <object_component_ref idref="oc-15b"/>
      </symbol>
      <symbol id="sm-25c">
         <name>__aeabi_f2d</name>
         <value>0x342d</value>
         <object_component_ref idref="oc-ed"/>
      </symbol>
      <symbol id="sm-25d">
         <name>__extendsfdf2</name>
         <value>0x342d</value>
         <object_component_ref idref="oc-ed"/>
      </symbol>
      <symbol id="sm-263">
         <name>__aeabi_f2iz</name>
         <value>0x355d</value>
         <object_component_ref idref="oc-94"/>
      </symbol>
      <symbol id="sm-264">
         <name>__fixsfsi</name>
         <value>0x355d</value>
         <object_component_ref idref="oc-94"/>
      </symbol>
      <symbol id="sm-26a">
         <name>__aeabi_i2d</name>
         <value>0x35c5</value>
         <object_component_ref idref="oc-157"/>
      </symbol>
      <symbol id="sm-26b">
         <name>__floatsidf</name>
         <value>0x35c5</value>
         <object_component_ref idref="oc-157"/>
      </symbol>
      <symbol id="sm-271">
         <name>__aeabi_i2f</name>
         <value>0x34a9</value>
         <object_component_ref idref="oc-153"/>
      </symbol>
      <symbol id="sm-272">
         <name>__floatsisf</name>
         <value>0x34a9</value>
         <object_component_ref idref="oc-153"/>
      </symbol>
      <symbol id="sm-279">
         <name>__aeabi_d2f</name>
         <value>0x2e41</value>
         <object_component_ref idref="oc-fb"/>
      </symbol>
      <symbol id="sm-27a">
         <name>__truncdfsf2</name>
         <value>0x2e41</value>
         <object_component_ref idref="oc-fb"/>
      </symbol>
      <symbol id="sm-280">
         <name>__aeabi_dcmpeq</name>
         <value>0x30b9</value>
         <object_component_ref idref="oc-179"/>
      </symbol>
      <symbol id="sm-281">
         <name>__aeabi_dcmplt</name>
         <value>0x30cd</value>
         <object_component_ref idref="oc-179"/>
      </symbol>
      <symbol id="sm-282">
         <name>__aeabi_dcmple</name>
         <value>0x30e1</value>
         <object_component_ref idref="oc-179"/>
      </symbol>
      <symbol id="sm-283">
         <name>__aeabi_dcmpge</name>
         <value>0x30f5</value>
         <object_component_ref idref="oc-179"/>
      </symbol>
      <symbol id="sm-284">
         <name>__aeabi_dcmpgt</name>
         <value>0x3109</value>
         <object_component_ref idref="oc-179"/>
      </symbol>
      <symbol id="sm-28a">
         <name>__aeabi_memcpy</name>
         <value>0x3751</value>
         <object_component_ref idref="oc-3f"/>
      </symbol>
      <symbol id="sm-28b">
         <name>__aeabi_memcpy4</name>
         <value>0x3751</value>
         <object_component_ref idref="oc-3f"/>
      </symbol>
      <symbol id="sm-28c">
         <name>__aeabi_memcpy8</name>
         <value>0x3751</value>
         <object_component_ref idref="oc-3f"/>
      </symbol>
      <symbol id="sm-292">
         <name>__aeabi_uidiv</name>
         <value>0x33ed</value>
         <object_component_ref idref="oc-10d"/>
      </symbol>
      <symbol id="sm-293">
         <name>__aeabi_uidivmod</name>
         <value>0x33ed</value>
         <object_component_ref idref="oc-10d"/>
      </symbol>
      <symbol id="sm-2a1">
         <name>__ledf2</name>
         <value>0x2f25</value>
         <object_component_ref idref="oc-1ae"/>
      </symbol>
      <symbol id="sm-2a2">
         <name>__gedf2</name>
         <value>0x2dc1</value>
         <object_component_ref idref="oc-1b4"/>
      </symbol>
      <symbol id="sm-2a3">
         <name>__cmpdf2</name>
         <value>0x2f25</value>
         <object_component_ref idref="oc-1ae"/>
      </symbol>
      <symbol id="sm-2a4">
         <name>__eqdf2</name>
         <value>0x2f25</value>
         <object_component_ref idref="oc-1ae"/>
      </symbol>
      <symbol id="sm-2a5">
         <name>__ltdf2</name>
         <value>0x2f25</value>
         <object_component_ref idref="oc-1ae"/>
      </symbol>
      <symbol id="sm-2a6">
         <name>__nedf2</name>
         <value>0x2f25</value>
         <object_component_ref idref="oc-1ae"/>
      </symbol>
      <symbol id="sm-2a7">
         <name>__gtdf2</name>
         <value>0x2dc1</value>
         <object_component_ref idref="oc-1b4"/>
      </symbol>
      <symbol id="sm-2b1">
         <name>__aeabi_idiv0</name>
         <value>0x227b</value>
         <object_component_ref idref="oc-18a"/>
      </symbol>
      <symbol id="sm-2cb">
         <name>memcpy</name>
         <value>0x2b09</value>
         <object_component_ref idref="oc-76"/>
      </symbol>
      <symbol id="sm-2cc">
         <name>__TI_static_base__</name>
         <value>0x0</value>
      </symbol>
      <symbol id="sm-2d0">
         <name>__mpu_init</name>
         <value>0x0</value>
      </symbol>
      <symbol id="sm-2d1">
         <name>_system_post_cinit</name>
         <value>0x0</value>
      </symbol>
   </symbol_table>
   <title>Link successful</title>
</link_info>
