<?xml version="1.0" encoding="ISO-8859-1" ?>
<link_info>
   <banner>TI ARM Clang Linker PC v4.0.2.LTS</banner>
   <copyright>Copyright (c) 1996-2018 Texas Instruments Incorporated</copyright>
   <command_line>C:\ti\ccs2010\ccs\tools\compiler\ti-cgt-armllvm_4.0.2.LTS\bin\tiarmlnk -IC:\ti\ccs2010\ccs\tools\compiler\ti-cgt-armllvm_4.0.2.LTS\lib -o TMX_MSPM0G3507_ProjectTemplate.out -mTMX_MSPM0G3507_ProjectTemplate.map -iC:/ti/mspm0_sdk_2_04_00_06/source -iC:/Users/liyue/workspace_ccstheia/TMX_MSPM0G3507_ProjectTemplate -iC:/Users/liyue/workspace_ccstheia/TMX_MSPM0G3507_ProjectTemplate/Debug/syscfg -iC:/ti/ccs2010/ccs/tools/compiler/ti-cgt-armllvm_4.0.2.LTS/lib --diag_wrap=off --display_error_number --warn_sections --xml_link_info=TMX_MSPM0G3507_ProjectTemplate_linkInfo.xml --rom_model ./empty.o ./ti_msp_dl_config.o ./startup_mspm0g350x_ticlang.o ./BSP/LCD/lcd.o ./BSP/LCD/lcd_init.o ./Board/board.o -l./device_linker.cmd -ldevice.cmd.genlibs -llibc.a --start-group -llibc++.a -llibc++abi.a -llibc.a -llibsys.a -llibsysbm.a -llibclang_rt.builtins.a -llibclang_rt.profile.a --end-group --cg_opt_level=2</command_line>
   <link_time>0x6880838b</link_time>
   <link_errors>0x0</link_errors>
   <output_file>C:\Users\liyue\workspace_ccstheia\TMX_MSPM0G3507_ProjectTemplate\Debug\TMX_MSPM0G3507_ProjectTemplate.out</output_file>
   <entry_point>
      <name>_c_int00_noargs</name>
      <address>0x39d1</address>
   </entry_point>
   <input_file_list>
      <input_file id="fl-1">
         <path>C:\Users\liyue\workspace_ccstheia\TMX_MSPM0G3507_ProjectTemplate\Debug\.\</path>
         <kind>object</kind>
         <file>empty.o</file>
         <name>empty.o</name>
      </input_file>
      <input_file id="fl-2">
         <path>C:\Users\liyue\workspace_ccstheia\TMX_MSPM0G3507_ProjectTemplate\Debug\.\</path>
         <kind>object</kind>
         <file>ti_msp_dl_config.o</file>
         <name>ti_msp_dl_config.o</name>
      </input_file>
      <input_file id="fl-3">
         <path>C:\Users\liyue\workspace_ccstheia\TMX_MSPM0G3507_ProjectTemplate\Debug\.\</path>
         <kind>object</kind>
         <file>startup_mspm0g350x_ticlang.o</file>
         <name>startup_mspm0g350x_ticlang.o</name>
      </input_file>
      <input_file id="fl-4">
         <path>C:\Users\liyue\workspace_ccstheia\TMX_MSPM0G3507_ProjectTemplate\Debug\.\BSP\LCD\</path>
         <kind>object</kind>
         <file>lcd.o</file>
         <name>lcd.o</name>
      </input_file>
      <input_file id="fl-5">
         <path>C:\Users\liyue\workspace_ccstheia\TMX_MSPM0G3507_ProjectTemplate\Debug\.\BSP\LCD\</path>
         <kind>object</kind>
         <file>lcd_init.o</file>
         <name>lcd_init.o</name>
      </input_file>
      <input_file id="fl-6">
         <path>C:\Users\liyue\workspace_ccstheia\TMX_MSPM0G3507_ProjectTemplate\Debug\.\Board\</path>
         <kind>object</kind>
         <file>board.o</file>
         <name>board.o</name>
      </input_file>
      <input_file id="fl-13">
         <path>C:\Users\liyue\workspace_ccstheia\TMX_MSPM0G3507_ProjectTemplate\Debug\</path>
         <kind>object</kind>
         <file>&lt;internal&gt;</file>
         <name>&lt;internal&gt;</name>
      </input_file>
      <input_file id="fl-14">
         <path>C:\ti\mspm0_sdk_2_04_00_06\source\ti\driverlib\lib\ticlang\m0p\mspm0g1x0x_g3x0x\</path>
         <kind>archive</kind>
         <file>driverlib.a</file>
         <name>dl_common.o</name>
      </input_file>
      <input_file id="fl-15">
         <path>C:\ti\mspm0_sdk_2_04_00_06\source\ti\driverlib\lib\ticlang\m0p\mspm0g1x0x_g3x0x\</path>
         <kind>archive</kind>
         <file>driverlib.a</file>
         <name>dl_spi.o</name>
      </input_file>
      <input_file id="fl-16">
         <path>C:\ti\mspm0_sdk_2_04_00_06\source\ti\driverlib\lib\ticlang\m0p\mspm0g1x0x_g3x0x\</path>
         <kind>archive</kind>
         <file>driverlib.a</file>
         <name>dl_uart.o</name>
      </input_file>
      <input_file id="fl-17">
         <path>C:\ti\mspm0_sdk_2_04_00_06\source\ti\driverlib\lib\ticlang\m0p\mspm0g1x0x_g3x0x\</path>
         <kind>archive</kind>
         <file>driverlib.a</file>
         <name>dl_sysctl_mspm0g1x0x_g3x0x.o</name>
      </input_file>
      <input_file id="fl-2e">
         <path>C:\ti\ccs2010\ccs\tools\compiler\ti-cgt-armllvm_4.0.2.LTS\lib\armv6m-ti-none-eabi\c\</path>
         <kind>archive</kind>
         <file>libc.a</file>
         <name>sprintf.c.obj</name>
      </input_file>
      <input_file id="fl-2f">
         <path>C:\ti\ccs2010\ccs\tools\compiler\ti-cgt-armllvm_4.0.2.LTS\lib\armv6m-ti-none-eabi\c\</path>
         <kind>archive</kind>
         <file>libc.a</file>
         <name>vsnprintf.c.obj</name>
      </input_file>
      <input_file id="fl-30">
         <path>C:\ti\ccs2010\ccs\tools\compiler\ti-cgt-armllvm_4.0.2.LTS\lib\armv6m-ti-none-eabi\c\</path>
         <kind>archive</kind>
         <file>libc.a</file>
         <name>boot_cortex_m.c.obj</name>
      </input_file>
      <input_file id="fl-31">
         <path>C:\ti\ccs2010\ccs\tools\compiler\ti-cgt-armllvm_4.0.2.LTS\lib\armv6m-ti-none-eabi\c\</path>
         <kind>archive</kind>
         <file>libc.a</file>
         <name>mathacl_init.c.obj</name>
      </input_file>
      <input_file id="fl-32">
         <path>C:\ti\ccs2010\ccs\tools\compiler\ti-cgt-armllvm_4.0.2.LTS\lib\armv6m-ti-none-eabi\c\</path>
         <kind>archive</kind>
         <file>libc.a</file>
         <name>autoinit.c.obj</name>
      </input_file>
      <input_file id="fl-33">
         <path>C:\ti\ccs2010\ccs\tools\compiler\ti-cgt-armllvm_4.0.2.LTS\lib\armv6m-ti-none-eabi\c\</path>
         <kind>archive</kind>
         <file>libc.a</file>
         <name>pre_init.c.obj</name>
      </input_file>
      <input_file id="fl-34">
         <path>C:\ti\ccs2010\ccs\tools\compiler\ti-cgt-armllvm_4.0.2.LTS\lib\armv6m-ti-none-eabi\c\</path>
         <kind>archive</kind>
         <file>libc.a</file>
         <name>cpy_tbl.c.obj</name>
      </input_file>
      <input_file id="fl-35">
         <path>C:\ti\ccs2010\ccs\tools\compiler\ti-cgt-armllvm_4.0.2.LTS\lib\armv6m-ti-none-eabi\c\</path>
         <kind>archive</kind>
         <file>libc.a</file>
         <name>copy_zero_init.c.obj</name>
      </input_file>
      <input_file id="fl-36">
         <path>C:\ti\ccs2010\ccs\tools\compiler\ti-cgt-armllvm_4.0.2.LTS\lib\armv6m-ti-none-eabi\c\</path>
         <kind>archive</kind>
         <file>libc.a</file>
         <name>copy_decompress_none.c.obj</name>
      </input_file>
      <input_file id="fl-37">
         <path>C:\ti\ccs2010\ccs\tools\compiler\ti-cgt-armllvm_4.0.2.LTS\lib\armv6m-ti-none-eabi\c\</path>
         <kind>archive</kind>
         <file>libc.a</file>
         <name>copy_decompress_lzss.c.obj</name>
      </input_file>
      <input_file id="fl-38">
         <path>C:\ti\ccs2010\ccs\tools\compiler\ti-cgt-armllvm_4.0.2.LTS\lib\armv6m-ti-none-eabi\c\</path>
         <kind>archive</kind>
         <file>libc.a</file>
         <name>_printfi.c.obj</name>
      </input_file>
      <input_file id="fl-39">
         <path>C:\ti\ccs2010\ccs\tools\compiler\ti-cgt-armllvm_4.0.2.LTS\lib\armv6m-ti-none-eabi\c\</path>
         <kind>archive</kind>
         <file>libc.a</file>
         <name>aeabi_portable.c.obj</name>
      </input_file>
      <input_file id="fl-3a">
         <path>C:\ti\ccs2010\ccs\tools\compiler\ti-cgt-armllvm_4.0.2.LTS\lib\armv6m-ti-none-eabi\c\</path>
         <kind>archive</kind>
         <file>libc.a</file>
         <name>exit.c.obj</name>
      </input_file>
      <input_file id="fl-3b">
         <path>C:\ti\ccs2010\ccs\tools\compiler\ti-cgt-armllvm_4.0.2.LTS\lib\armv6m-ti-none-eabi\c\</path>
         <kind>archive</kind>
         <file>libc.a</file>
         <name>_lock.c.obj</name>
      </input_file>
      <input_file id="fl-3c">
         <path>C:\ti\ccs2010\ccs\tools\compiler\ti-cgt-armllvm_4.0.2.LTS\lib\armv6m-ti-none-eabi\c\</path>
         <kind>archive</kind>
         <file>libc.a</file>
         <name>_ltoa.c.obj</name>
      </input_file>
      <input_file id="fl-3d">
         <path>C:\ti\ccs2010\ccs\tools\compiler\ti-cgt-armllvm_4.0.2.LTS\lib\armv6m-ti-none-eabi\c\</path>
         <kind>archive</kind>
         <file>libc.a</file>
         <name>args_main.c.obj</name>
      </input_file>
      <input_file id="fl-3e">
         <path>C:\ti\ccs2010\ccs\tools\compiler\ti-cgt-armllvm_4.0.2.LTS\lib\armv6m-ti-none-eabi\c\</path>
         <kind>archive</kind>
         <file>libc.a</file>
         <name>assert.c.obj</name>
      </input_file>
      <input_file id="fl-3f">
         <path>C:\ti\ccs2010\ccs\tools\compiler\ti-cgt-armllvm_4.0.2.LTS\lib\armv6m-ti-none-eabi\c\</path>
         <kind>archive</kind>
         <file>libc.a</file>
         <name>atoi.c.obj</name>
      </input_file>
      <input_file id="fl-40">
         <path>C:\ti\ccs2010\ccs\tools\compiler\ti-cgt-armllvm_4.0.2.LTS\lib\armv6m-ti-none-eabi\c\</path>
         <kind>archive</kind>
         <file>libc.a</file>
         <name>defs.c.obj</name>
      </input_file>
      <input_file id="fl-41">
         <path>C:\ti\ccs2010\ccs\tools\compiler\ti-cgt-armllvm_4.0.2.LTS\lib\armv6m-ti-none-eabi\c\</path>
         <kind>archive</kind>
         <file>libc.a</file>
         <name>memccpy.c.obj</name>
      </input_file>
      <input_file id="fl-42">
         <path>C:\ti\ccs2010\ccs\tools\compiler\ti-cgt-armllvm_4.0.2.LTS\lib\armv6m-ti-none-eabi\c\</path>
         <kind>archive</kind>
         <file>libc.a</file>
         <name>memory.c.obj</name>
      </input_file>
      <input_file id="fl-43">
         <path>C:\ti\ccs2010\ccs\tools\compiler\ti-cgt-armllvm_4.0.2.LTS\lib\armv6m-ti-none-eabi\c\</path>
         <kind>archive</kind>
         <file>libc.a</file>
         <name>s_frexp.c.obj</name>
      </input_file>
      <input_file id="fl-44">
         <path>C:\ti\ccs2010\ccs\tools\compiler\ti-cgt-armllvm_4.0.2.LTS\lib\armv6m-ti-none-eabi\c\</path>
         <kind>archive</kind>
         <file>libc.a</file>
         <name>s_scalbn.c.obj</name>
      </input_file>
      <input_file id="fl-45">
         <path>C:\ti\ccs2010\ccs\tools\compiler\ti-cgt-armllvm_4.0.2.LTS\lib\armv6m-ti-none-eabi\c\</path>
         <kind>archive</kind>
         <file>libc.a</file>
         <name>wcslen.c.obj</name>
      </input_file>
      <input_file id="fl-46">
         <path>C:\ti\ccs2010\ccs\tools\compiler\ti-cgt-armllvm_4.0.2.LTS\lib\armv6m-ti-none-eabi\c\</path>
         <kind>archive</kind>
         <file>libc.a</file>
         <name>fflush.c.obj</name>
      </input_file>
      <input_file id="fl-47">
         <path>C:\ti\ccs2010\ccs\tools\compiler\ti-cgt-armllvm_4.0.2.LTS\lib\armv6m-ti-none-eabi\c\</path>
         <kind>archive</kind>
         <file>libc.a</file>
         <name>fputs.c.obj</name>
      </input_file>
      <input_file id="fl-48">
         <path>C:\ti\ccs2010\ccs\tools\compiler\ti-cgt-armllvm_4.0.2.LTS\lib\armv6m-ti-none-eabi\c\</path>
         <kind>archive</kind>
         <file>libc.a</file>
         <name>_io_perm.c.obj</name>
      </input_file>
      <input_file id="fl-49">
         <path>C:\ti\ccs2010\ccs\tools\compiler\ti-cgt-armllvm_4.0.2.LTS\lib\armv6m-ti-none-eabi\c\</path>
         <kind>archive</kind>
         <file>libc.a</file>
         <name>setvbuf.c.obj</name>
      </input_file>
      <input_file id="fl-4a">
         <path>C:\ti\ccs2010\ccs\tools\compiler\ti-cgt-armllvm_4.0.2.LTS\lib\armv6m-ti-none-eabi\c\</path>
         <kind>archive</kind>
         <file>libc.a</file>
         <name>aeabi_ctype.S.obj</name>
      </input_file>
      <input_file id="fl-4b">
         <path>C:\ti\ccs2010\ccs\tools\compiler\ti-cgt-armllvm_4.0.2.LTS\lib\armv6m-ti-none-eabi\c\</path>
         <kind>archive</kind>
         <file>libc.a</file>
         <name>fopen.c.obj</name>
      </input_file>
      <input_file id="fl-4c">
         <path>C:\ti\ccs2010\ccs\tools\compiler\ti-cgt-armllvm_4.0.2.LTS\lib\armv6m-ti-none-eabi\c\</path>
         <kind>archive</kind>
         <file>libc.a</file>
         <name>fseek.c.obj</name>
      </input_file>
      <input_file id="fl-4d">
         <path>C:\ti\ccs2010\ccs\tools\compiler\ti-cgt-armllvm_4.0.2.LTS\lib\armv6m-ti-none-eabi\c\</path>
         <kind>archive</kind>
         <file>libc.a</file>
         <name>fclose.c.obj</name>
      </input_file>
      <input_file id="fl-ed">
         <path>C:\ti\ccs2010\ccs\tools\compiler\ti-cgt-armllvm_4.0.2.LTS\lib\armv6m-ti-none-eabi\c\</path>
         <kind>archive</kind>
         <file>libsysbm.a</file>
         <name>hostexit.c.obj</name>
      </input_file>
      <input_file id="fl-ee">
         <path>C:\ti\ccs2010\ccs\tools\compiler\ti-cgt-armllvm_4.0.2.LTS\lib\armv6m-ti-none-eabi\c\</path>
         <kind>archive</kind>
         <file>libsysbm.a</file>
         <name>write.c.obj</name>
      </input_file>
      <input_file id="fl-ef">
         <path>C:\ti\ccs2010\ccs\tools\compiler\ti-cgt-armllvm_4.0.2.LTS\lib\armv6m-ti-none-eabi\c\</path>
         <kind>archive</kind>
         <file>libsysbm.a</file>
         <name>host_device.c.obj</name>
      </input_file>
      <input_file id="fl-f0">
         <path>C:\ti\ccs2010\ccs\tools\compiler\ti-cgt-armllvm_4.0.2.LTS\lib\armv6m-ti-none-eabi\c\</path>
         <kind>archive</kind>
         <file>libsysbm.a</file>
         <name>remove.c.obj</name>
      </input_file>
      <input_file id="fl-f1">
         <path>C:\ti\ccs2010\ccs\tools\compiler\ti-cgt-armllvm_4.0.2.LTS\lib\armv6m-ti-none-eabi\c\</path>
         <kind>archive</kind>
         <file>libsysbm.a</file>
         <name>open.c.obj</name>
      </input_file>
      <input_file id="fl-f2">
         <path>C:\ti\ccs2010\ccs\tools\compiler\ti-cgt-armllvm_4.0.2.LTS\lib\armv6m-ti-none-eabi\c\</path>
         <kind>archive</kind>
         <file>libsysbm.a</file>
         <name>lseek.c.obj</name>
      </input_file>
      <input_file id="fl-f3">
         <path>C:\ti\ccs2010\ccs\tools\compiler\ti-cgt-armllvm_4.0.2.LTS\lib\armv6m-ti-none-eabi\c\</path>
         <kind>archive</kind>
         <file>libsysbm.a</file>
         <name>close.c.obj</name>
      </input_file>
      <input_file id="fl-f4">
         <path>C:\ti\ccs2010\ccs\tools\compiler\ti-cgt-armllvm_4.0.2.LTS\lib\armv6m-ti-none-eabi\c\</path>
         <kind>archive</kind>
         <file>libsysbm.a</file>
         <name>unlink.c.obj</name>
      </input_file>
      <input_file id="fl-f5">
         <path>C:\ti\ccs2010\ccs\tools\compiler\ti-cgt-armllvm_4.0.2.LTS\lib\armv6m-ti-none-eabi\c\</path>
         <kind>archive</kind>
         <file>libsysbm.a</file>
         <name>hostclose.c.obj</name>
      </input_file>
      <input_file id="fl-f6">
         <path>C:\ti\ccs2010\ccs\tools\compiler\ti-cgt-armllvm_4.0.2.LTS\lib\armv6m-ti-none-eabi\c\</path>
         <kind>archive</kind>
         <file>libsysbm.a</file>
         <name>hostlseek.c.obj</name>
      </input_file>
      <input_file id="fl-f7">
         <path>C:\ti\ccs2010\ccs\tools\compiler\ti-cgt-armllvm_4.0.2.LTS\lib\armv6m-ti-none-eabi\c\</path>
         <kind>archive</kind>
         <file>libsysbm.a</file>
         <name>hostopen.c.obj</name>
      </input_file>
      <input_file id="fl-f8">
         <path>C:\ti\ccs2010\ccs\tools\compiler\ti-cgt-armllvm_4.0.2.LTS\lib\armv6m-ti-none-eabi\c\</path>
         <kind>archive</kind>
         <file>libsysbm.a</file>
         <name>hostread.c.obj</name>
      </input_file>
      <input_file id="fl-f9">
         <path>C:\ti\ccs2010\ccs\tools\compiler\ti-cgt-armllvm_4.0.2.LTS\lib\armv6m-ti-none-eabi\c\</path>
         <kind>archive</kind>
         <file>libsysbm.a</file>
         <name>hostrename.c.obj</name>
      </input_file>
      <input_file id="fl-fa">
         <path>C:\ti\ccs2010\ccs\tools\compiler\ti-cgt-armllvm_4.0.2.LTS\lib\armv6m-ti-none-eabi\c\</path>
         <kind>archive</kind>
         <file>libsysbm.a</file>
         <name>hostunlink.c.obj</name>
      </input_file>
      <input_file id="fl-fb">
         <path>C:\ti\ccs2010\ccs\tools\compiler\ti-cgt-armllvm_4.0.2.LTS\lib\armv6m-ti-none-eabi\c\</path>
         <kind>archive</kind>
         <file>libsysbm.a</file>
         <name>hostwrite.c.obj</name>
      </input_file>
      <input_file id="fl-fc">
         <path>C:\ti\ccs2010\ccs\tools\compiler\ti-cgt-armllvm_4.0.2.LTS\lib\armv6m-ti-none-eabi\c\</path>
         <kind>archive</kind>
         <file>libsysbm.a</file>
         <name>trgmsg.c.obj</name>
      </input_file>
      <input_file id="fl-fd">
         <path>C:\ti\ccs2010\ccs\tools\compiler\ti-cgt-armllvm_4.0.2.LTS\lib\armv6m-ti-none-eabi\</path>
         <kind>archive</kind>
         <file>libclang_rt.builtins.a</file>
         <name>adddf3.S.obj</name>
      </input_file>
      <input_file id="fl-fe">
         <path>C:\ti\ccs2010\ccs\tools\compiler\ti-cgt-armllvm_4.0.2.LTS\lib\armv6m-ti-none-eabi\</path>
         <kind>archive</kind>
         <file>libclang_rt.builtins.a</file>
         <name>muldf3.S.obj</name>
      </input_file>
      <input_file id="fl-ff">
         <path>C:\ti\ccs2010\ccs\tools\compiler\ti-cgt-armllvm_4.0.2.LTS\lib\armv6m-ti-none-eabi\</path>
         <kind>archive</kind>
         <file>libclang_rt.builtins.a</file>
         <name>muldsi3.S.obj</name>
      </input_file>
      <input_file id="fl-100">
         <path>C:\ti\ccs2010\ccs\tools\compiler\ti-cgt-armllvm_4.0.2.LTS\lib\armv6m-ti-none-eabi\</path>
         <kind>archive</kind>
         <file>libclang_rt.builtins.a</file>
         <name>mulsf3.S.obj</name>
      </input_file>
      <input_file id="fl-101">
         <path>C:\ti\ccs2010\ccs\tools\compiler\ti-cgt-armllvm_4.0.2.LTS\lib\armv6m-ti-none-eabi\</path>
         <kind>archive</kind>
         <file>libclang_rt.builtins.a</file>
         <name>divdf3.S.obj</name>
      </input_file>
      <input_file id="fl-102">
         <path>C:\ti\ccs2010\ccs\tools\compiler\ti-cgt-armllvm_4.0.2.LTS\lib\armv6m-ti-none-eabi\</path>
         <kind>archive</kind>
         <file>libclang_rt.builtins.a</file>
         <name>fixdfsi.S.obj</name>
      </input_file>
      <input_file id="fl-103">
         <path>C:\ti\ccs2010\ccs\tools\compiler\ti-cgt-armllvm_4.0.2.LTS\lib\armv6m-ti-none-eabi\</path>
         <kind>archive</kind>
         <file>libclang_rt.builtins.a</file>
         <name>fixsfsi.S.obj</name>
      </input_file>
      <input_file id="fl-104">
         <path>C:\ti\ccs2010\ccs\tools\compiler\ti-cgt-armllvm_4.0.2.LTS\lib\armv6m-ti-none-eabi\</path>
         <kind>archive</kind>
         <file>libclang_rt.builtins.a</file>
         <name>floatsidf.S.obj</name>
      </input_file>
      <input_file id="fl-105">
         <path>C:\ti\ccs2010\ccs\tools\compiler\ti-cgt-armllvm_4.0.2.LTS\lib\armv6m-ti-none-eabi\</path>
         <kind>archive</kind>
         <file>libclang_rt.builtins.a</file>
         <name>muldi3.S.obj</name>
      </input_file>
      <input_file id="fl-106">
         <path>C:\ti\ccs2010\ccs\tools\compiler\ti-cgt-armllvm_4.0.2.LTS\lib\armv6m-ti-none-eabi\</path>
         <kind>archive</kind>
         <file>libclang_rt.builtins.a</file>
         <name>aeabi_dcmp.S.obj</name>
      </input_file>
      <input_file id="fl-107">
         <path>C:\ti\ccs2010\ccs\tools\compiler\ti-cgt-armllvm_4.0.2.LTS\lib\armv6m-ti-none-eabi\</path>
         <kind>archive</kind>
         <file>libclang_rt.builtins.a</file>
         <name>aeabi_idivmod.S.obj</name>
      </input_file>
      <input_file id="fl-108">
         <path>C:\ti\ccs2010\ccs\tools\compiler\ti-cgt-armllvm_4.0.2.LTS\lib\armv6m-ti-none-eabi\</path>
         <kind>archive</kind>
         <file>libclang_rt.builtins.a</file>
         <name>aeabi_memcpy.S.obj</name>
      </input_file>
      <input_file id="fl-109">
         <path>C:\ti\ccs2010\ccs\tools\compiler\ti-cgt-armllvm_4.0.2.LTS\lib\armv6m-ti-none-eabi\</path>
         <kind>archive</kind>
         <file>libclang_rt.builtins.a</file>
         <name>aeabi_memset.S.obj</name>
      </input_file>
      <input_file id="fl-10a">
         <path>C:\ti\ccs2010\ccs\tools\compiler\ti-cgt-armllvm_4.0.2.LTS\lib\armv6m-ti-none-eabi\</path>
         <kind>archive</kind>
         <file>libclang_rt.builtins.a</file>
         <name>aeabi_uidivmod.S.obj</name>
      </input_file>
      <input_file id="fl-10b">
         <path>C:\ti\ccs2010\ccs\tools\compiler\ti-cgt-armllvm_4.0.2.LTS\lib\armv6m-ti-none-eabi\</path>
         <kind>archive</kind>
         <file>libclang_rt.builtins.a</file>
         <name>aeabi_uldivmod.S.obj</name>
      </input_file>
      <input_file id="fl-10c">
         <path>C:\ti\ccs2010\ccs\tools\compiler\ti-cgt-armllvm_4.0.2.LTS\lib\armv6m-ti-none-eabi\</path>
         <kind>archive</kind>
         <file>libclang_rt.builtins.a</file>
         <name>udivmoddi4.S.obj</name>
      </input_file>
      <input_file id="fl-10d">
         <path>C:\ti\ccs2010\ccs\tools\compiler\ti-cgt-armllvm_4.0.2.LTS\lib\armv6m-ti-none-eabi\</path>
         <kind>archive</kind>
         <file>libclang_rt.builtins.a</file>
         <name>ashldi3.S.obj</name>
      </input_file>
      <input_file id="fl-10e">
         <path>C:\ti\ccs2010\ccs\tools\compiler\ti-cgt-armllvm_4.0.2.LTS\lib\armv6m-ti-none-eabi\</path>
         <kind>archive</kind>
         <file>libclang_rt.builtins.a</file>
         <name>comparedf2.c.obj</name>
      </input_file>
      <input_file id="fl-10f">
         <path>C:\ti\ccs2010\ccs\tools\compiler\ti-cgt-armllvm_4.0.2.LTS\lib\armv6m-ti-none-eabi\</path>
         <kind>archive</kind>
         <file>libclang_rt.builtins.a</file>
         <name>aeabi_div0.c.obj</name>
      </input_file>
      <input_file id="fl-110">
         <path>C:\ti\ccs2010\ccs\tools\compiler\ti-cgt-armllvm_4.0.2.LTS\lib\armv6m-ti-none-eabi\c\</path>
         <kind>archive</kind>
         <file>libc.a</file>
         <name>getdevice.c.obj</name>
      </input_file>
      <input_file id="fl-111">
         <path>C:\ti\ccs2010\ccs\tools\compiler\ti-cgt-armllvm_4.0.2.LTS\lib\armv6m-ti-none-eabi\c\</path>
         <kind>archive</kind>
         <file>libc.a</file>
         <name>memcpy16.S.obj</name>
      </input_file>
      <input_file id="fl-112">
         <path>C:\ti\ccs2010\ccs\tools\compiler\ti-cgt-armllvm_4.0.2.LTS\lib\armv6m-ti-none-eabi\c\</path>
         <kind>archive</kind>
         <file>libc.a</file>
         <name>memset16.S.obj</name>
      </input_file>
      <input_file id="fl-113">
         <path>C:\ti\ccs2010\ccs\tools\compiler\ti-cgt-armllvm_4.0.2.LTS\lib\armv6m-ti-none-eabi\c\</path>
         <kind>archive</kind>
         <file>libc.a</file>
         <name>strcmp-armv6m.S.obj</name>
      </input_file>
   </input_file_list>
   <object_component_list>
      <object_component id="oc-18">
         <name>.intvecs</name>
         <load_address>0x0</load_address>
         <readonly>true</readonly>
         <run_address>0x0</run_address>
         <size>0xc0</size>
         <alignment>0x4</alignment>
         <input_file_ref idref="fl-3"/>
      </object_component>
      <object_component id="oc-87">
         <name>.text.LCD_Init</name>
         <load_address>0xc0</load_address>
         <readonly>true</readonly>
         <executable>true</executable>
         <run_address>0xc0</run_address>
         <size>0xbda</size>
         <alignment>0x4</alignment>
         <input_file_ref idref="fl-5"/>
      </object_component>
      <object_component id="oc-33">
         <name>.text.Default_Handler</name>
         <load_address>0xc9a</load_address>
         <readonly>true</readonly>
         <executable>true</executable>
         <run_address>0xc9a</run_address>
         <size>0x2</size>
         <alignment>0x2</alignment>
         <input_file_ref idref="fl-3"/>
      </object_component>
      <object_component id="oc-143">
         <name>.text:__TI_printfi</name>
         <load_address>0xc9c</load_address>
         <readonly>true</readonly>
         <executable>true</executable>
         <run_address>0xc9c</run_address>
         <size>0x9d0</size>
         <alignment>0x4</alignment>
         <input_file_ref idref="fl-38"/>
      </object_component>
      <object_component id="oc-e0">
         <name>.text.LCD_ShowChar</name>
         <load_address>0x166c</load_address>
         <readonly>true</readonly>
         <executable>true</executable>
         <run_address>0x166c</run_address>
         <size>0x400</size>
         <alignment>0x4</alignment>
         <input_file_ref idref="fl-4"/>
      </object_component>
      <object_component id="oc-8d">
         <name>.text.LCD_Fill</name>
         <load_address>0x1a6c</load_address>
         <readonly>true</readonly>
         <executable>true</executable>
         <run_address>0x1a6c</run_address>
         <size>0x2c0</size>
         <alignment>0x4</alignment>
         <input_file_ref idref="fl-4"/>
      </object_component>
      <object_component id="oc-dc">
         <name>.text.LCD_Address_Set</name>
         <load_address>0x1d2c</load_address>
         <readonly>true</readonly>
         <executable>true</executable>
         <run_address>0x1d2c</run_address>
         <size>0x22c</size>
         <alignment>0x4</alignment>
         <input_file_ref idref="fl-5"/>
      </object_component>
      <object_component id="oc-166">
         <name>.text._pconv_a</name>
         <load_address>0x1f58</load_address>
         <readonly>true</readonly>
         <executable>true</executable>
         <run_address>0x1f58</run_address>
         <size>0x220</size>
         <alignment>0x4</alignment>
         <input_file_ref idref="fl-38"/>
      </object_component>
      <object_component id="oc-16b">
         <name>.text._pconv_g</name>
         <load_address>0x2178</load_address>
         <readonly>true</readonly>
         <executable>true</executable>
         <run_address>0x2178</run_address>
         <size>0x1dc</size>
         <alignment>0x4</alignment>
         <input_file_ref idref="fl-38"/>
      </object_component>
      <object_component id="oc-1af">
         <name>.text.adddf3_subdf3</name>
         <load_address>0x2354</load_address>
         <readonly>true</readonly>
         <executable>true</executable>
         <run_address>0x2354</run_address>
         <size>0x192</size>
         <alignment>0x4</alignment>
         <input_file_ref idref="fl-fd"/>
      </object_component>
      <object_component id="oc-122">
         <name>.text.__aeabi_idiv0</name>
         <load_address>0x24e6</load_address>
         <readonly>true</readonly>
         <executable>true</executable>
         <run_address>0x24e6</run_address>
         <size>0x2</size>
         <alignment>0x2</alignment>
         <input_file_ref idref="fl-10f"/>
      </object_component>
      <object_component id="oc-1b3">
         <name>.text.fcvt</name>
         <load_address>0x24e8</load_address>
         <readonly>true</readonly>
         <executable>true</executable>
         <run_address>0x24e8</run_address>
         <size>0x13c</size>
         <alignment>0x4</alignment>
         <input_file_ref idref="fl-38"/>
      </object_component>
      <object_component id="oc-16d">
         <name>.text._pconv_e</name>
         <load_address>0x2624</load_address>
         <readonly>true</readonly>
         <executable>true</executable>
         <run_address>0x2624</run_address>
         <size>0x120</size>
         <alignment>0x4</alignment>
         <input_file_ref idref="fl-38"/>
      </object_component>
      <object_component id="oc-86">
         <name>.text.LOG_Debug_Out</name>
         <load_address>0x2744</load_address>
         <readonly>true</readonly>
         <executable>true</executable>
         <run_address>0x2744</run_address>
         <size>0x10c</size>
         <alignment>0x4</alignment>
         <input_file_ref idref="fl-6"/>
      </object_component>
      <object_component id="oc-1ab">
         <name>.text.__divdf3</name>
         <load_address>0x2850</load_address>
         <readonly>true</readonly>
         <executable>true</executable>
         <run_address>0x2850</run_address>
         <size>0x10c</size>
         <alignment>0x4</alignment>
         <input_file_ref idref="fl-101"/>
      </object_component>
      <object_component id="oc-94">
         <name>.text.LCD_ShowIntNum</name>
         <load_address>0x295c</load_address>
         <readonly>true</readonly>
         <executable>true</executable>
         <run_address>0x295c</run_address>
         <size>0x10a</size>
         <alignment>0x2</alignment>
         <input_file_ref idref="fl-4"/>
      </object_component>
      <object_component id="oc-1b6">
         <name>.text.__aeabi_ldiv0</name>
         <load_address>0x2a66</load_address>
         <readonly>true</readonly>
         <executable>true</executable>
         <run_address>0x2a66</run_address>
         <size>0x2</size>
         <alignment>0x2</alignment>
         <input_file_ref idref="fl-10f"/>
      </object_component>
      <object_component id="oc-19b">
         <name>.text.__muldf3</name>
         <load_address>0x2a68</load_address>
         <readonly>true</readonly>
         <executable>true</executable>
         <run_address>0x2a68</run_address>
         <size>0xe4</size>
         <alignment>0x4</alignment>
         <input_file_ref idref="fl-fe"/>
      </object_component>
      <object_component id="oc-100">
         <name>.text.DL_SYSCTL_configSYSPLL</name>
         <load_address>0x2b4c</load_address>
         <readonly>true</readonly>
         <executable>true</executable>
         <run_address>0x2b4c</run_address>
         <size>0xdc</size>
         <alignment>0x4</alignment>
         <input_file_ref idref="fl-17"/>
      </object_component>
      <object_component id="oc-18a">
         <name>.text.scalbn</name>
         <load_address>0x2c28</load_address>
         <readonly>true</readonly>
         <executable>true</executable>
         <run_address>0x2c28</run_address>
         <size>0xd8</size>
         <alignment>0x4</alignment>
         <input_file_ref idref="fl-44"/>
      </object_component>
      <object_component id="oc-63">
         <name>.text.main</name>
         <load_address>0x2d00</load_address>
         <readonly>true</readonly>
         <executable>true</executable>
         <run_address>0x2d00</run_address>
         <size>0xcc</size>
         <alignment>0x4</alignment>
         <input_file_ref idref="fl-1"/>
      </object_component>
      <object_component id="oc-181">
         <name>.text</name>
         <load_address>0x2dcc</load_address>
         <readonly>true</readonly>
         <executable>true</executable>
         <run_address>0x2dcc</run_address>
         <size>0xa2</size>
         <alignment>0x4</alignment>
         <input_file_ref idref="fl-10c"/>
      </object_component>
      <object_component id="oc-76">
         <name>.text:memcpy</name>
         <load_address>0x2e6e</load_address>
         <readonly>true</readonly>
         <executable>true</executable>
         <run_address>0x2e6e</run_address>
         <size>0x9a</size>
         <alignment>0x1</alignment>
         <input_file_ref idref="fl-111"/>
      </object_component>
      <object_component id="oc-1c">
         <name>.text:decompress:lzss</name>
         <load_address>0x2f08</load_address>
         <readonly>true</readonly>
         <executable>true</executable>
         <run_address>0x2f08</run_address>
         <size>0x7c</size>
         <alignment>0x4</alignment>
         <input_file_ref idref="fl-37"/>
      </object_component>
      <object_component id="oc-1a9">
         <name>.text.__gedf2</name>
         <load_address>0x2f84</load_address>
         <readonly>true</readonly>
         <executable>true</executable>
         <run_address>0x2f84</run_address>
         <size>0x74</size>
         <alignment>0x4</alignment>
         <input_file_ref idref="fl-10e"/>
      </object_component>
      <object_component id="oc-dd">
         <name>.text.LCD_WR_DATA</name>
         <load_address>0x2ff8</load_address>
         <readonly>true</readonly>
         <executable>true</executable>
         <run_address>0x2ff8</run_address>
         <size>0x70</size>
         <alignment>0x4</alignment>
         <input_file_ref idref="fl-5"/>
      </object_component>
      <object_component id="oc-1a3">
         <name>.text.__ledf2</name>
         <load_address>0x3068</load_address>
         <readonly>true</readonly>
         <executable>true</executable>
         <run_address>0x3068</run_address>
         <size>0x68</size>
         <alignment>0x4</alignment>
         <input_file_ref idref="fl-10e"/>
      </object_component>
      <object_component id="oc-80">
         <name>.text.lc_printf</name>
         <load_address>0x30d0</load_address>
         <readonly>true</readonly>
         <executable>true</executable>
         <run_address>0x30d0</run_address>
         <size>0x68</size>
         <alignment>0x4</alignment>
         <input_file_ref idref="fl-6"/>
      </object_component>
      <object_component id="oc-1a2">
         <name>.text._mcpy</name>
         <load_address>0x3138</load_address>
         <readonly>true</readonly>
         <executable>true</executable>
         <run_address>0x3138</run_address>
         <size>0x66</size>
         <alignment>0x2</alignment>
         <input_file_ref idref="fl-38"/>
      </object_component>
      <object_component id="oc-fa">
         <name>.text.DL_SYSCTL_setHFCLKSourceHFXTParams</name>
         <load_address>0x31a0</load_address>
         <readonly>true</readonly>
         <executable>true</executable>
         <run_address>0x31a0</run_address>
         <size>0x64</size>
         <alignment>0x4</alignment>
         <input_file_ref idref="fl-17"/>
      </object_component>
      <object_component id="oc-c2">
         <name>.text.SYSCFG_DL_SYSCTL_init</name>
         <load_address>0x3204</load_address>
         <readonly>true</readonly>
         <executable>true</executable>
         <run_address>0x3204</run_address>
         <size>0x64</size>
         <alignment>0x4</alignment>
         <input_file_ref idref="fl-2"/>
      </object_component>
      <object_component id="oc-167">
         <name>.text.__aeabi_dcmp</name>
         <load_address>0x3268</load_address>
         <readonly>true</readonly>
         <executable>true</executable>
         <run_address>0x3268</run_address>
         <size>0x62</size>
         <alignment>0x4</alignment>
         <input_file_ref idref="fl-106"/>
      </object_component>
      <object_component id="oc-bf">
         <name>.text:memset</name>
         <load_address>0x32ca</load_address>
         <readonly>true</readonly>
         <executable>true</executable>
         <run_address>0x32ca</run_address>
         <size>0x62</size>
         <alignment>0x1</alignment>
         <input_file_ref idref="fl-112"/>
      </object_component>
      <object_component id="oc-c4">
         <name>.text.SYSCFG_DL_UART_0_init</name>
         <load_address>0x332c</load_address>
         <readonly>true</readonly>
         <executable>true</executable>
         <run_address>0x332c</run_address>
         <size>0x60</size>
         <alignment>0x4</alignment>
         <input_file_ref idref="fl-2"/>
      </object_component>
      <object_component id="oc-186">
         <name>.text.frexp</name>
         <load_address>0x338c</load_address>
         <readonly>true</readonly>
         <executable>true</executable>
         <run_address>0x338c</run_address>
         <size>0x5c</size>
         <alignment>0x4</alignment>
         <input_file_ref idref="fl-43"/>
      </object_component>
      <object_component id="oc-192">
         <name>.text.__TI_ltoa</name>
         <load_address>0x33e8</load_address>
         <readonly>true</readonly>
         <executable>true</executable>
         <run_address>0x33e8</run_address>
         <size>0x58</size>
         <alignment>0x2</alignment>
         <input_file_ref idref="fl-3c"/>
      </object_component>
      <object_component id="oc-16c">
         <name>.text._pconv_f</name>
         <load_address>0x3440</load_address>
         <readonly>true</readonly>
         <executable>true</executable>
         <run_address>0x3440</run_address>
         <size>0x58</size>
         <alignment>0x2</alignment>
         <input_file_ref idref="fl-38"/>
      </object_component>
      <object_component id="oc-1c3">
         <name>.text.__aeabi_idivmod</name>
         <load_address>0x3498</load_address>
         <readonly>true</readonly>
         <executable>true</executable>
         <run_address>0x3498</run_address>
         <size>0x56</size>
         <alignment>0x4</alignment>
         <input_file_ref idref="fl-107"/>
      </object_component>
      <object_component id="oc-1a0">
         <name>.text._ecpy</name>
         <load_address>0x34ee</load_address>
         <readonly>true</readonly>
         <executable>true</executable>
         <run_address>0x34ee</run_address>
         <size>0x52</size>
         <alignment>0x2</alignment>
         <input_file_ref idref="fl-38"/>
      </object_component>
      <object_component id="oc-c1">
         <name>.text.SYSCFG_DL_GPIO_init</name>
         <load_address>0x3540</load_address>
         <readonly>true</readonly>
         <executable>true</executable>
         <run_address>0x3540</run_address>
         <size>0x50</size>
         <alignment>0x4</alignment>
         <input_file_ref idref="fl-2"/>
      </object_component>
      <object_component id="oc-c5">
         <name>.text.SYSCFG_DL_SPI_LCD_init</name>
         <load_address>0x3590</load_address>
         <readonly>true</readonly>
         <executable>true</executable>
         <run_address>0x3590</run_address>
         <size>0x4c</size>
         <alignment>0x4</alignment>
         <input_file_ref idref="fl-2"/>
      </object_component>
      <object_component id="oc-93">
         <name>.text.LCD_ShowString</name>
         <load_address>0x35dc</load_address>
         <readonly>true</readonly>
         <executable>true</executable>
         <run_address>0x35dc</run_address>
         <size>0x4a</size>
         <alignment>0x2</alignment>
         <input_file_ref idref="fl-4"/>
      </object_component>
      <object_component id="oc-18e">
         <name>.text.__fixdfsi</name>
         <load_address>0x3628</load_address>
         <readonly>true</readonly>
         <executable>true</executable>
         <run_address>0x3628</run_address>
         <size>0x4a</size>
         <alignment>0x4</alignment>
         <input_file_ref idref="fl-102"/>
      </object_component>
      <object_component id="oc-109">
         <name>.text.DL_UART_init</name>
         <load_address>0x3674</load_address>
         <readonly>true</readonly>
         <executable>true</executable>
         <run_address>0x3674</run_address>
         <size>0x48</size>
         <alignment>0x4</alignment>
         <input_file_ref idref="fl-16"/>
      </object_component>
      <object_component id="oc-112">
         <name>.text.DL_SPI_init</name>
         <load_address>0x36bc</load_address>
         <readonly>true</readonly>
         <executable>true</executable>
         <run_address>0x36bc</run_address>
         <size>0x44</size>
         <alignment>0x4</alignment>
         <input_file_ref idref="fl-15"/>
      </object_component>
      <object_component id="oc-101">
         <name>.text.DL_SYSCTL_switchMCLKfromSYSOSCtoHSCLK</name>
         <load_address>0x3700</load_address>
         <readonly>true</readonly>
         <executable>true</executable>
         <run_address>0x3700</run_address>
         <size>0x44</size>
         <alignment>0x4</alignment>
         <input_file_ref idref="fl-17"/>
      </object_component>
      <object_component id="oc-c0">
         <name>.text.SYSCFG_DL_initPower</name>
         <load_address>0x3744</load_address>
         <readonly>true</readonly>
         <executable>true</executable>
         <run_address>0x3744</run_address>
         <size>0x40</size>
         <alignment>0x4</alignment>
         <input_file_ref idref="fl-2"/>
      </object_component>
      <object_component id="oc-e1">
         <name>.text.__aeabi_uidivmod</name>
         <load_address>0x3784</load_address>
         <readonly>true</readonly>
         <executable>true</executable>
         <run_address>0x3784</run_address>
         <size>0x40</size>
         <alignment>0x4</alignment>
         <input_file_ref idref="fl-10a"/>
      </object_component>
      <object_component id="oc-150">
         <name>.text.atoi</name>
         <load_address>0x37c4</load_address>
         <readonly>true</readonly>
         <executable>true</executable>
         <run_address>0x37c4</run_address>
         <size>0x40</size>
         <alignment>0x4</alignment>
         <input_file_ref idref="fl-3f"/>
      </object_component>
      <object_component id="oc-ca">
         <name>.text.vsnprintf</name>
         <load_address>0x3804</load_address>
         <readonly>true</readonly>
         <executable>true</executable>
         <run_address>0x3804</run_address>
         <size>0x40</size>
         <alignment>0x4</alignment>
         <input_file_ref idref="fl-2f"/>
      </object_component>
      <object_component id="oc-a7">
         <name>.text:__TI_auto_init_nobinit_nopinit</name>
         <load_address>0x3844</load_address>
         <readonly>true</readonly>
         <executable>true</executable>
         <run_address>0x3844</run_address>
         <size>0x3c</size>
         <alignment>0x4</alignment>
         <input_file_ref idref="fl-32"/>
      </object_component>
      <object_component id="oc-17c">
         <name>.text.__muldsi3</name>
         <load_address>0x3880</load_address>
         <readonly>true</readonly>
         <executable>true</executable>
         <run_address>0x3880</run_address>
         <size>0x3a</size>
         <alignment>0x4</alignment>
         <input_file_ref idref="fl-ff"/>
      </object_component>
      <object_component id="oc-d2">
         <name>.text.sprintf</name>
         <load_address>0x38bc</load_address>
         <readonly>true</readonly>
         <executable>true</executable>
         <run_address>0x38bc</run_address>
         <size>0x38</size>
         <alignment>0x4</alignment>
         <input_file_ref idref="fl-2e"/>
      </object_component>
      <object_component id="oc-1a1">
         <name>.text._fcpy</name>
         <load_address>0x38f4</load_address>
         <readonly>true</readonly>
         <executable>true</executable>
         <run_address>0x38f4</run_address>
         <size>0x30</size>
         <alignment>0x2</alignment>
         <input_file_ref idref="fl-38"/>
      </object_component>
      <object_component id="oc-116">
         <name>.text._outs</name>
         <load_address>0x3924</load_address>
         <readonly>true</readonly>
         <executable>true</executable>
         <run_address>0x3924</run_address>
         <size>0x30</size>
         <alignment>0x2</alignment>
         <input_file_ref idref="fl-2f"/>
      </object_component>
      <object_component id="oc-196">
         <name>.text.__floatsidf</name>
         <load_address>0x3954</load_address>
         <readonly>true</readonly>
         <executable>true</executable>
         <run_address>0x3954</run_address>
         <size>0x2c</size>
         <alignment>0x4</alignment>
         <input_file_ref idref="fl-104"/>
      </object_component>
      <object_component id="oc-c6">
         <name>.text.SYSCFG_DL_SYSCTL_CLK_init</name>
         <load_address>0x3980</load_address>
         <readonly>true</readonly>
         <executable>true</executable>
         <run_address>0x3980</run_address>
         <size>0x28</size>
         <alignment>0x4</alignment>
         <input_file_ref idref="fl-2"/>
      </object_component>
      <object_component id="oc-7b">
         <name>.text.SYSCFG_DL_init</name>
         <load_address>0x39a8</load_address>
         <readonly>true</readonly>
         <executable>true</executable>
         <run_address>0x39a8</run_address>
         <size>0x28</size>
         <alignment>0x4</alignment>
         <input_file_ref idref="fl-2"/>
      </object_component>
      <object_component id="oc-4f">
         <name>.text:_c_int00_noargs</name>
         <load_address>0x39d0</load_address>
         <readonly>true</readonly>
         <executable>true</executable>
         <run_address>0x39d0</run_address>
         <size>0x28</size>
         <alignment>0x4</alignment>
         <input_file_ref idref="fl-30"/>
      </object_component>
      <object_component id="oc-15d">
         <name>.text.__muldi3</name>
         <load_address>0x39f8</load_address>
         <readonly>true</readonly>
         <executable>true</executable>
         <run_address>0x39f8</run_address>
         <size>0x24</size>
         <alignment>0x4</alignment>
         <input_file_ref idref="fl-105"/>
      </object_component>
      <object_component id="oc-149">
         <name>.text.memccpy</name>
         <load_address>0x3a1c</load_address>
         <readonly>true</readonly>
         <executable>true</executable>
         <run_address>0x3a1c</run_address>
         <size>0x22</size>
         <alignment>0x2</alignment>
         <input_file_ref idref="fl-41"/>
      </object_component>
      <object_component id="oc-1b7">
         <name>.text.__ashldi3</name>
         <load_address>0x3a40</load_address>
         <readonly>true</readonly>
         <executable>true</executable>
         <run_address>0x3a40</run_address>
         <size>0x1e</size>
         <alignment>0x4</alignment>
         <input_file_ref idref="fl-10d"/>
      </object_component>
      <object_component id="oc-117">
         <name>.text._outc</name>
         <load_address>0x3a5e</load_address>
         <readonly>true</readonly>
         <executable>true</executable>
         <run_address>0x3a5e</run_address>
         <size>0x18</size>
         <alignment>0x2</alignment>
         <input_file_ref idref="fl-2f"/>
      </object_component>
      <object_component id="oc-11a">
         <name>.text._outs</name>
         <load_address>0x3a76</load_address>
         <readonly>true</readonly>
         <executable>true</executable>
         <run_address>0x3a76</run_address>
         <size>0x18</size>
         <alignment>0x2</alignment>
         <input_file_ref idref="fl-2e"/>
      </object_component>
      <object_component id="oc-46">
         <name>.text:decompress:ZI:__TI_zero_init_nomemset</name>
         <load_address>0x3a8e</load_address>
         <readonly>true</readonly>
         <executable>true</executable>
         <run_address>0x3a8e</run_address>
         <size>0x16</size>
         <alignment>0x2</alignment>
         <input_file_ref idref="fl-35"/>
      </object_component>
      <object_component id="oc-162">
         <name>.text.__aeabi_uldivmod</name>
         <load_address>0x3aa4</load_address>
         <readonly>true</readonly>
         <executable>true</executable>
         <run_address>0x3aa4</run_address>
         <size>0x14</size>
         <alignment>0x4</alignment>
         <input_file_ref idref="fl-10b"/>
      </object_component>
      <object_component id="oc-19f">
         <name>.text.strchr</name>
         <load_address>0x3ab8</load_address>
         <readonly>true</readonly>
         <executable>true</executable>
         <run_address>0x3ab8</run_address>
         <size>0x14</size>
         <alignment>0x2</alignment>
         <input_file_ref idref="fl-38"/>
      </object_component>
      <object_component id="oc-10c">
         <name>.text.DL_SPI_setClockConfig</name>
         <load_address>0x3acc</load_address>
         <readonly>true</readonly>
         <executable>true</executable>
         <run_address>0x3acc</run_address>
         <size>0x12</size>
         <alignment>0x2</alignment>
         <input_file_ref idref="fl-15"/>
      </object_component>
      <object_component id="oc-103">
         <name>.text.DL_UART_setClockConfig</name>
         <load_address>0x3ade</load_address>
         <readonly>true</readonly>
         <executable>true</executable>
         <run_address>0x3ade</run_address>
         <size>0x12</size>
         <alignment>0x2</alignment>
         <input_file_ref idref="fl-16"/>
      </object_component>
      <object_component id="oc-20">
         <name>.text:decompress:none</name>
         <load_address>0x3af0</load_address>
         <readonly>true</readonly>
         <executable>true</executable>
         <run_address>0x3af0</run_address>
         <size>0x12</size>
         <alignment>0x2</alignment>
         <input_file_ref idref="fl-36"/>
      </object_component>
      <object_component id="oc-d9">
         <name>.text.delay_ms</name>
         <load_address>0x3b04</load_address>
         <readonly>true</readonly>
         <executable>true</executable>
         <run_address>0x3b04</run_address>
         <size>0x10</size>
         <alignment>0x4</alignment>
         <input_file_ref idref="fl-6"/>
      </object_component>
      <object_component id="oc-154">
         <name>.text.wcslen</name>
         <load_address>0x3b14</load_address>
         <readonly>true</readonly>
         <executable>true</executable>
         <run_address>0x3b14</run_address>
         <size>0x10</size>
         <alignment>0x2</alignment>
         <input_file_ref idref="fl-45"/>
      </object_component>
      <object_component id="oc-148">
         <name>.text.__aeabi_memset</name>
         <load_address>0x3b24</load_address>
         <readonly>true</readonly>
         <executable>true</executable>
         <run_address>0x3b24</run_address>
         <size>0xe</size>
         <alignment>0x4</alignment>
         <input_file_ref idref="fl-109"/>
      </object_component>
      <object_component id="oc-147">
         <name>.text.strlen</name>
         <load_address>0x3b32</load_address>
         <readonly>true</readonly>
         <executable>true</executable>
         <run_address>0x3b32</run_address>
         <size>0xe</size>
         <alignment>0x2</alignment>
         <input_file_ref idref="fl-38"/>
      </object_component>
      <object_component id="oc-5a">
         <name>.text.__aeabi_memclr</name>
         <load_address>0x3b40</load_address>
         <readonly>true</readonly>
         <executable>true</executable>
         <run_address>0x3b40</run_address>
         <size>0xc</size>
         <alignment>0x4</alignment>
         <input_file_ref idref="fl-109"/>
      </object_component>
      <object_component id="oc-f6">
         <name>.text.DL_Common_delayCycles</name>
         <load_address>0x3b4c</load_address>
         <readonly>true</readonly>
         <executable>true</executable>
         <run_address>0x3b4c</run_address>
         <size>0xa</size>
         <alignment>0x2</alignment>
         <input_file_ref idref="fl-14"/>
      </object_component>
      <object_component id="oc-19a">
         <name>.text.OUTLINED_FUNCTION_0</name>
         <load_address>0x3b56</load_address>
         <readonly>true</readonly>
         <executable>true</executable>
         <run_address>0x3b56</run_address>
         <size>0xa</size>
         <alignment>0x2</alignment>
         <input_file_ref idref="fl-38"/>
      </object_component>
      <object_component id="oc-219">
         <name>.tramp.__aeabi_dsub.1</name>
         <load_address>0x3b60</load_address>
         <readonly>true</readonly>
         <executable>true</executable>
         <run_address>0x3b60</run_address>
         <size>0x10</size>
         <alignment>0x4</alignment>
         <input_file_ref idref="fl-fd"/>
      </object_component>
      <object_component id="oc-1b4">
         <name>.text.OUTLINED_FUNCTION_1</name>
         <load_address>0x3b70</load_address>
         <readonly>true</readonly>
         <executable>true</executable>
         <run_address>0x3b70</run_address>
         <size>0xa</size>
         <alignment>0x2</alignment>
         <input_file_ref idref="fl-38"/>
      </object_component>
      <object_component id="oc-11b">
         <name>.text._outc</name>
         <load_address>0x3b7a</load_address>
         <readonly>true</readonly>
         <executable>true</executable>
         <run_address>0x3b7a</run_address>
         <size>0xa</size>
         <alignment>0x2</alignment>
         <input_file_ref idref="fl-2e"/>
      </object_component>
      <object_component id="oc-158">
         <name>.text.__aeabi_errno_addr</name>
         <load_address>0x3b84</load_address>
         <readonly>true</readonly>
         <executable>true</executable>
         <run_address>0x3b84</run_address>
         <size>0x8</size>
         <alignment>0x4</alignment>
         <input_file_ref idref="fl-39"/>
      </object_component>
      <object_component id="oc-3f">
         <name>.text.__aeabi_memcpy</name>
         <load_address>0x3b8c</load_address>
         <readonly>true</readonly>
         <executable>true</executable>
         <run_address>0x3b8c</run_address>
         <size>0x8</size>
         <alignment>0x4</alignment>
         <input_file_ref idref="fl-108"/>
      </object_component>
      <object_component id="oc-a0">
         <name>.text:abort</name>
         <load_address>0x3b94</load_address>
         <readonly>true</readonly>
         <executable>true</executable>
         <run_address>0x3b94</run_address>
         <size>0x6</size>
         <alignment>0x2</alignment>
         <input_file_ref idref="fl-3a"/>
      </object_component>
      <object_component id="oc-e5">
         <name>.text.HOSTexit</name>
         <load_address>0x3b9a</load_address>
         <readonly>true</readonly>
         <executable>true</executable>
         <run_address>0x3b9a</run_address>
         <size>0x4</size>
         <alignment>0x2</alignment>
         <input_file_ref idref="fl-ed"/>
      </object_component>
      <object_component id="oc-2f">
         <name>.text.Reset_Handler</name>
         <load_address>0x3b9e</load_address>
         <readonly>true</readonly>
         <executable>true</executable>
         <run_address>0x3b9e</run_address>
         <size>0x4</size>
         <alignment>0x2</alignment>
         <input_file_ref idref="fl-3"/>
      </object_component>
      <object_component id="oc-5f">
         <name>.text._system_pre_init</name>
         <load_address>0x3ba2</load_address>
         <readonly>true</readonly>
         <executable>true</executable>
         <run_address>0x3ba2</run_address>
         <size>0x4</size>
         <alignment>0x2</alignment>
         <input_file_ref idref="fl-33"/>
      </object_component>
      <object_component id="oc-213">
         <name>__TI_handler_table</name>
         <load_address>0x7170</load_address>
         <readonly>true</readonly>
         <run_address>0x7170</run_address>
         <size>0xc</size>
         <alignment>0x4</alignment>
      </object_component>
      <object_component id="oc-216">
         <name>.cinit..bss.load</name>
         <load_address>0x717c</load_address>
         <readonly>true</readonly>
         <run_address>0x717c</run_address>
         <size>0x8</size>
         <alignment>0x4</alignment>
      </object_component>
      <object_component id="oc-215">
         <name>.cinit..data.load</name>
         <load_address>0x7184</load_address>
         <readonly>true</readonly>
         <run_address>0x7184</run_address>
         <size>0x7</size>
         <alignment>0x1</alignment>
      </object_component>
      <object_component id="oc-214">
         <name>__TI_cinit_table</name>
         <load_address>0x718c</load_address>
         <readonly>true</readonly>
         <run_address>0x718c</run_address>
         <size>0x10</size>
         <alignment>0x4</alignment>
      </object_component>
      <object_component id="oc-121">
         <name>.rodata.ascii_3216</name>
         <load_address>0x3bb0</load_address>
         <readonly>true</readonly>
         <run_address>0x3bb0</run_address>
         <size>0x17c0</size>
         <alignment>0x1</alignment>
         <input_file_ref idref="fl-4"/>
      </object_component>
      <object_component id="oc-11e">
         <name>.rodata.ascii_2412</name>
         <load_address>0x5370</load_address>
         <readonly>true</readonly>
         <run_address>0x5370</run_address>
         <size>0x11d0</size>
         <alignment>0x1</alignment>
         <input_file_ref idref="fl-4"/>
      </object_component>
      <object_component id="oc-11f">
         <name>.rodata.ascii_1608</name>
         <load_address>0x6540</load_address>
         <readonly>true</readonly>
         <run_address>0x6540</run_address>
         <size>0x5f0</size>
         <alignment>0x1</alignment>
         <input_file_ref idref="fl-4"/>
      </object_component>
      <object_component id="oc-120">
         <name>.rodata.ascii_1206</name>
         <load_address>0x6b30</load_address>
         <readonly>true</readonly>
         <run_address>0x6b30</run_address>
         <size>0x474</size>
         <alignment>0x1</alignment>
         <input_file_ref idref="fl-4"/>
      </object_component>
      <object_component id="oc-98">
         <name>.rodata.str1.14685083708502177989.1</name>
         <load_address>0x6fa4</load_address>
         <readonly>true</readonly>
         <run_address>0x6fa4</run_address>
         <size>0xb</size>
         <alignment>0x1</alignment>
         <input_file_ref idref="fl-1"/>
      </object_component>
      <object_component id="oc-171">
         <name>.rodata:__aeabi_ctype_table_</name>
         <load_address>0x6fb0</load_address>
         <readonly>true</readonly>
         <run_address>0x6fb0</run_address>
         <size>0x101</size>
         <alignment>0x10</alignment>
         <input_file_ref idref="fl-4a"/>
      </object_component>
      <object_component id="oc-113">
         <name>.rodata.gSPI_LCD_clockConfig</name>
         <load_address>0x70b1</load_address>
         <readonly>true</readonly>
         <run_address>0x70b1</run_address>
         <size>0x2</size>
         <alignment>0x1</alignment>
         <input_file_ref idref="fl-2"/>
      </object_component>
      <object_component id="oc-102">
         <name>.rodata.gSYSPLLConfig</name>
         <load_address>0x70b4</load_address>
         <readonly>true</readonly>
         <run_address>0x70b4</run_address>
         <size>0x28</size>
         <alignment>0x4</alignment>
         <input_file_ref idref="fl-2"/>
      </object_component>
      <object_component id="oc-d8">
         <name>.rodata.str1.9453984286452795027.1</name>
         <load_address>0x70dc</load_address>
         <readonly>true</readonly>
         <run_address>0x70dc</run_address>
         <size>0x16</size>
         <alignment>0x1</alignment>
         <input_file_ref idref="fl-6"/>
      </object_component>
      <object_component id="oc-9a">
         <name>.rodata.str1.17669528882079347314.1</name>
         <load_address>0x70f2</load_address>
         <readonly>true</readonly>
         <run_address>0x70f2</run_address>
         <size>0x15</size>
         <alignment>0x1</alignment>
         <input_file_ref idref="fl-1"/>
      </object_component>
      <object_component id="oc-161">
         <name>.rodata.str1.10348868589481759720.1</name>
         <load_address>0x7107</load_address>
         <readonly>true</readonly>
         <run_address>0x7107</run_address>
         <size>0x11</size>
         <alignment>0x1</alignment>
         <input_file_ref idref="fl-38"/>
      </object_component>
      <object_component id="oc-14d">
         <name>.rodata.str1.15363888844622738466.1</name>
         <load_address>0x7118</load_address>
         <readonly>true</readonly>
         <run_address>0x7118</run_address>
         <size>0x11</size>
         <alignment>0x1</alignment>
         <input_file_ref idref="fl-38"/>
      </object_component>
      <object_component id="oc-95">
         <name>.rodata.str1.9517790425240694019.1</name>
         <load_address>0x7129</load_address>
         <readonly>true</readonly>
         <run_address>0x7129</run_address>
         <size>0xb</size>
         <alignment>0x1</alignment>
         <input_file_ref idref="fl-1"/>
      </object_component>
      <object_component id="oc-114">
         <name>.rodata.gSPI_LCD_config</name>
         <load_address>0x7134</load_address>
         <readonly>true</readonly>
         <run_address>0x7134</run_address>
         <size>0xa</size>
         <alignment>0x2</alignment>
         <input_file_ref idref="fl-2"/>
      </object_component>
      <object_component id="oc-10b">
         <name>.rodata.gUART_0Config</name>
         <load_address>0x713e</load_address>
         <readonly>true</readonly>
         <run_address>0x713e</run_address>
         <size>0xa</size>
         <alignment>0x2</alignment>
         <input_file_ref idref="fl-2"/>
      </object_component>
      <object_component id="oc-9c">
         <name>.rodata.str1.16704889451495720520.1</name>
         <load_address>0x7148</load_address>
         <readonly>true</readonly>
         <run_address>0x7148</run_address>
         <size>0x7</size>
         <alignment>0x1</alignment>
         <input_file_ref idref="fl-1"/>
      </object_component>
      <object_component id="oc-9b">
         <name>.rodata.str1.7401042497206923953.1</name>
         <load_address>0x714f</load_address>
         <readonly>true</readonly>
         <run_address>0x714f</run_address>
         <size>0x7</size>
         <alignment>0x1</alignment>
         <input_file_ref idref="fl-1"/>
      </object_component>
      <object_component id="oc-97">
         <name>.rodata.str1.11898133897667081452.1</name>
         <load_address>0x7156</load_address>
         <readonly>true</readonly>
         <run_address>0x7156</run_address>
         <size>0x6</size>
         <alignment>0x1</alignment>
         <input_file_ref idref="fl-1"/>
      </object_component>
      <object_component id="oc-96">
         <name>.rodata.str1.254342170260855183.1</name>
         <load_address>0x715c</load_address>
         <readonly>true</readonly>
         <run_address>0x715c</run_address>
         <size>0x6</size>
         <alignment>0x1</alignment>
         <input_file_ref idref="fl-1"/>
      </object_component>
      <object_component id="oc-99">
         <name>.rodata.str1.17791177201879447952.1</name>
         <load_address>0x7162</load_address>
         <readonly>true</readonly>
         <run_address>0x7162</run_address>
         <size>0x5</size>
         <alignment>0x1</alignment>
         <input_file_ref idref="fl-1"/>
      </object_component>
      <object_component id="oc-10a">
         <name>.rodata.gUART_0ClockConfig</name>
         <load_address>0x7167</load_address>
         <readonly>true</readonly>
         <run_address>0x7167</run_address>
         <size>0x2</size>
         <alignment>0x1</alignment>
         <input_file_ref idref="fl-2"/>
      </object_component>
      <object_component id="oc-1db">
         <name>.binit</name>
         <load_address>0x0</load_address>
         <readonly>true</readonly>
         <run_address>0x0</run_address>
         <size>0x0</size>
         <alignment>0x4</alignment>
      </object_component>
      <object_component id="oc-178">
         <name>.data.__aeabi_errno</name>
         <load_address>0x20200028</load_address>
         <readwrite>true</readwrite>
         <run_address>0x20200028</run_address>
         <size>0x4</size>
         <alignment>0x4</alignment>
         <input_file_ref idref="fl-39"/>
      </object_component>
      <object_component id="oc-c7">
         <name>.common:gSPI_LCDBackup</name>
         <uninitialized>true</uninitialized>
         <readwrite>true</readwrite>
         <run_address>0x20200000</run_address>
         <size>0x28</size>
         <alignment>0x4</alignment>
      </object_component>
      <object_component id="oc-1a">
         <name>.stack</name>
         <uninitialized>true</uninitialized>
         <readwrite>true</readwrite>
         <run_address>0x20207e00</run_address>
         <size>0x4</size>
         <alignment>0x4</alignment>
         <input_file_ref idref="fl-30"/>
      </object_component>
      <object_component id="oc-218">
         <name>.stack</name>
         <uninitialized>true</uninitialized>
         <readwrite>true</readwrite>
         <run_address>0x20207e00</run_address>
         <size>0x0</size>
         <alignment>0x8</alignment>
      </object_component>
      <object_component id="oc-9f">
         <name>.debug_loc</name>
         <load_address>0x0</load_address>
         <run_address>0x0</run_address>
         <size>0x13</size>
         <alignment>0x1</alignment>
         <input_file_ref idref="fl-1"/>
      </object_component>
      <object_component id="oc-c3">
         <name>.debug_loc</name>
         <load_address>0x13</load_address>
         <run_address>0x13</run_address>
         <size>0x165</size>
         <alignment>0x1</alignment>
         <input_file_ref idref="fl-2"/>
      </object_component>
      <object_component id="oc-92">
         <name>.debug_loc</name>
         <load_address>0x178</load_address>
         <run_address>0x178</run_address>
         <size>0x2bb2</size>
         <alignment>0x1</alignment>
         <input_file_ref idref="fl-4"/>
      </object_component>
      <object_component id="oc-88">
         <name>.debug_loc</name>
         <load_address>0x2d2a</load_address>
         <run_address>0x2d2a</run_address>
         <size>0xc0d</size>
         <alignment>0x1</alignment>
         <input_file_ref idref="fl-5"/>
      </object_component>
      <object_component id="oc-85">
         <name>.debug_loc</name>
         <load_address>0x3937</load_address>
         <run_address>0x3937</run_address>
         <size>0x260</size>
         <alignment>0x1</alignment>
         <input_file_ref idref="fl-6"/>
      </object_component>
      <object_component id="oc-135">
         <name>.debug_loc</name>
         <load_address>0x3b97</load_address>
         <run_address>0x3b97</run_address>
         <size>0x13</size>
         <alignment>0x1</alignment>
         <input_file_ref idref="fl-14"/>
      </object_component>
      <object_component id="oc-10d">
         <name>.debug_loc</name>
         <load_address>0x3baa</load_address>
         <run_address>0x3baa</run_address>
         <size>0x816</size>
         <alignment>0x1</alignment>
         <input_file_ref idref="fl-15"/>
      </object_component>
      <object_component id="oc-104">
         <name>.debug_loc</name>
         <load_address>0x43c0</load_address>
         <run_address>0x43c0</run_address>
         <size>0x7bc</size>
         <alignment>0x1</alignment>
         <input_file_ref idref="fl-16"/>
      </object_component>
      <object_component id="oc-fb">
         <name>.debug_loc</name>
         <load_address>0x4b7c</load_address>
         <run_address>0x4b7c</run_address>
         <size>0x414</size>
         <alignment>0x1</alignment>
         <input_file_ref idref="fl-17"/>
      </object_component>
      <object_component id="oc-d3">
         <name>.debug_loc</name>
         <load_address>0x4f90</load_address>
         <run_address>0x4f90</run_address>
         <size>0x136</size>
         <alignment>0x1</alignment>
         <input_file_ref idref="fl-2e"/>
      </object_component>
      <object_component id="oc-cd">
         <name>.debug_loc</name>
         <load_address>0x50c6</load_address>
         <run_address>0x50c6</run_address>
         <size>0x186</size>
         <alignment>0x1</alignment>
         <input_file_ref idref="fl-2f"/>
      </object_component>
      <object_component id="oc-3a">
         <name>.debug_loc</name>
         <load_address>0x524c</load_address>
         <run_address>0x524c</run_address>
         <size>0xd8</size>
         <alignment>0x1</alignment>
         <input_file_ref idref="fl-30"/>
      </object_component>
      <object_component id="oc-a9">
         <name>.debug_loc</name>
         <load_address>0x5324</load_address>
         <run_address>0x5324</run_address>
         <size>0x424</size>
         <alignment>0x1</alignment>
         <input_file_ref idref="fl-32"/>
      </object_component>
      <object_component id="oc-4b">
         <name>.debug_loc</name>
         <load_address>0x5748</load_address>
         <run_address>0x5748</run_address>
         <size>0x16c</size>
         <alignment>0x1</alignment>
         <input_file_ref idref="fl-35"/>
      </object_component>
      <object_component id="oc-45">
         <name>.debug_loc</name>
         <load_address>0x58b4</load_address>
         <run_address>0x58b4</run_address>
         <size>0x6f</size>
         <alignment>0x1</alignment>
         <input_file_ref idref="fl-36"/>
      </object_component>
      <object_component id="oc-3d">
         <name>.debug_loc</name>
         <load_address>0x5923</load_address>
         <run_address>0x5923</run_address>
         <size>0x167</size>
         <alignment>0x1</alignment>
         <input_file_ref idref="fl-37"/>
      </object_component>
      <object_component id="oc-13d">
         <name>.debug_loc</name>
         <load_address>0x5a8a</load_address>
         <run_address>0x5a8a</run_address>
         <size>0x32d8</size>
         <alignment>0x1</alignment>
         <input_file_ref idref="fl-38"/>
      </object_component>
      <object_component id="oc-17b">
         <name>.debug_loc</name>
         <load_address>0x8d62</load_address>
         <run_address>0x8d62</run_address>
         <size>0x101</size>
         <alignment>0x1</alignment>
         <input_file_ref idref="fl-39"/>
      </object_component>
      <object_component id="oc-a6">
         <name>.debug_loc</name>
         <load_address>0x8e63</load_address>
         <run_address>0x8e63</run_address>
         <size>0x26</size>
         <alignment>0x1</alignment>
         <input_file_ref idref="fl-3a"/>
      </object_component>
      <object_component id="oc-1c9">
         <name>.debug_loc</name>
         <load_address>0x8e89</load_address>
         <run_address>0x8e89</run_address>
         <size>0x8f</size>
         <alignment>0x1</alignment>
         <input_file_ref idref="fl-3c"/>
      </object_component>
      <object_component id="oc-174">
         <name>.debug_loc</name>
         <load_address>0x8f18</load_address>
         <run_address>0x8f18</run_address>
         <size>0x66</size>
         <alignment>0x1</alignment>
         <input_file_ref idref="fl-3f"/>
      </object_component>
      <object_component id="oc-170">
         <name>.debug_loc</name>
         <load_address>0x8f7e</load_address>
         <run_address>0x8f7e</run_address>
         <size>0xbf</size>
         <alignment>0x1</alignment>
         <input_file_ref idref="fl-41"/>
      </object_component>
      <object_component id="oc-1be">
         <name>.debug_loc</name>
         <load_address>0x903d</load_address>
         <run_address>0x903d</run_address>
         <size>0x9c</size>
         <alignment>0x1</alignment>
         <input_file_ref idref="fl-43"/>
      </object_component>
      <object_component id="oc-1c1">
         <name>.debug_loc</name>
         <load_address>0x90d9</load_address>
         <run_address>0x90d9</run_address>
         <size>0x127</size>
         <alignment>0x1</alignment>
         <input_file_ref idref="fl-44"/>
      </object_component>
      <object_component id="oc-177">
         <name>.debug_loc</name>
         <load_address>0x9200</load_address>
         <run_address>0x9200</run_address>
         <size>0x33</size>
         <alignment>0x1</alignment>
         <input_file_ref idref="fl-45"/>
      </object_component>
      <object_component id="oc-1a7">
         <name>.debug_loc</name>
         <load_address>0x9233</load_address>
         <run_address>0x9233</run_address>
         <size>0x363</size>
         <alignment>0x1</alignment>
         <input_file_ref idref="fl-10e"/>
      </object_component>
      <object_component id="oc-146">
         <name>.debug_loc</name>
         <load_address>0x9596</load_address>
         <run_address>0x9596</run_address>
         <size>0x20</size>
         <alignment>0x1</alignment>
         <input_file_ref idref="fl-10f"/>
      </object_component>
      <object_component id="oc-9d">
         <name>.debug_abbrev</name>
         <load_address>0x0</load_address>
         <run_address>0x0</run_address>
         <size>0xa6</size>
         <alignment>0x1</alignment>
         <input_file_ref idref="fl-1"/>
      </object_component>
      <object_component id="oc-c8">
         <name>.debug_abbrev</name>
         <load_address>0xa6</load_address>
         <run_address>0xa6</run_address>
         <size>0x221</size>
         <alignment>0x1</alignment>
         <input_file_ref idref="fl-2"/>
      </object_component>
      <object_component id="oc-34">
         <name>.debug_abbrev</name>
         <load_address>0x2c7</load_address>
         <run_address>0x2c7</run_address>
         <size>0x6d</size>
         <alignment>0x1</alignment>
         <input_file_ref idref="fl-3"/>
      </object_component>
      <object_component id="oc-de">
         <name>.debug_abbrev</name>
         <load_address>0x334</load_address>
         <run_address>0x334</run_address>
         <size>0x213</size>
         <alignment>0x1</alignment>
         <input_file_ref idref="fl-4"/>
      </object_component>
      <object_component id="oc-da">
         <name>.debug_abbrev</name>
         <load_address>0x547</load_address>
         <run_address>0x547</run_address>
         <size>0x1a6</size>
         <alignment>0x1</alignment>
         <input_file_ref idref="fl-5"/>
      </object_component>
      <object_component id="oc-d0">
         <name>.debug_abbrev</name>
         <load_address>0x6ed</load_address>
         <run_address>0x6ed</run_address>
         <size>0x232</size>
         <alignment>0x1</alignment>
         <input_file_ref idref="fl-6"/>
      </object_component>
      <object_component id="oc-133">
         <name>.debug_abbrev</name>
         <load_address>0x91f</load_address>
         <run_address>0x91f</run_address>
         <size>0x62</size>
         <alignment>0x1</alignment>
         <input_file_ref idref="fl-14"/>
      </object_component>
      <object_component id="oc-13a">
         <name>.debug_abbrev</name>
         <load_address>0x981</load_address>
         <run_address>0x981</run_address>
         <size>0x277</size>
         <alignment>0x1</alignment>
         <input_file_ref idref="fl-15"/>
      </object_component>
      <object_component id="oc-138">
         <name>.debug_abbrev</name>
         <load_address>0xbf8</load_address>
         <run_address>0xbf8</run_address>
         <size>0x29b</size>
         <alignment>0x1</alignment>
         <input_file_ref idref="fl-16"/>
      </object_component>
      <object_component id="oc-136">
         <name>.debug_abbrev</name>
         <load_address>0xe93</load_address>
         <run_address>0xe93</run_address>
         <size>0x218</size>
         <alignment>0x1</alignment>
         <input_file_ref idref="fl-17"/>
      </object_component>
      <object_component id="oc-11c">
         <name>.debug_abbrev</name>
         <load_address>0x10ab</load_address>
         <run_address>0x10ab</run_address>
         <size>0xe1</size>
         <alignment>0x1</alignment>
         <input_file_ref idref="fl-2e"/>
      </object_component>
      <object_component id="oc-118">
         <name>.debug_abbrev</name>
         <load_address>0x118c</load_address>
         <run_address>0x118c</run_address>
         <size>0x10a</size>
         <alignment>0x1</alignment>
         <input_file_ref idref="fl-2f"/>
      </object_component>
      <object_component id="oc-36">
         <name>.debug_abbrev</name>
         <load_address>0x1296</load_address>
         <run_address>0x1296</run_address>
         <size>0xaf</size>
         <alignment>0x1</alignment>
         <input_file_ref idref="fl-30"/>
      </object_component>
      <object_component id="oc-ef">
         <name>.debug_abbrev</name>
         <load_address>0x1345</load_address>
         <run_address>0x1345</run_address>
         <size>0x170</size>
         <alignment>0x1</alignment>
         <input_file_ref idref="fl-32"/>
      </object_component>
      <object_component id="oc-79">
         <name>.debug_abbrev</name>
         <load_address>0x14b5</load_address>
         <run_address>0x14b5</run_address>
         <size>0x39</size>
         <alignment>0x1</alignment>
         <input_file_ref idref="fl-33"/>
      </object_component>
      <object_component id="oc-58">
         <name>.debug_abbrev</name>
         <load_address>0x14ee</load_address>
         <run_address>0x14ee</run_address>
         <size>0xc2</size>
         <alignment>0x1</alignment>
         <input_file_ref idref="fl-35"/>
      </object_component>
      <object_component id="oc-43">
         <name>.debug_abbrev</name>
         <load_address>0x15b0</load_address>
         <run_address>0x15b0</run_address>
         <size>0x70</size>
         <alignment>0x1</alignment>
         <input_file_ref idref="fl-36"/>
      </object_component>
      <object_component id="oc-3b">
         <name>.debug_abbrev</name>
         <load_address>0x1620</load_address>
         <run_address>0x1620</run_address>
         <size>0x8d</size>
         <alignment>0x1</alignment>
         <input_file_ref idref="fl-37"/>
      </object_component>
      <object_component id="oc-14e">
         <name>.debug_abbrev</name>
         <load_address>0x16ad</load_address>
         <run_address>0x16ad</run_address>
         <size>0x2a3</size>
         <alignment>0x1</alignment>
         <input_file_ref idref="fl-38"/>
      </object_component>
      <object_component id="oc-179">
         <name>.debug_abbrev</name>
         <load_address>0x1950</load_address>
         <run_address>0x1950</run_address>
         <size>0x148</size>
         <alignment>0x1</alignment>
         <input_file_ref idref="fl-39"/>
      </object_component>
      <object_component id="oc-e9">
         <name>.debug_abbrev</name>
         <load_address>0x1a98</load_address>
         <run_address>0x1a98</run_address>
         <size>0x98</size>
         <alignment>0x1</alignment>
         <input_file_ref idref="fl-3a"/>
      </object_component>
      <object_component id="oc-1c7">
         <name>.debug_abbrev</name>
         <load_address>0x1b30</load_address>
         <run_address>0x1b30</run_address>
         <size>0x95</size>
         <alignment>0x1</alignment>
         <input_file_ref idref="fl-3c"/>
      </object_component>
      <object_component id="oc-172">
         <name>.debug_abbrev</name>
         <load_address>0x1bc5</load_address>
         <run_address>0x1bc5</run_address>
         <size>0x72</size>
         <alignment>0x1</alignment>
         <input_file_ref idref="fl-3f"/>
      </object_component>
      <object_component id="oc-16e">
         <name>.debug_abbrev</name>
         <load_address>0x1c37</load_address>
         <run_address>0x1c37</run_address>
         <size>0x8b</size>
         <alignment>0x1</alignment>
         <input_file_ref idref="fl-41"/>
      </object_component>
      <object_component id="oc-1bc">
         <name>.debug_abbrev</name>
         <load_address>0x1cc2</load_address>
         <run_address>0x1cc2</run_address>
         <size>0x81</size>
         <alignment>0x1</alignment>
         <input_file_ref idref="fl-43"/>
      </object_component>
      <object_component id="oc-1bf">
         <name>.debug_abbrev</name>
         <load_address>0x1d43</load_address>
         <run_address>0x1d43</run_address>
         <size>0x88</size>
         <alignment>0x1</alignment>
         <input_file_ref idref="fl-44"/>
      </object_component>
      <object_component id="oc-175">
         <name>.debug_abbrev</name>
         <load_address>0x1dcb</load_address>
         <run_address>0x1dcb</run_address>
         <size>0x72</size>
         <alignment>0x1</alignment>
         <input_file_ref idref="fl-45"/>
      </object_component>
      <object_component id="oc-128">
         <name>.debug_abbrev</name>
         <load_address>0x1e3d</load_address>
         <run_address>0x1e3d</run_address>
         <size>0x2c</size>
         <alignment>0x1</alignment>
[...]
      </symbol>
      <symbol id="sm-88">
         <name>UART3_IRQHandler</name>
         <value>0xc9b</value>
         <object_component_ref idref="oc-33"/>
      </symbol>
      <symbol id="sm-89">
         <name>ADC0_IRQHandler</name>
         <value>0xc9b</value>
         <object_component_ref idref="oc-33"/>
      </symbol>
      <symbol id="sm-8a">
         <name>ADC1_IRQHandler</name>
         <value>0xc9b</value>
         <object_component_ref idref="oc-33"/>
      </symbol>
      <symbol id="sm-8b">
         <name>CANFD0_IRQHandler</name>
         <value>0xc9b</value>
         <object_component_ref idref="oc-33"/>
      </symbol>
      <symbol id="sm-8c">
         <name>DAC0_IRQHandler</name>
         <value>0xc9b</value>
         <object_component_ref idref="oc-33"/>
      </symbol>
      <symbol id="sm-8d">
         <name>SPI0_IRQHandler</name>
         <value>0xc9b</value>
         <object_component_ref idref="oc-33"/>
      </symbol>
      <symbol id="sm-8e">
         <name>SPI1_IRQHandler</name>
         <value>0xc9b</value>
         <object_component_ref idref="oc-33"/>
      </symbol>
      <symbol id="sm-8f">
         <name>UART1_IRQHandler</name>
         <value>0xc9b</value>
         <object_component_ref idref="oc-33"/>
      </symbol>
      <symbol id="sm-90">
         <name>UART2_IRQHandler</name>
         <value>0xc9b</value>
         <object_component_ref idref="oc-33"/>
      </symbol>
      <symbol id="sm-91">
         <name>UART0_IRQHandler</name>
         <value>0xc9b</value>
         <object_component_ref idref="oc-33"/>
      </symbol>
      <symbol id="sm-92">
         <name>TIMG0_IRQHandler</name>
         <value>0xc9b</value>
         <object_component_ref idref="oc-33"/>
      </symbol>
      <symbol id="sm-93">
         <name>TIMG6_IRQHandler</name>
         <value>0xc9b</value>
         <object_component_ref idref="oc-33"/>
      </symbol>
      <symbol id="sm-94">
         <name>TIMA0_IRQHandler</name>
         <value>0xc9b</value>
         <object_component_ref idref="oc-33"/>
      </symbol>
      <symbol id="sm-95">
         <name>TIMA1_IRQHandler</name>
         <value>0xc9b</value>
         <object_component_ref idref="oc-33"/>
      </symbol>
      <symbol id="sm-96">
         <name>TIMG7_IRQHandler</name>
         <value>0xc9b</value>
         <object_component_ref idref="oc-33"/>
      </symbol>
      <symbol id="sm-97">
         <name>TIMG12_IRQHandler</name>
         <value>0xc9b</value>
         <object_component_ref idref="oc-33"/>
      </symbol>
      <symbol id="sm-98">
         <name>I2C0_IRQHandler</name>
         <value>0xc9b</value>
         <object_component_ref idref="oc-33"/>
      </symbol>
      <symbol id="sm-99">
         <name>I2C1_IRQHandler</name>
         <value>0xc9b</value>
         <object_component_ref idref="oc-33"/>
      </symbol>
      <symbol id="sm-9a">
         <name>AES_IRQHandler</name>
         <value>0xc9b</value>
         <object_component_ref idref="oc-33"/>
      </symbol>
      <symbol id="sm-9b">
         <name>RTC_IRQHandler</name>
         <value>0xc9b</value>
         <object_component_ref idref="oc-33"/>
      </symbol>
      <symbol id="sm-9c">
         <name>DMA_IRQHandler</name>
         <value>0xc9b</value>
         <object_component_ref idref="oc-33"/>
      </symbol>
      <symbol id="sm-ae">
         <name>LCD_Fill</name>
         <value>0x1a6d</value>
         <object_component_ref idref="oc-8d"/>
      </symbol>
      <symbol id="sm-af">
         <name>LCD_ShowChar</name>
         <value>0x166d</value>
         <object_component_ref idref="oc-e0"/>
      </symbol>
      <symbol id="sm-b0">
         <name>ascii_2412</name>
         <value>0x5370</value>
         <object_component_ref idref="oc-11e"/>
      </symbol>
      <symbol id="sm-b1">
         <name>ascii_1608</name>
         <value>0x6540</value>
         <object_component_ref idref="oc-11f"/>
      </symbol>
      <symbol id="sm-b2">
         <name>ascii_1206</name>
         <value>0x6b30</value>
         <object_component_ref idref="oc-120"/>
      </symbol>
      <symbol id="sm-b3">
         <name>ascii_3216</name>
         <value>0x3bb0</value>
         <object_component_ref idref="oc-121"/>
      </symbol>
      <symbol id="sm-b4">
         <name>LCD_ShowString</name>
         <value>0x35dd</value>
         <object_component_ref idref="oc-93"/>
      </symbol>
      <symbol id="sm-b5">
         <name>LCD_ShowIntNum</name>
         <value>0x295d</value>
         <object_component_ref idref="oc-94"/>
      </symbol>
      <symbol id="sm-c7">
         <name>LCD_WR_DATA</name>
         <value>0x2ff9</value>
         <object_component_ref idref="oc-dd"/>
      </symbol>
      <symbol id="sm-c8">
         <name>LCD_Address_Set</name>
         <value>0x1d2d</value>
         <object_component_ref idref="oc-dc"/>
      </symbol>
      <symbol id="sm-c9">
         <name>LCD_Init</name>
         <value>0xc1</value>
         <object_component_ref idref="oc-87"/>
      </symbol>
      <symbol id="sm-db">
         <name>LOG_Debug_Out</name>
         <value>0x2745</value>
         <object_component_ref idref="oc-86"/>
      </symbol>
      <symbol id="sm-dc">
         <name>lc_printf</name>
         <value>0x30d1</value>
         <object_component_ref idref="oc-80"/>
      </symbol>
      <symbol id="sm-dd">
         <name>delay_ms</name>
         <value>0x3b05</value>
         <object_component_ref idref="oc-d9"/>
      </symbol>
      <symbol id="sm-de">
         <name>__TI_ATRegion0_src_addr</name>
         <value>0x0</value>
      </symbol>
      <symbol id="sm-df">
         <name>__TI_ATRegion0_trg_addr</name>
         <value>0x0</value>
      </symbol>
      <symbol id="sm-e0">
         <name>__TI_ATRegion0_region_sz</name>
         <value>0x0</value>
      </symbol>
      <symbol id="sm-e1">
         <name>__TI_ATRegion1_src_addr</name>
         <value>0x0</value>
      </symbol>
      <symbol id="sm-e2">
         <name>__TI_ATRegion1_trg_addr</name>
         <value>0x0</value>
      </symbol>
      <symbol id="sm-e3">
         <name>__TI_ATRegion1_region_sz</name>
         <value>0x0</value>
      </symbol>
      <symbol id="sm-e4">
         <name>__TI_ATRegion2_src_addr</name>
         <value>0x0</value>
      </symbol>
      <symbol id="sm-e5">
         <name>__TI_ATRegion2_trg_addr</name>
         <value>0x0</value>
      </symbol>
      <symbol id="sm-e6">
         <name>__TI_ATRegion2_region_sz</name>
         <value>0x0</value>
      </symbol>
      <symbol id="sm-ef">
         <name>DL_Common_delayCycles</name>
         <value>0x3b4d</value>
         <object_component_ref idref="oc-f6"/>
      </symbol>
      <symbol id="sm-fc">
         <name>DL_SPI_init</name>
         <value>0x36bd</value>
         <object_component_ref idref="oc-112"/>
      </symbol>
      <symbol id="sm-fd">
         <name>DL_SPI_setClockConfig</name>
         <value>0x3acd</value>
         <object_component_ref idref="oc-10c"/>
      </symbol>
      <symbol id="sm-10a">
         <name>DL_UART_init</name>
         <value>0x3675</value>
         <object_component_ref idref="oc-109"/>
      </symbol>
      <symbol id="sm-10b">
         <name>DL_UART_setClockConfig</name>
         <value>0x3adf</value>
         <object_component_ref idref="oc-103"/>
      </symbol>
      <symbol id="sm-11c">
         <name>DL_SYSCTL_configSYSPLL</name>
         <value>0x2b4d</value>
         <object_component_ref idref="oc-100"/>
      </symbol>
      <symbol id="sm-11d">
         <name>DL_SYSCTL_switchMCLKfromSYSOSCtoHSCLK</name>
         <value>0x3701</value>
         <object_component_ref idref="oc-101"/>
      </symbol>
      <symbol id="sm-11e">
         <name>DL_SYSCTL_setHFCLKSourceHFXTParams</name>
         <value>0x31a1</value>
         <object_component_ref idref="oc-fa"/>
      </symbol>
      <symbol id="sm-12f">
         <name>sprintf</name>
         <value>0x38bd</value>
         <object_component_ref idref="oc-d2"/>
      </symbol>
      <symbol id="sm-140">
         <name>vsnprintf</name>
         <value>0x3805</value>
         <object_component_ref idref="oc-ca"/>
      </symbol>
      <symbol id="sm-14b">
         <name>_c_int00_noargs</name>
         <value>0x39d1</value>
         <object_component_ref idref="oc-4f"/>
      </symbol>
      <symbol id="sm-14c">
         <name>__stack</name>
         <value>0x20207e00</value>
         <object_component_ref idref="oc-1a"/>
      </symbol>
      <symbol id="sm-158">
         <name>__TI_auto_init_nobinit_nopinit</name>
         <value>0x3845</value>
         <object_component_ref idref="oc-a7"/>
      </symbol>
      <symbol id="sm-160">
         <name>_system_pre_init</name>
         <value>0x3ba3</value>
         <object_component_ref idref="oc-5f"/>
      </symbol>
      <symbol id="sm-16b">
         <name>__TI_zero_init_nomemset</name>
         <value>0x3a8f</value>
         <object_component_ref idref="oc-46"/>
      </symbol>
      <symbol id="sm-174">
         <name>__TI_decompress_none</name>
         <value>0x3af1</value>
         <object_component_ref idref="oc-20"/>
      </symbol>
      <symbol id="sm-17f">
         <name>__TI_decompress_lzss</name>
         <value>0x2f09</value>
         <object_component_ref idref="oc-1c"/>
      </symbol>
      <symbol id="sm-1c8">
         <name>__TI_printfi</name>
         <value>0xc9d</value>
         <object_component_ref idref="oc-143"/>
      </symbol>
      <symbol id="sm-1d3">
         <name>__aeabi_errno_addr</name>
         <value>0x3b85</value>
         <object_component_ref idref="oc-158"/>
      </symbol>
      <symbol id="sm-1d4">
         <name>__aeabi_errno</name>
         <value>0x20200028</value>
         <object_component_ref idref="oc-178"/>
      </symbol>
      <symbol id="sm-1de">
         <name>abort</name>
         <value>0x3b95</value>
         <object_component_ref idref="oc-a0"/>
      </symbol>
      <symbol id="sm-1e8">
         <name>__TI_ltoa</name>
         <value>0x33e9</value>
         <object_component_ref idref="oc-192"/>
      </symbol>
      <symbol id="sm-1f4">
         <name>atoi</name>
         <value>0x37c5</value>
         <object_component_ref idref="oc-150"/>
      </symbol>
      <symbol id="sm-1fe">
         <name>memccpy</name>
         <value>0x3a1d</value>
         <object_component_ref idref="oc-149"/>
      </symbol>
      <symbol id="sm-209">
         <name>frexp</name>
         <value>0x338d</value>
         <object_component_ref idref="oc-186"/>
      </symbol>
      <symbol id="sm-20a">
         <name>frexpl</name>
         <value>0x338d</value>
         <object_component_ref idref="oc-186"/>
      </symbol>
      <symbol id="sm-214">
         <name>scalbn</name>
         <value>0x2c29</value>
         <object_component_ref idref="oc-18a"/>
      </symbol>
      <symbol id="sm-215">
         <name>ldexp</name>
         <value>0x2c29</value>
         <object_component_ref idref="oc-18a"/>
      </symbol>
      <symbol id="sm-216">
         <name>scalbnl</name>
         <value>0x2c29</value>
         <object_component_ref idref="oc-18a"/>
      </symbol>
      <symbol id="sm-217">
         <name>ldexpl</name>
         <value>0x2c29</value>
         <object_component_ref idref="oc-18a"/>
      </symbol>
      <symbol id="sm-220">
         <name>wcslen</name>
         <value>0x3b15</value>
         <object_component_ref idref="oc-154"/>
      </symbol>
      <symbol id="sm-225">
         <name>__aeabi_ctype_table_</name>
         <value>0x6fb0</value>
         <object_component_ref idref="oc-171"/>
      </symbol>
      <symbol id="sm-226">
         <name>__aeabi_ctype_table_C</name>
         <value>0x6fb0</value>
         <object_component_ref idref="oc-171"/>
      </symbol>
      <symbol id="sm-231">
         <name>HOSTexit</name>
         <value>0x3b9b</value>
         <object_component_ref idref="oc-e5"/>
      </symbol>
      <symbol id="sm-232">
         <name>C$$EXIT</name>
         <value>0x3b9a</value>
         <object_component_ref idref="oc-e5"/>
      </symbol>
      <symbol id="sm-247">
         <name>__aeabi_dadd</name>
         <value>0x235f</value>
         <object_component_ref idref="oc-1af"/>
      </symbol>
      <symbol id="sm-248">
         <name>__adddf3</name>
         <value>0x235f</value>
         <object_component_ref idref="oc-1af"/>
      </symbol>
      <symbol id="sm-249">
         <name>__aeabi_dsub</name>
         <value>0x2355</value>
         <object_component_ref idref="oc-1af"/>
      </symbol>
      <symbol id="sm-24a">
         <name>__subdf3</name>
         <value>0x2355</value>
         <object_component_ref idref="oc-1af"/>
      </symbol>
      <symbol id="sm-253">
         <name>__aeabi_dmul</name>
         <value>0x2a69</value>
         <object_component_ref idref="oc-19b"/>
      </symbol>
      <symbol id="sm-254">
         <name>__muldf3</name>
         <value>0x2a69</value>
         <object_component_ref idref="oc-19b"/>
      </symbol>
      <symbol id="sm-25a">
         <name>__muldsi3</name>
         <value>0x3881</value>
         <object_component_ref idref="oc-17c"/>
      </symbol>
      <symbol id="sm-260">
         <name>__aeabi_ddiv</name>
         <value>0x2851</value>
         <object_component_ref idref="oc-1ab"/>
      </symbol>
      <symbol id="sm-261">
         <name>__divdf3</name>
         <value>0x2851</value>
         <object_component_ref idref="oc-1ab"/>
      </symbol>
      <symbol id="sm-267">
         <name>__aeabi_d2iz</name>
         <value>0x3629</value>
         <object_component_ref idref="oc-18e"/>
      </symbol>
      <symbol id="sm-268">
         <name>__fixdfsi</name>
         <value>0x3629</value>
         <object_component_ref idref="oc-18e"/>
      </symbol>
      <symbol id="sm-26e">
         <name>__aeabi_i2d</name>
         <value>0x3955</value>
         <object_component_ref idref="oc-196"/>
      </symbol>
      <symbol id="sm-26f">
         <name>__floatsidf</name>
         <value>0x3955</value>
         <object_component_ref idref="oc-196"/>
      </symbol>
      <symbol id="sm-275">
         <name>__aeabi_lmul</name>
         <value>0x39f9</value>
         <object_component_ref idref="oc-15d"/>
      </symbol>
      <symbol id="sm-276">
         <name>__muldi3</name>
         <value>0x39f9</value>
         <object_component_ref idref="oc-15d"/>
      </symbol>
      <symbol id="sm-27c">
         <name>__aeabi_dcmpeq</name>
         <value>0x3269</value>
         <object_component_ref idref="oc-167"/>
      </symbol>
      <symbol id="sm-27d">
         <name>__aeabi_dcmplt</name>
         <value>0x327d</value>
         <object_component_ref idref="oc-167"/>
      </symbol>
      <symbol id="sm-27e">
         <name>__aeabi_dcmple</name>
         <value>0x3291</value>
         <object_component_ref idref="oc-167"/>
      </symbol>
      <symbol id="sm-27f">
         <name>__aeabi_dcmpge</name>
         <value>0x32a5</value>
         <object_component_ref idref="oc-167"/>
      </symbol>
      <symbol id="sm-280">
         <name>__aeabi_dcmpgt</name>
         <value>0x32b9</value>
         <object_component_ref idref="oc-167"/>
      </symbol>
      <symbol id="sm-286">
         <name>__aeabi_idiv</name>
         <value>0x3499</value>
         <object_component_ref idref="oc-1c3"/>
      </symbol>
      <symbol id="sm-287">
         <name>__aeabi_idivmod</name>
         <value>0x3499</value>
         <object_component_ref idref="oc-1c3"/>
      </symbol>
      <symbol id="sm-28d">
         <name>__aeabi_memcpy</name>
         <value>0x3b8d</value>
         <object_component_ref idref="oc-3f"/>
      </symbol>
      <symbol id="sm-28e">
         <name>__aeabi_memcpy4</name>
         <value>0x3b8d</value>
         <object_component_ref idref="oc-3f"/>
      </symbol>
      <symbol id="sm-28f">
         <name>__aeabi_memcpy8</name>
         <value>0x3b8d</value>
         <object_component_ref idref="oc-3f"/>
      </symbol>
      <symbol id="sm-298">
         <name>__aeabi_memset</name>
         <value>0x3b25</value>
         <object_component_ref idref="oc-148"/>
      </symbol>
      <symbol id="sm-299">
         <name>__aeabi_memset4</name>
         <value>0x3b25</value>
         <object_component_ref idref="oc-148"/>
      </symbol>
      <symbol id="sm-29a">
         <name>__aeabi_memset8</name>
         <value>0x3b25</value>
         <object_component_ref idref="oc-148"/>
      </symbol>
      <symbol id="sm-29b">
         <name>__aeabi_memclr</name>
         <value>0x3b41</value>
         <object_component_ref idref="oc-5a"/>
      </symbol>
      <symbol id="sm-29c">
         <name>__aeabi_memclr4</name>
         <value>0x3b41</value>
         <object_component_ref idref="oc-5a"/>
      </symbol>
      <symbol id="sm-29d">
         <name>__aeabi_memclr8</name>
         <value>0x3b41</value>
         <object_component_ref idref="oc-5a"/>
      </symbol>
      <symbol id="sm-2a3">
         <name>__aeabi_uidiv</name>
         <value>0x3785</value>
         <object_component_ref idref="oc-e1"/>
      </symbol>
      <symbol id="sm-2a4">
         <name>__aeabi_uidivmod</name>
         <value>0x3785</value>
         <object_component_ref idref="oc-e1"/>
      </symbol>
      <symbol id="sm-2aa">
         <name>__aeabi_uldivmod</name>
         <value>0x3aa5</value>
         <object_component_ref idref="oc-162"/>
      </symbol>
      <symbol id="sm-2b0">
         <name>__udivmoddi4</name>
         <value>0x2dcd</value>
         <object_component_ref idref="oc-181"/>
      </symbol>
      <symbol id="sm-2b6">
         <name>__aeabi_llsl</name>
         <value>0x3a41</value>
         <object_component_ref idref="oc-1b7"/>
      </symbol>
      <symbol id="sm-2b7">
         <name>__ashldi3</name>
         <value>0x3a41</value>
         <object_component_ref idref="oc-1b7"/>
      </symbol>
      <symbol id="sm-2c5">
         <name>__ledf2</name>
         <value>0x3069</value>
         <object_component_ref idref="oc-1a3"/>
      </symbol>
      <symbol id="sm-2c6">
         <name>__gedf2</name>
         <value>0x2f85</value>
         <object_component_ref idref="oc-1a9"/>
      </symbol>
      <symbol id="sm-2c7">
         <name>__cmpdf2</name>
         <value>0x3069</value>
         <object_component_ref idref="oc-1a3"/>
      </symbol>
      <symbol id="sm-2c8">
         <name>__eqdf2</name>
         <value>0x3069</value>
         <object_component_ref idref="oc-1a3"/>
      </symbol>
      <symbol id="sm-2c9">
         <name>__ltdf2</name>
         <value>0x3069</value>
         <object_component_ref idref="oc-1a3"/>
      </symbol>
      <symbol id="sm-2ca">
         <name>__nedf2</name>
         <value>0x3069</value>
         <object_component_ref idref="oc-1a3"/>
      </symbol>
      <symbol id="sm-2cb">
         <name>__gtdf2</name>
         <value>0x2f85</value>
         <object_component_ref idref="oc-1a9"/>
      </symbol>
      <symbol id="sm-2d7">
         <name>__aeabi_idiv0</name>
         <value>0x24e7</value>
         <object_component_ref idref="oc-122"/>
      </symbol>
      <symbol id="sm-2d8">
         <name>__aeabi_ldiv0</name>
         <value>0x2a67</value>
         <object_component_ref idref="oc-1b6"/>
      </symbol>
      <symbol id="sm-2f2">
         <name>memcpy</name>
         <value>0x2e6f</value>
         <object_component_ref idref="oc-76"/>
      </symbol>
      <symbol id="sm-301">
         <name>memset</name>
         <value>0x32cb</value>
         <object_component_ref idref="oc-bf"/>
      </symbol>
      <symbol id="sm-302">
         <name>__TI_static_base__</name>
         <value>0x0</value>
      </symbol>
      <symbol id="sm-306">
         <name>__mpu_init</name>
         <value>0x0</value>
      </symbol>
      <symbol id="sm-307">
         <name>_system_post_cinit</name>
         <value>0x0</value>
      </symbol>
   </symbol_table>
   <title>Link successful</title>
</link_info>
