******************************************************************************
            TI ARM Clang Linker PC v4.0.2                      
******************************************************************************
>> Linked Wed Jul 23 14:39:07 2025

OUTPUT FILE NAME:   <TMX_MSPM0G3507_ProjectTemplate.out>
ENTRY POINT SYMBOL: "_c_int00_noargs"  address: 000039d1


MEMORY CONFIGURATION

         name            origin    length      used     unused   attr    fill
----------------------  --------  ---------  --------  --------  ----  --------
  FLASH                 00000000   00020000  00007198  00018e68  R  X
  SRAM                  20200000   00008000  0000022c  00007dd4  RW X
  BCR_CONFIG            41c00000   000000ff  00000000  000000ff  R   
  BSL_CONFIG            41c00100   00000080  00000000  00000080  R   


SEGMENT ALLOCATION MAP

run origin  load origin   length   init length attrs members
----------  ----------- ---------- ----------- ----- -------
00000000    00000000    00003ba8   00003ba8    r-x
  00000000    00000000    000000c0   000000c0    r-- .intvecs
  000000c0    000000c0    00003ae8   00003ae8    r-x .text
00003bb0    00003bb0    000035f0   000035f0    r--
  00003bb0    00003bb0    000035c0   000035c0    r-- .rodata
  00007170    00007170    00000030   00000030    r-- .cinit
20200000    20200000    0000002c   00000000    rw-
  20200000    20200000    00000028   00000000    rw- .bss
  20200028    20200028    00000004   00000000    rw- .data
20207e00    20207e00    00000200   00000000    rw-
  20207e00    20207e00    00000200   00000000    rw- .stack


SECTION ALLOCATION MAP

 output                                  attributes/
section   page    origin      length       input sections
--------  ----  ----------  ----------   ----------------
.intvecs   0    00000000    000000c0     
                  00000000    000000c0     startup_mspm0g350x_ticlang.o (.intvecs)

.text      0    000000c0    00003ae8     
                  000000c0    00000bda     lcd_init.o (.text.LCD_Init)
                  00000c9a    00000002     startup_mspm0g350x_ticlang.o (.text.Default_Handler)
                  00000c9c    000009d0     libc.a : _printfi.c.obj (.text:__TI_printfi)
                  0000166c    00000400     lcd.o (.text.LCD_ShowChar)
                  00001a6c    000002c0     lcd.o (.text.LCD_Fill)
                  00001d2c    0000022c     lcd_init.o (.text.LCD_Address_Set)
                  00001f58    00000220     libc.a : _printfi.c.obj (.text._pconv_a)
                  00002178    000001dc            : _printfi.c.obj (.text._pconv_g)
                  00002354    00000192     libclang_rt.builtins.a : adddf3.S.obj (.text.adddf3_subdf3)
                  000024e6    00000002                            : aeabi_div0.c.obj (.text.__aeabi_idiv0)
                  000024e8    0000013c     libc.a : _printfi.c.obj (.text.fcvt)
                  00002624    00000120            : _printfi.c.obj (.text._pconv_e)
                  00002744    0000010c     board.o (.text.LOG_Debug_Out)
                  00002850    0000010c     libclang_rt.builtins.a : divdf3.S.obj (.text.__divdf3)
                  0000295c    0000010a     lcd.o (.text.LCD_ShowIntNum)
                  00002a66    00000002     libclang_rt.builtins.a : aeabi_div0.c.obj (.text.__aeabi_ldiv0)
                  00002a68    000000e4                            : muldf3.S.obj (.text.__muldf3)
                  00002b4c    000000dc     driverlib.a : dl_sysctl_mspm0g1x0x_g3x0x.o (.text.DL_SYSCTL_configSYSPLL)
                  00002c28    000000d8     libc.a : s_scalbn.c.obj (.text.scalbn)
                  00002d00    000000cc     empty.o (.text.main)
                  00002dcc    000000a2     libclang_rt.builtins.a : udivmoddi4.S.obj (.text)
                  00002e6e    0000009a     libc.a : memcpy16.S.obj (.text:memcpy)
                  00002f08    0000007c            : copy_decompress_lzss.c.obj (.text:decompress:lzss)
                  00002f84    00000074     libclang_rt.builtins.a : comparedf2.c.obj (.text.__gedf2)
                  00002ff8    00000070     lcd_init.o (.text.LCD_WR_DATA)
                  00003068    00000068     libclang_rt.builtins.a : comparedf2.c.obj (.text.__ledf2)
                  000030d0    00000068     board.o (.text.lc_printf)
                  00003138    00000066     libc.a : _printfi.c.obj (.text._mcpy)
                  0000319e    00000002     --HOLE-- [fill = 0]
                  000031a0    00000064     driverlib.a : dl_sysctl_mspm0g1x0x_g3x0x.o (.text.DL_SYSCTL_setHFCLKSourceHFXTParams)
                  00003204    00000064     ti_msp_dl_config.o (.text.SYSCFG_DL_SYSCTL_init)
                  00003268    00000062     libclang_rt.builtins.a : aeabi_dcmp.S.obj (.text.__aeabi_dcmp)
                  000032ca    00000062     libc.a : memset16.S.obj (.text:memset)
                  0000332c    00000060     ti_msp_dl_config.o (.text.SYSCFG_DL_UART_0_init)
                  0000338c    0000005c     libc.a : s_frexp.c.obj (.text.frexp)
                  000033e8    00000058            : _ltoa.c.obj (.text.__TI_ltoa)
                  00003440    00000058            : _printfi.c.obj (.text._pconv_f)
                  00003498    00000056     libclang_rt.builtins.a : aeabi_idivmod.S.obj (.text.__aeabi_idivmod)
                  000034ee    00000052     libc.a : _printfi.c.obj (.text._ecpy)
                  00003540    00000050     ti_msp_dl_config.o (.text.SYSCFG_DL_GPIO_init)
                  00003590    0000004c     ti_msp_dl_config.o (.text.SYSCFG_DL_SPI_LCD_init)
                  000035dc    0000004a     lcd.o (.text.LCD_ShowString)
                  00003626    00000002     --HOLE-- [fill = 0]
                  00003628    0000004a     libclang_rt.builtins.a : fixdfsi.S.obj (.text.__fixdfsi)
                  00003672    00000002     --HOLE-- [fill = 0]
                  00003674    00000048     driverlib.a : dl_uart.o (.text.DL_UART_init)
                  000036bc    00000044                 : dl_spi.o (.text.DL_SPI_init)
                  00003700    00000044                 : dl_sysctl_mspm0g1x0x_g3x0x.o (.text.DL_SYSCTL_switchMCLKfromSYSOSCtoHSCLK)
                  00003744    00000040     ti_msp_dl_config.o (.text.SYSCFG_DL_initPower)
                  00003784    00000040     libclang_rt.builtins.a : aeabi_uidivmod.S.obj (.text.__aeabi_uidivmod)
                  000037c4    00000040     libc.a : atoi.c.obj (.text.atoi)
                  00003804    00000040            : vsnprintf.c.obj (.text.vsnprintf)
                  00003844    0000003c            : autoinit.c.obj (.text:__TI_auto_init_nobinit_nopinit)
                  00003880    0000003a     libclang_rt.builtins.a : muldsi3.S.obj (.text.__muldsi3)
                  000038ba    00000002     --HOLE-- [fill = 0]
                  000038bc    00000038     libc.a : sprintf.c.obj (.text.sprintf)
                  000038f4    00000030            : _printfi.c.obj (.text._fcpy)
                  00003924    00000030            : vsnprintf.c.obj (.text._outs)
                  00003954    0000002c     libclang_rt.builtins.a : floatsidf.S.obj (.text.__floatsidf)
                  00003980    00000028     ti_msp_dl_config.o (.text.SYSCFG_DL_SYSCTL_CLK_init)
                  000039a8    00000028     ti_msp_dl_config.o (.text.SYSCFG_DL_init)
                  000039d0    00000028     libc.a : boot_cortex_m.c.obj (.text:_c_int00_noargs)
                  000039f8    00000024     libclang_rt.builtins.a : muldi3.S.obj (.text.__muldi3)
                  00003a1c    00000022     libc.a : memccpy.c.obj (.text.memccpy)
                  00003a3e    00000002     --HOLE-- [fill = 0]
                  00003a40    0000001e     libclang_rt.builtins.a : ashldi3.S.obj (.text.__ashldi3)
                  00003a5e    00000018     libc.a : vsnprintf.c.obj (.text._outc)
                  00003a76    00000018            : sprintf.c.obj (.text._outs)
                  00003a8e    00000016            : copy_zero_init.c.obj (.text:decompress:ZI:__TI_zero_init_nomemset)
                  00003aa4    00000014     libclang_rt.builtins.a : aeabi_uldivmod.S.obj (.text.__aeabi_uldivmod)
                  00003ab8    00000014     libc.a : _printfi.c.obj (.text.strchr)
                  00003acc    00000012     driverlib.a : dl_spi.o (.text.DL_SPI_setClockConfig)
                  00003ade    00000012                 : dl_uart.o (.text.DL_UART_setClockConfig)
                  00003af0    00000012     libc.a : copy_decompress_none.c.obj (.text:decompress:none)
                  00003b02    00000002     --HOLE-- [fill = 0]
                  00003b04    00000010     board.o (.text.delay_ms)
                  00003b14    00000010     libc.a : wcslen.c.obj (.text.wcslen)
                  00003b24    0000000e     libclang_rt.builtins.a : aeabi_memset.S.obj (.text.__aeabi_memset)
                  00003b32    0000000e     libc.a : _printfi.c.obj (.text.strlen)
                  00003b40    0000000c     libclang_rt.builtins.a : aeabi_memset.S.obj (.text.__aeabi_memclr)
                  00003b4c    0000000a     driverlib.a : dl_common.o (.text.DL_Common_delayCycles)
                  00003b56    0000000a     libc.a : _printfi.c.obj (.text.OUTLINED_FUNCTION_0)
                  00003b60    00000010     libclang_rt.builtins.a : adddf3.S.obj (.tramp.__aeabi_dsub.1)
                  00003b70    0000000a     libc.a : _printfi.c.obj (.text.OUTLINED_FUNCTION_1)
                  00003b7a    0000000a            : sprintf.c.obj (.text._outc)
                  00003b84    00000008            : aeabi_portable.c.obj (.text.__aeabi_errno_addr)
                  00003b8c    00000008     libclang_rt.builtins.a : aeabi_memcpy.S.obj (.text.__aeabi_memcpy)
                  00003b94    00000006     libc.a : exit.c.obj (.text:abort)
                  00003b9a    00000004     libsysbm.a : hostexit.c.obj (.text.HOSTexit)
                  00003b9e    00000004     startup_mspm0g350x_ticlang.o (.text.Reset_Handler)
                  00003ba2    00000004     libc.a : pre_init.c.obj (.text._system_pre_init)
                  00003ba6    00000002     --HOLE-- [fill = 0]

.cinit     0    00007170    00000030     
                  00007170    0000000c     (__TI_handler_table)
                  0000717c    00000008     (.cinit..bss.load) [load image, compression = zero_init]
                  00007184    00000007     (.cinit..data.load) [load image, compression = lzss]
                  0000718b    00000001     --HOLE-- [fill = 0]
                  0000718c    00000010     (__TI_cinit_table)
                  0000719c    00000004     --HOLE-- [fill = 0]

.rodata    0    00003bb0    000035c0     
                  00003bb0    000017c0     lcd.o (.rodata.ascii_3216)
                  00005370    000011d0     lcd.o (.rodata.ascii_2412)
                  00006540    000005f0     lcd.o (.rodata.ascii_1608)
                  00006b30    00000474     lcd.o (.rodata.ascii_1206)
                  00006fa4    0000000b     empty.o (.rodata.str1.14685083708502177989.1)
                  00006faf    00000001     --HOLE-- [fill = 0]
                  00006fb0    00000101     libc.a : aeabi_ctype.S.obj (.rodata:__aeabi_ctype_table_)
                  000070b1    00000002     ti_msp_dl_config.o (.rodata.gSPI_LCD_clockConfig)
                  000070b3    00000001     --HOLE-- [fill = 0]
                  000070b4    00000028     ti_msp_dl_config.o (.rodata.gSYSPLLConfig)
                  000070dc    00000016     board.o (.rodata.str1.9453984286452795027.1)
                  000070f2    00000015     empty.o (.rodata.str1.17669528882079347314.1)
                  00007107    00000011     libc.a : _printfi.c.obj (.rodata.str1.10348868589481759720.1)
                  00007118    00000011            : _printfi.c.obj (.rodata.str1.15363888844622738466.1)
                  00007129    0000000b     empty.o (.rodata.str1.9517790425240694019.1)
                  00007134    0000000a     ti_msp_dl_config.o (.rodata.gSPI_LCD_config)
                  0000713e    0000000a     ti_msp_dl_config.o (.rodata.gUART_0Config)
                  00007148    00000007     empty.o (.rodata.str1.16704889451495720520.1)
                  0000714f    00000007     empty.o (.rodata.str1.7401042497206923953.1)
                  00007156    00000006     empty.o (.rodata.str1.11898133897667081452.1)
                  0000715c    00000006     empty.o (.rodata.str1.254342170260855183.1)
                  00007162    00000005     empty.o (.rodata.str1.17791177201879447952.1)
                  00007167    00000002     ti_msp_dl_config.o (.rodata.gUART_0ClockConfig)
                  00007169    00000007     --HOLE-- [fill = 0]

.init_array 
*          0    00000000    00000000     UNINITIALIZED

.binit     0    00000000    00000000     

.bss       0    20200000    00000028     UNINITIALIZED
                  20200000    00000028     (.common:gSPI_LCDBackup)

.data      0    20200028    00000004     UNINITIALIZED
                  20200028    00000004     libc.a : aeabi_portable.c.obj (.data.__aeabi_errno)

.stack     0    20207e00    00000200     UNINITIALIZED
                  20207e00    00000004     libc.a : boot_cortex_m.c.obj (.stack)
                  20207e04    000001fc     --HOLE--

__llvm_prf_cnts 
*          0    20200000    00000000     UNINITIALIZED

__llvm_prf_bits 
*          0    20200000    00000000     UNINITIALIZED

MODULE SUMMARY

       Module                         code    ro data   rw data
       ------                         ----    -------   -------
    .\
       ti_msp_dl_config.o             496     64        40     
       empty.o                        204     74        0      
       startup_mspm0g350x_ticlang.o   6       192       0      
    +--+------------------------------+-------+---------+---------+
       Total:                         706     330       40     
                                                               
    .\BSP\LCD\
       lcd.o                          2068    13300     0      
       lcd_init.o                     3702    0         0      
    +--+------------------------------+-------+---------+---------+
       Total:                         5770    13300     0      
                                                               
    .\Board\
       board.o                        388     22        0      
    +--+------------------------------+-------+---------+---------+
       Total:                         388     22        0      
                                                               
    C:/ti/mspm0_sdk_2_04_00_06/source/ti/driverlib/lib/ticlang/m0p/mspm0g1x0x_g3x0x/driverlib.a
       dl_sysctl_mspm0g1x0x_g3x0x.o   388     0         0      
       dl_uart.o                      90      0         0      
       dl_spi.o                       86      0         0      
       dl_common.o                    10      0         0      
    +--+------------------------------+-------+---------+---------+
       Total:                         574     0         0      
                                                               
    C:\ti\ccs2010\ccs\tools\compiler\ti-cgt-armllvm_4.0.2.LTS\lib\armv6m-ti-none-eabi/c/libc.a
       _printfi.c.obj                 4510    34        0      
       aeabi_ctype.S.obj              0       257       0      
       s_scalbn.c.obj                 216     0         0      
       memcpy16.S.obj                 154     0         0      
       vsnprintf.c.obj                136     0         0      
       copy_decompress_lzss.c.obj     124     0         0      
       memset16.S.obj                 98      0         0      
       s_frexp.c.obj                  92      0         0      
       sprintf.c.obj                  90      0         0      
       _ltoa.c.obj                    88      0         0      
       atoi.c.obj                     64      0         0      
       autoinit.c.obj                 60      0         0      
       boot_cortex_m.c.obj            40      0         0      
       memccpy.c.obj                  34      0         0      
       copy_zero_init.c.obj           22      0         0      
       copy_decompress_none.c.obj     18      0         0      
       wcslen.c.obj                   16      0         0      
       aeabi_portable.c.obj           8       0         4      
       exit.c.obj                     6       0         0      
       pre_init.c.obj                 4       0         0      
    +--+------------------------------+-------+---------+---------+
       Total:                         5780    291       4      
                                                               
    C:\ti\ccs2010\ccs\tools\compiler\ti-cgt-armllvm_4.0.2.LTS\lib\armv6m-ti-none-eabi/c/libsysbm.a
       hostexit.c.obj                 4       0         0      
    +--+------------------------------+-------+---------+---------+
       Total:                         4       0         0      
                                                               
    C:\ti\ccs2010\ccs\tools\compiler\ti-cgt-armllvm_4.0.2.LTS\lib\armv6m-ti-none-eabi/libclang_rt.builtins.a
       adddf3.S.obj                   418     0         0      
       divdf3.S.obj                   268     0         0      
       muldf3.S.obj                   228     0         0      
       comparedf2.c.obj               220     0         0      
       udivmoddi4.S.obj               162     0         0      
       aeabi_dcmp.S.obj               98      0         0      
       aeabi_idivmod.S.obj            86      0         0      
       fixdfsi.S.obj                  74      0         0      
       aeabi_uidivmod.S.obj           64      0         0      
       muldsi3.S.obj                  58      0         0      
       floatsidf.S.obj                44      0         0      
       muldi3.S.obj                   36      0         0      
       ashldi3.S.obj                  30      0         0      
       aeabi_memset.S.obj             26      0         0      
       aeabi_uldivmod.S.obj           20      0         0      
       aeabi_memcpy.S.obj             8       0         0      
       aeabi_div0.c.obj               4       0         0      
    +--+------------------------------+-------+---------+---------+
       Total:                         1844    0         0      
                                                               
       Stack:                         0       0         512    
       Linker Generated:              0       43        0      
    +--+------------------------------+-------+---------+---------+
       Grand Total:                   15066   13986     556    


LINKER GENERATED COPY TABLES

__TI_cinit_table @ 0000718c records: 2, size/record: 8, table size: 16
	.bss: load addr=0000717c, load size=00000008 bytes, run addr=20200000, run size=00000028 bytes, compression=zero_init
	.data: load addr=00007184, load size=00000007 bytes, run addr=20200028, run size=00000004 bytes, compression=lzss


LINKER GENERATED HANDLER TABLE

__TI_handler_table @ 00007170 records: 3, size/record: 4, table size: 12
	index: 0, handler: __TI_decompress_lzss
	index: 1, handler: __TI_decompress_none
	index: 2, handler: __TI_zero_init


FAR CALL TRAMPOLINES

callee name               trampoline name
   callee addr  tramp addr   call addr  call info
--------------  -----------  ---------  ----------------
__aeabi_dsub              $Tramp$TT$L$PI$$__aeabi_dsub
   00002355     00003b60     00003b5e   libc.a : _printfi.c.obj (.text.OUTLINED_FUNCTION_0)

[1 trampolines]
[1 trampoline calls]


GLOBAL SYMBOLS: SORTED ALPHABETICALLY BY Name 

address   name                                 
-------   ----                                 
00000c9b  ADC0_IRQHandler                      
00000c9b  ADC1_IRQHandler                      
00000c9b  AES_IRQHandler                       
00003b9a  C$$EXIT                              
00000c9b  CANFD0_IRQHandler                    
00000c9b  DAC0_IRQHandler                      
00003b4d  DL_Common_delayCycles                
000036bd  DL_SPI_init                          
00003acd  DL_SPI_setClockConfig                
00002b4d  DL_SYSCTL_configSYSPLL               
000031a1  DL_SYSCTL_setHFCLKSourceHFXTParams   
00003701  DL_SYSCTL_switchMCLKfromSYSOSCtoHSCLK
00003675  DL_UART_init                         
00003adf  DL_UART_setClockConfig               
00000c9b  DMA_IRQHandler                       
00000c9b  Default_Handler                      
00000c9b  GROUP0_IRQHandler                    
00000c9b  GROUP1_IRQHandler                    
00003b9b  HOSTexit                             
00000c9b  HardFault_Handler                    
00000c9b  I2C0_IRQHandler                      
00000c9b  I2C1_IRQHandler                      
00001d2d  LCD_Address_Set                      
00001a6d  LCD_Fill                             
000000c1  LCD_Init                             
0000166d  LCD_ShowChar                         
0000295d  LCD_ShowIntNum                       
000035dd  LCD_ShowString                       
00002ff9  LCD_WR_DATA                          
00002745  LOG_Debug_Out                        
00000c9b  NMI_Handler                          
00000c9b  PendSV_Handler                       
00000c9b  RTC_IRQHandler                       
00003b9f  Reset_Handler                        
00000c9b  SPI0_IRQHandler                      
00000c9b  SPI1_IRQHandler                      
00000c9b  SVC_Handler                          
00003541  SYSCFG_DL_GPIO_init                  
00003591  SYSCFG_DL_SPI_LCD_init               
00003981  SYSCFG_DL_SYSCTL_CLK_init            
00003205  SYSCFG_DL_SYSCTL_init                
0000332d  SYSCFG_DL_UART_0_init                
000039a9  SYSCFG_DL_init                       
00003745  SYSCFG_DL_initPower                  
00000c9b  SysTick_Handler                      
00000c9b  TIMA0_IRQHandler                     
00000c9b  TIMA1_IRQHandler                     
00000c9b  TIMG0_IRQHandler                     
00000c9b  TIMG12_IRQHandler                    
00000c9b  TIMG6_IRQHandler                     
00000c9b  TIMG7_IRQHandler                     
00000c9b  TIMG8_IRQHandler                     
00000c9b  UART0_IRQHandler                     
00000c9b  UART1_IRQHandler                     
00000c9b  UART2_IRQHandler                     
00000c9b  UART3_IRQHandler                     
20208000  __STACK_END                          
00000200  __STACK_SIZE                         
00000000  __TI_ATRegion0_region_sz             
00000000  __TI_ATRegion0_src_addr              
00000000  __TI_ATRegion0_trg_addr              
00000000  __TI_ATRegion1_region_sz             
00000000  __TI_ATRegion1_src_addr              
00000000  __TI_ATRegion1_trg_addr              
00000000  __TI_ATRegion2_region_sz             
00000000  __TI_ATRegion2_src_addr              
00000000  __TI_ATRegion2_trg_addr              
0000718c  __TI_CINIT_Base                      
0000719c  __TI_CINIT_Limit                     
0000719c  __TI_CINIT_Warm                      
00007170  __TI_Handler_Table_Base              
0000717c  __TI_Handler_Table_Limit             
00003845  __TI_auto_init_nobinit_nopinit       
00002f09  __TI_decompress_lzss                 
00003af1  __TI_decompress_none                 
000033e9  __TI_ltoa                            
ffffffff  __TI_pprof_out_hndl                  
00000c9d  __TI_printfi                         
ffffffff  __TI_prof_data_size                  
ffffffff  __TI_prof_data_start                 
00000000  __TI_static_base__                   
00003a8f  __TI_zero_init_nomemset              
0000235f  __adddf3                             
00006fb0  __aeabi_ctype_table_                 
00006fb0  __aeabi_ctype_table_C                
00003629  __aeabi_d2iz                         
0000235f  __aeabi_dadd                         
00003269  __aeabi_dcmpeq                       
000032a5  __aeabi_dcmpge                       
000032b9  __aeabi_dcmpgt                       
00003291  __aeabi_dcmple                       
0000327d  __aeabi_dcmplt                       
00002851  __aeabi_ddiv                         
00002a69  __aeabi_dmul                         
00002355  __aeabi_dsub                         
20200028  __aeabi_errno                        
00003b85  __aeabi_errno_addr                   
00003955  __aeabi_i2d                          
00003499  __aeabi_idiv                         
000024e7  __aeabi_idiv0                        
00003499  __aeabi_idivmod                      
00002a67  __aeabi_ldiv0                        
00003a41  __aeabi_llsl                         
000039f9  __aeabi_lmul                         
00003b41  __aeabi_memclr                       
00003b41  __aeabi_memclr4                      
00003b41  __aeabi_memclr8                      
00003b8d  __aeabi_memcpy                       
00003b8d  __aeabi_memcpy4                      
00003b8d  __aeabi_memcpy8                      
00003b25  __aeabi_memset                       
00003b25  __aeabi_memset4                      
00003b25  __aeabi_memset8                      
00003785  __aeabi_uidiv                        
00003785  __aeabi_uidivmod                     
00003aa5  __aeabi_uldivmod                     
00003a41  __ashldi3                            
ffffffff  __binit__                            
00003069  __cmpdf2                             
00002851  __divdf3                             
00003069  __eqdf2                              
00003629  __fixdfsi                            
00003955  __floatsidf                          
00002f85  __gedf2                              
00002f85  __gtdf2                              
00003069  __ledf2                              
00003069  __ltdf2                              
UNDEFED   __mpu_init                           
00002a69  __muldf3                             
000039f9  __muldi3                             
00003881  __muldsi3                            
00003069  __nedf2                              
20207e00  __stack                              
20200000  __start___llvm_prf_bits              
20200000  __start___llvm_prf_cnts              
20200000  __stop___llvm_prf_bits               
20200000  __stop___llvm_prf_cnts               
00002355  __subdf3                             
00002dcd  __udivmoddi4                         
000039d1  _c_int00_noargs                      
UNDEFED   _system_post_cinit                   
00003ba3  _system_pre_init                     
00003b95  abort                                
00006b30  ascii_1206                           
00006540  ascii_1608                           
00005370  ascii_2412                           
00003bb0  ascii_3216                           
000037c5  atoi                                 
ffffffff  binit                                
00003b05  delay_ms                             
0000338d  frexp                                
0000338d  frexpl                               
20200000  gSPI_LCDBackup                       
00000000  interruptVectors                     
000030d1  lc_printf                            
00002c29  ldexp                                
00002c29  ldexpl                               
00002d01  main                                 
00003a1d  memccpy                              
00002e6f  memcpy                               
000032cb  memset                               
00002c29  scalbn                               
00002c29  scalbnl                              
000038bd  sprintf                              
00003805  vsnprintf                            
00003b15  wcslen                               


GLOBAL SYMBOLS: SORTED BY Symbol Address 

address   name                                 
-------   ----                                 
00000000  __TI_ATRegion0_region_sz             
00000000  __TI_ATRegion0_src_addr              
00000000  __TI_ATRegion0_trg_addr              
00000000  __TI_ATRegion1_region_sz             
00000000  __TI_ATRegion1_src_addr              
00000000  __TI_ATRegion1_trg_addr              
00000000  __TI_ATRegion2_region_sz             
00000000  __TI_ATRegion2_src_addr              
00000000  __TI_ATRegion2_trg_addr              
00000000  __TI_static_base__                   
00000000  interruptVectors                     
000000c1  LCD_Init                             
00000200  __STACK_SIZE                         
00000c9b  ADC0_IRQHandler                      
00000c9b  ADC1_IRQHandler                      
00000c9b  AES_IRQHandler                       
00000c9b  CANFD0_IRQHandler                    
00000c9b  DAC0_IRQHandler                      
00000c9b  DMA_IRQHandler                       
00000c9b  Default_Handler                      
00000c9b  GROUP0_IRQHandler                    
00000c9b  GROUP1_IRQHandler                    
00000c9b  HardFault_Handler                    
00000c9b  I2C0_IRQHandler                      
00000c9b  I2C1_IRQHandler                      
00000c9b  NMI_Handler                          
00000c9b  PendSV_Handler                       
00000c9b  RTC_IRQHandler                       
00000c9b  SPI0_IRQHandler                      
00000c9b  SPI1_IRQHandler                      
00000c9b  SVC_Handler                          
00000c9b  SysTick_Handler                      
00000c9b  TIMA0_IRQHandler                     
00000c9b  TIMA1_IRQHandler                     
00000c9b  TIMG0_IRQHandler                     
00000c9b  TIMG12_IRQHandler                    
00000c9b  TIMG6_IRQHandler                     
00000c9b  TIMG7_IRQHandler                     
00000c9b  TIMG8_IRQHandler                     
00000c9b  UART0_IRQHandler                     
00000c9b  UART1_IRQHandler                     
00000c9b  UART2_IRQHandler                     
00000c9b  UART3_IRQHandler                     
00000c9d  __TI_printfi                         
0000166d  LCD_ShowChar                         
00001a6d  LCD_Fill                             
00001d2d  LCD_Address_Set                      
00002355  __aeabi_dsub                         
00002355  __subdf3                             
0000235f  __adddf3                             
0000235f  __aeabi_dadd                         
000024e7  __aeabi_idiv0                        
00002745  LOG_Debug_Out                        
00002851  __aeabi_ddiv                         
00002851  __divdf3                             
0000295d  LCD_ShowIntNum                       
00002a67  __aeabi_ldiv0                        
00002a69  __aeabi_dmul                         
00002a69  __muldf3                             
00002b4d  DL_SYSCTL_configSYSPLL               
00002c29  ldexp                                
00002c29  ldexpl                               
00002c29  scalbn                               
00002c29  scalbnl                              
00002d01  main                                 
00002dcd  __udivmoddi4                         
00002e6f  memcpy                               
00002f09  __TI_decompress_lzss                 
00002f85  __gedf2                              
00002f85  __gtdf2                              
00002ff9  LCD_WR_DATA                          
00003069  __cmpdf2                             
00003069  __eqdf2                              
00003069  __ledf2                              
00003069  __ltdf2                              
00003069  __nedf2                              
000030d1  lc_printf                            
000031a1  DL_SYSCTL_setHFCLKSourceHFXTParams   
00003205  SYSCFG_DL_SYSCTL_init                
00003269  __aeabi_dcmpeq                       
0000327d  __aeabi_dcmplt                       
00003291  __aeabi_dcmple                       
000032a5  __aeabi_dcmpge                       
000032b9  __aeabi_dcmpgt                       
000032cb  memset                               
0000332d  SYSCFG_DL_UART_0_init                
0000338d  frexp                                
0000338d  frexpl                               
000033e9  __TI_ltoa                            
00003499  __aeabi_idiv                         
00003499  __aeabi_idivmod                      
00003541  SYSCFG_DL_GPIO_init                  
00003591  SYSCFG_DL_SPI_LCD_init               
000035dd  LCD_ShowString                       
00003629  __aeabi_d2iz                         
00003629  __fixdfsi                            
00003675  DL_UART_init                         
000036bd  DL_SPI_init                          
00003701  DL_SYSCTL_switchMCLKfromSYSOSCtoHSCLK
00003745  SYSCFG_DL_initPower                  
00003785  __aeabi_uidiv                        
00003785  __aeabi_uidivmod                     
000037c5  atoi                                 
00003805  vsnprintf                            
00003845  __TI_auto_init_nobinit_nopinit       
00003881  __muldsi3                            
000038bd  sprintf                              
00003955  __aeabi_i2d                          
00003955  __floatsidf                          
00003981  SYSCFG_DL_SYSCTL_CLK_init            
000039a9  SYSCFG_DL_init                       
000039d1  _c_int00_noargs                      
000039f9  __aeabi_lmul                         
000039f9  __muldi3                             
00003a1d  memccpy                              
00003a41  __aeabi_llsl                         
00003a41  __ashldi3                            
00003a8f  __TI_zero_init_nomemset              
00003aa5  __aeabi_uldivmod                     
00003acd  DL_SPI_setClockConfig                
00003adf  DL_UART_setClockConfig               
00003af1  __TI_decompress_none                 
00003b05  delay_ms                             
00003b15  wcslen                               
00003b25  __aeabi_memset                       
00003b25  __aeabi_memset4                      
00003b25  __aeabi_memset8                      
00003b41  __aeabi_memclr                       
00003b41  __aeabi_memclr4                      
00003b41  __aeabi_memclr8                      
00003b4d  DL_Common_delayCycles                
00003b85  __aeabi_errno_addr                   
00003b8d  __aeabi_memcpy                       
00003b8d  __aeabi_memcpy4                      
00003b8d  __aeabi_memcpy8                      
00003b95  abort                                
00003b9a  C$$EXIT                              
00003b9b  HOSTexit                             
00003b9f  Reset_Handler                        
00003ba3  _system_pre_init                     
00003bb0  ascii_3216                           
00005370  ascii_2412                           
00006540  ascii_1608                           
00006b30  ascii_1206                           
00006fb0  __aeabi_ctype_table_                 
00006fb0  __aeabi_ctype_table_C                
00007170  __TI_Handler_Table_Base              
0000717c  __TI_Handler_Table_Limit             
0000718c  __TI_CINIT_Base                      
0000719c  __TI_CINIT_Limit                     
0000719c  __TI_CINIT_Warm                      
20200000  __start___llvm_prf_bits              
20200000  __start___llvm_prf_cnts              
20200000  __stop___llvm_prf_bits               
20200000  __stop___llvm_prf_cnts               
20200000  gSPI_LCDBackup                       
20200028  __aeabi_errno                        
20207e00  __stack                              
20208000  __STACK_END                          
ffffffff  __TI_pprof_out_hndl                  
ffffffff  __TI_prof_data_size                  
ffffffff  __TI_prof_data_start                 
ffffffff  __binit__                            
ffffffff  binit                                
UNDEFED   __mpu_init                           
UNDEFED   _system_post_cinit                   

[166 symbols]
